08-30 17:32:04.283 11750 11772 I BugleRcsProvisioning: RcsAvailabilityUpdaterLocal: RcsAvailability subscription{id:3}, simId: redacted-pii:sim_id[chars:20,last3:470], sipConnectionType: DUAL_REG, isRcsAvailable: true
08-30 17:32:04.283 11750 11772 I BugleRcsProvisioning: RcsAvailabilityUpdaterLocal: updateRcsAvailability, currentAvailability: 1, newAvailability: 7, hint: NO_HINT
08-30 17:32:04.284 11750 11795 I RcsClientLib: Connecting ChatSessionService
08-30 17:32:04.285 11750 11797 I BugleTransport: isChatAvailable: RcsAvailability is AVAILABLE (RCS is setup)
08-30 17:32:04.286 11750 11782 I Bugle   : CountryCodeDetector: updateMainDeviceCountry from default subscription network country. detected country: ca
08-30 17:32:04.286 11750 11795 I RcsClientLib: shouldUseCarrierServicesJibeService: true, CarrierServices rcs service found: true
08-30 17:32:04.288 11750 11795 I RcsClientLib: Connecting EventService
08-30 17:32:04.288 11750 11750 I RcsClientLib: com.google.android.rcs.client.chatsession.ChatSessionService connected
08-30 17:32:04.288 11750 11750 I BugleRcs: com.google.android.rcs.client.chatsession.ChatSessionService RCS service connected
08-30 17:32:04.291 11750 11795 I RcsClientLib: shouldUseCarrierServicesJibeService: true, CarrierServices rcs service found: true
08-30 17:32:04.293 11750 11795 I RcsClientLib: Connecting ContactsService
08-30 17:32:04.293 11750 11750 I RcsClientLib: com.google.android.rcs.client.events.EventService connected
08-30 17:32:04.293 11750 11750 I BugleRcs: com.google.android.rcs.client.events.EventService RCS service connected
08-30 17:32:04.295 11750 11795 I RcsClientLib: shouldUseCarrierServicesJibeService: true, CarrierServices rcs service found: true
08-30 17:32:04.297 11750 11795 I RcsClientLib: Connecting FileTransferService
08-30 17:32:04.297 11750 11750 I RcsClientLib: com.google.android.rcs.client.contacts.ContactsService connected
08-30 17:32:04.297 11750 11750 I BugleRcs: com.google.android.rcs.client.contacts.ContactsService RCS service connected
08-30 17:32:04.298 11750 11795 I RcsClientLib: shouldUseCarrierServicesJibeService: true, CarrierServices rcs service found: true
08-30 17:32:04.300 11750 11795 I RcsClientLib: Connecting LocationSharingService
08-30 17:32:04.300 11750 11750 I RcsClientLib: com.google.android.rcs.client.filetransfer.FileTransferService connected
08-30 17:32:04.300 11750 11750 I BugleRcs: com.google.android.rcs.client.filetransfer.FileTransferService RCS service connected
08-30 17:32:04.301 11750 11795 I RcsClientLib: shouldUseCarrierServicesJibeService: true, CarrierServices rcs service found: true
08-30 17:32:04.302 11750 11795 I RcsClientLib: Connecting ImsConnectionTrackerService
08-30 17:32:04.303 11750 11795 I RcsClientLib: shouldUseCarrierServicesJibeService: true, CarrierServices rcs service found: true
08-30 17:32:04.304 11750 11795 I RcsClientLib: Connecting RcsProfileService
08-30 17:32:04.304 11750 11774 I BugleDataModel: TransactionManagerImpl: tx:  ParticipantsColumnSetter#updatePhenotypeColumn  ended
08-30 17:32:04.305 11750 11750 I RcsClientLib: com.google.android.rcs.client.locationsharing.LocationSharingService connected
08-30 17:32:04.305 11750 11750 I BugleRcs: com.google.android.rcs.client.locationsharing.LocationSharingService RCS service connected
08-30 17:32:04.305 11750 11795 I RcsClientLib: shouldUseCarrierServicesJibeService: true, CarrierServices rcs service found: true
08-30 17:32:04.306 11750 11750 I RcsClientLib: com.google.android.rcs.client.ims.ImsConnectionTrackerService connected
08-30 17:32:04.306 11750 11750 I BugleRcs: com.google.android.rcs.client.ims.ImsConnectionTrackerService RCS service connected
08-30 17:32:04.307 11750 11795 I RcsClientLib: Connecting BusinessInfoService
08-30 17:32:04.308 11750 11795 I RcsClientLib: shouldUseCarrierServicesJibeService: true, CarrierServices rcs service found: true
08-30 17:32:04.309 11750 11795 I RcsClientLib: Connecting RcsMessagingService
08-30 17:32:04.310 11750 11795 I RcsClientLib: shouldUseCarrierServicesJibeService: true, CarrierServices rcs service found: true
08-30 17:32:04.311 11750 11795 I RcsClientLib: Connecting TransportControlService
08-30 17:32:04.312 11750 11795 I RcsClientLib: shouldUseCarrierServicesJibeService: true, CarrierServices rcs service found: true
08-30 17:32:04.313 11750 11795 I BugleRcs: connecting to 10 Rcs Services
08-30 17:32:04.313 11750 11750 D CompatibilityChangeReporter: Compat change id reported: 147600208; UID 10138; state: ENABLED
08-30 17:32:04.325 11750 11750 I BugleRcs: subscribing to global rcs listener
08-30 17:32:04.328 28605 28624 I CarrierServices: [300581] EventHubProxy.subscribe: Adding event listener com.google.android.ims.rcsservice.events.IEventObserver$Stub$Proxy@bb164c8 for category 3 with key 196175048 for hub UI
08-30 17:32:04.328 28605 28625 I CarrierServices: [300582] EventHubProxy.subscribe: Adding event listener com.google.android.ims.rcsservice.events.IEventObserver$Stub$Proxy@1ed0961 for category 5 with key 32311649 for hub UI
08-30 17:32:04.329 28605 28625 I CarrierServices: [300582] EventHubProxy.subscribe: Adding event listener com.google.android.ims.rcsservice.events.IEventObserver$Stub$Proxy@ccebc86 for category 2 with key 214875270 for hub UI
08-30 17:32:04.329 11750 11795 I TetheringManager: registerTetheringEventCallback:com.google.android.apps.messaging
08-30 17:32:04.334 11750 11774 I BugleTransport: isChatAvailable: true, enabledTransport: 2
08-30 17:32:04.335 11750 11794 I BugleBackup: Registering preference change listener for "buglesub_3".
08-30 17:32:04.343 11750 11791 I BugleDataModel: TransactionManagerImpl: tx:  WorkQueueImpl#queueWorkItemAndReturnFuture  started
08-30 17:32:04.345 11750 11794 I BugleDataModel: TransactionManagerImpl: tx:  WorkQueueImpl#queueWorkItemAndReturnFuture  started
08-30 17:32:04.352 11750 11777 I BugleDataModel: TransactionManagerImpl: tx:  WorkQueueWorkerImpl.startWork  started
08-30 17:32:04.353 11750 11782 I RcsClientLib: Connecting RcsEngineLifecycleService
08-30 17:32:04.353 11750 11750 I BugleDataModel: ProcessPendingRevocationsActionScheduler: scheduled next action. back off seconds: 0
08-30 17:32:04.353 11750 11779 W DynamiteModule: Local module descriptor class for com.google.android.gms.googlecertificates not found.
08-30 17:32:04.354 11750 11750 I BugleGroupManagement: Skipping RCS group identifiers telephony batch migration. Disabled by phenotype.
08-30 17:32:04.354 11750 11750 I RcsClientLib: com.google.android.rcs.client.profile.RcsProfileService connected
08-30 17:32:04.354 11750 11750 I BugleRcs: com.google.android.rcs.client.profile.RcsProfileService RCS service connected
08-30 17:32:04.354 11750 11782 I RcsClientLib: shouldUseCarrierServicesJibeService: true, CarrierServices rcs service found: true
08-30 17:32:04.356 11750 11777 I BugleDataModel: TransactionManagerImpl: tx:  WorkQueueWorkerImpl.startWork  ended
08-30 17:32:04.356 11750 11777 I BugleDataModel: TransactionManagerImpl: tx:  WorkQueueWorkerImpl#handleResultInner  started
08-30 17:32:04.357 11750 11777 I BugleDataModel: TransactionManagerImpl: tx:  WorkQueueWorkerImpl#handleResultInner  ended
08-30 17:32:04.357 11750 11773 I BugleDataModel: TransactionManagerImpl: tx:  WorkQueueWorkerImpl#handleResultInner  started
08-30 17:32:04.358 11750 11773 I BugleDataModel: TransactionManagerImpl: tx:  WorkQueueWorkerImpl#handleResultInner  ended
08-30 17:32:04.359 11750 11778 I BugleDataModel: TransactionManagerImpl: tx:  WorkQueueWorkerImpl.startWork  started
08-30 17:32:04.359 11750 11795 I BugleDataModel: ProcessPendingRevocationsActionScheduler: scheduled next action. back off seconds: 0
08-30 17:32:04.360 11750 11795 I BugleGroupManagement: Skipping RCS group identifiers telephony batch migration. Disabled by phenotype.
08-30 17:32:04.360 11750 11778 I BugleDataModel: TransactionManagerImpl: tx:  WorkQueueWorkerImpl.startWork  ended
08-30 17:32:04.360 11750 11791 I BugleDataModel: TransactionManagerImpl: tx:  WorkQueueImpl#queueWorkItemAndReturnFuture  ended
08-30 17:32:04.362 11750 11794 I BugleDataModel: TransactionManagerImpl: tx:  WorkQueueImpl#queueWorkItemAndReturnFuture  ended
08-30 17:32:04.368 11750 11750 I RcsClientLib: com.google.android.rcs.client.businessinfo.BusinessInfoService connected
08-30 17:32:04.368 11750 11750 I BugleRcs: com.google.android.rcs.client.businessinfo.BusinessInfoService RCS service connected
08-30 17:32:04.369 11750 11779 I DynamiteModule: Considering local module com.google.android.gms.googlecertificates:0 and remote module com.google.android.gms.googlecertificates:7
08-30 17:32:04.369 11750 11779 I DynamiteModule: Selected remote version of com.google.android.gms.googlecertificates, version >= 7
08-30 17:32:04.369 11750 11779 V DynamiteModule: Dynamite loader version >= 2, using loadModule2NoCrashUtils
08-30 17:32:04.373 11750 11779 W System  : ClassLoader referenced unknown path: 
08-30 17:32:04.375 11750 11750 I RcsClientLib: com.google.android.rcs.client.messaging.RcsMessagingService connected
08-30 17:32:04.375 11750 11750 I BugleRcs: com.google.android.rcs.client.messaging.RcsMessagingService RCS service connected
08-30 17:32:04.381 11750 11750 I RcsClientLib: com.google.android.rcs.client.transportcontrol.TransportControlService connected
08-30 17:32:04.381 11750 11750 I BugleRcs: com.google.android.rcs.client.transportcontrol.TransportControlService RCS service connected
08-30 17:32:04.382 11750 11779 I DynamiteLoaderV2Impl: [71] com.google.android.gms.googlecertificates
08-30 17:32:04.392 11750 11750 I RcsClientLib: com.google.android.rcs.client.lifecycle.RcsEngineLifecycleService connected
08-30 17:32:04.393 28605 28624 I CarrierServices: [300581] RcsEngineImpl.triggerStopRcsStack: Stop Registration for redacted-pii:phone_number[chars:12,last2:25]
08-30 17:32:04.394 28605 28711 I CarrierServices: [300596] dnz.handleMessage: RCS engine STOP RCS stack
08-30 17:32:04.394 11750 11804 I RcsClientLib: Disconnecting RcsEngineLifecycleService
08-30 17:32:04.601 11750 11794 I MobileConfigurationWork: Using default worker factory for com.google.android.apps.messaging.shared.datamodel.workqueue.WorkQueueWorkerShim
08-30 17:32:04.601 11750 11794 D MddListenableWorkerFactory: createWorker for class: com.google.android.apps.messaging.shared.datamodel.workqueue.WorkQueueWorkerShim
08-30 17:32:04.604 11750 11778 I BugleDataModel: TransactionManagerImpl: tx:  WorkQueueWorkerImpl.startWork  started
08-30 17:32:04.605 11750 11778 I BugleDataModel: TransactionManagerImpl: tx:  WorkQueueWorkerImpl.startWork  ended
08-30 17:32:04.606 11750 11778 I WM-WorkerWrapper: Worker result SUCCESS for Work [ id=7d27aeac-f35b-43b6-9dd5-414c99eff539, tags={ com.google.android.apps.messaging.shared.datamodel.workqueue.WorkQueueWorkerShim, disable_groups_for_chat_api_to_vanilla_rcs_migration- } ]
08-30 17:32:05.003 13241 13241 I AudioManager: In isBluetoothScoOn(), calling application: com.sonymobile.gameenhancer
08-30 17:32:05.003 13241 13241 I AudioManager: In isBluetoothScoOn(), calling application: com.sonymobile.gameenhancer
08-30 17:32:06.003 13241 13241 I AudioManager: In isBluetoothScoOn(), calling application: com.sonymobile.gameenhancer
08-30 17:32:06.004 13241 13241 I AudioManager: In isBluetoothScoOn(), calling application: com.sonymobile.gameenhancer
08-30 17:32:06.058   613   613 I chatty  : uid=1000(system) /system/bin/servicemanager expire 72 lines
08-30 17:32:06.537 28605 28714 I CarrierServices: [300597] cun.c: Connected state: [1], networkType: [WIFI]
08-30 17:32:06.543 11273 11832 I chatty  : uid=10590(com.ZmassProductions.GravitySpace) expire 3 lines
08-30 17:32:07.006 13241 13241 I AudioManager: In isBluetoothScoOn(), calling application: com.sonymobile.gameenhancer
08-30 17:32:07.007  1677  2333 I chatty  : uid=1000(system) Binder:1677_A expire 22 lines
08-30 17:32:07.007 13241 13241 I AudioManager: In isBluetoothScoOn(), calling application: com.sonymobile.gameenhancer
08-30 17:32:07.348 11273 11739 I chatty  : uid=10590(com.ZmassProductions.GravitySpace) expire 100 lines
08-30 17:32:07.359 11273 11740 I chatty  : uid=10590(com.ZmassProductions.GravitySpace) expire 97 lines
08-30 17:32:07.372 11273 11738 I chatty  : uid=10590(com.ZmassProductions.GravitySpace) expire 100 lines
08-30 17:32:07.390 11273 11741 I chatty  : uid=10590(com.ZmassProductions.GravitySpace) expire 115 lines
08-30 17:32:08.006 13241 13241 I AudioManager: In isBluetoothScoOn(), calling application: com.sonymobile.gameenhancer
08-30 17:32:08.008 13241 13241 I AudioManager: In isBluetoothScoOn(), calling application: com.sonymobile.gameenhancer
08-30 17:32:08.833  1677  1689 I chatty  : uid=1000(system) HeapTaskDaemon expire 2 lines
08-30 17:32:08.868  8347  8347 D DeviceStatisticsService: chargerType=2 batteryLevel=41 totalBatteryCapacity=2105100
08-30 17:32:08.884  1677  5333 W ActivityManager: Foreground service started from background can not have location/camera/microphone access: service au.com.vodafone.dreamlabapp/.workflow.calculation.NotificationService
08-30 17:32:09.007 13241 13241 I AudioManager: In isBluetoothScoOn(), calling application: com.sonymobile.gameenhancer
08-30 17:32:09.008 13241 13241 I AudioManager: In isBluetoothScoOn(), calling application: com.sonymobile.gameenhancer
08-30 17:32:09.551 28605 28714 I CarrierServices: [300597] cun.c: Connected state: [1], networkType: [WIFI]
08-30 17:32:09.562 11273 11321 I chatty  : uid=10590(com.ZmassProductions.GravitySpace) expire 4 lines
08-30 17:32:09.564 11273 11843 I chatty  : uid=10590(com.ZmassProductions.GravitySpace) expire 3 lines
08-30 17:32:09.725   990  1154 E qdmetadata: paramType 2048 not supported
08-30 17:32:10.008 13241 13241 I AudioManager: In isBluetoothScoOn(), calling application: com.sonymobile.gameenhancer
08-30 17:32:10.008 13241 13241 I AudioManager: In isBluetoothScoOn(), calling application: com.sonymobile.gameenhancer
08-30 17:32:10.391 11750 11799 I BugleDataModel: PendingMessagesProcessor: process from ProcessPendingMessagesAction due to scheduled processing with delay 0 with queues:
08-30 17:32:10.412 11750 11799 I BugleDataModel: PendingMessagesProcessor: process from ProcessPendingMessagesAction due to scheduled processing with delay 0 with queues:
08-30 17:32:10.863 11750 11846 V ClearcutMetricXmitter: Transmission is done.
08-30 17:32:10.863 11750 11846 I chatty  : uid=10138(com.google.android.apps.messaging) Binder:11750_6 identical 1 line
08-30 17:32:10.864 11750 11846 V ClearcutMetricXmitter: Transmission is done.
08-30 17:32:11.008 13241 13241 I AudioManager: In isBluetoothScoOn(), calling application: com.sonymobile.gameenhancer
08-30 17:32:11.009 13241 13241 I AudioManager: In isBluetoothScoOn(), calling application: com.sonymobile.gameenhancer
08-30 17:32:12.010 13241 13241 I AudioManager: In isBluetoothScoOn(), calling application: com.sonymobile.gameenhancer
08-30 17:32:12.011 13241 13241 I AudioManager: In isBluetoothScoOn(), calling application: com.sonymobile.gameenhancer
08-30 17:32:12.073  1117  1774 I chatty  : uid=1041(audioserver) AudioOut_1D expire 1 line
08-30 17:32:12.379 11273 11860 I chatty  : uid=10590(com.ZmassProductions.GravitySpace) expire 126 lines
08-30 17:32:12.562 28605 28714 I CarrierServices: [300597] cun.c: Connected state: [1], networkType: [WIFI]
08-30 17:32:12.570 11273 11864 I chatty  : uid=10590(com.ZmassProductions.GravitySpace) expire 3 lines
08-30 17:32:12.965   966  1786 I chatty  : uid=1041(audioserver) HwBinder:966_4 expire 166 lines
08-30 17:32:13.011 13241 13241 I AudioManager: In isBluetoothScoOn(), calling application: com.sonymobile.gameenhancer
08-30 17:32:13.011 13241 13241 I AudioManager: In isBluetoothScoOn(), calling application: com.sonymobile.gameenhancer
08-30 17:32:13.236 11273 11866 I chatty  : uid=10590(com.ZmassProductions.GravitySpace) expire 1 line
08-30 17:32:13.238 12119 14746 D Avrcp_ext: AudioManager Player: AudioPlaybackConfiguration piid:105735 type:android.media.SoundPool u/pid:10085/29339 state:idle attr:AudioAttributes: usage=USAGE_ASSISTANCE_SONIFICATION content=CONTENT_TYPE_SONIFICATION flags=0x800 tags= bundle=null
08-30 17:32:13.238 12119 14746 D Avrcp_ext: AudioManager Player: AudioPlaybackConfiguration piid:39 type:android.media.SoundPool u/pid:1027/4582 state:idle attr:AudioAttributes: usage=USAGE_ASSISTANCE_SONIFICATION content=CONTENT_TYPE_SONIFICATION flags=0x800 tags= bundle=null
08-30 17:32:13.239 12119 14746 D Avrcp_ext: AudioManager Player: AudioPlaybackConfiguration piid:77583 type:android.media.SoundPool u/pid:1000/1677 state:idle attr:AudioAttributes: usage=USAGE_ASSISTANCE_SONIFICATION content=CONTENT_TYPE_SONIFICATION flags=0x800 tags= bundle=null
08-30 17:32:13.239 12119 14746 D Avrcp_ext: AudioManager Player: AudioPlaybackConfiguration piid:84879 type:android.media.SoundPool u/pid:10261/8330 state:idle attr:AudioAttributes: usage=USAGE_ASSISTANCE_SONIFICATION content=CONTENT_TYPE_SONIFICATION flags=0x800 tags= bundle=null
08-30 17:32:13.239 12119 14746 D Avrcp_ext: AudioManager Player: AudioPlaybackConfiguration piid:108975 type:android.media.MediaPlayer u/pid:10590/11273 state:idle attr:AudioAttributes: usage=USAGE_UNKNOWN content=CONTENT_TYPE_UNKNOWN flags=0x800 tags= bundle=null
08-30 17:32:13.239 12119 14746 D Avrcp_ext: AudioManager Player: AudioPlaybackConfiguration piid:108983 type:OpenSL ES AudioPlayer (Buffer Queue) u/pid:10590/11273 state:started attr:AudioAttributes: usage=USAGE_MEDIA content=CONTENT_TYPE_UNKNOWN flags=0x0 tags= bundle=null
08-30 17:32:13.239 12119 14746 D Avrcp_ext: AudioManager isPlaying: true
08-30 17:32:13.239 12119 14746 V Avrcp_ext: updateCurrentMediaState: mMediaController: null
08-30 17:32:13.239 12119 14746 V Avrcp_ext: isMusicActive: false getBluetoothPlayState: 2
08-30 17:32:13.239 12119 14746 V Avrcp_ext: updateCurrentMediaState: isPlaying = false
08-30 17:32:13.239 12119 14746 V Avrcp_ext: Media update: id [MediaAttributes: none] : [MediaAttributes: none]
08-30 17:32:13.239 12119 14746 D Avrcp_ext: isPackageNameValid: browsedPackage = com.spotify.musicisValid = true
08-30 17:32:13.239 12119 14746 V Avrcp_ext: isBrowseSupported for com.spotify.music: false
08-30 17:32:13.239 12119 14746 V Avrcp_ext: newPlayStatus:2mReportedPlayStatus:-1
08-30 17:32:13.239 12119 14746 V Avrcp_ext: updatePlaybackState, state: PlaybackState {state=2, position=-1, buffered position=0, speed=0.0, updated=1829882722, actions=0, custom actions=[], active item id=-1, error=null} device: null
08-30 17:32:13.239 12119 14746 V Avrcp_ext: Device: no name: 
08-30 17:32:13.239 12119 14746 I chatty  : uid=1002(bluetooth) BluetoothAvrcpH identical 3 lines
08-30 17:32:13.239 12119 14746 V Avrcp_ext: Device: no name: 
08-30 17:32:13.239 12119 14746 V Avrcp_ext: updatePlayerStateAndPosition, old=PlaybackState {state=2, position=-1, buffered position=0, speed=0.0, updated=1829849439, actions=0, custom actions=[], active item id=-1, error=null}, state=PlaybackState {state=2, position=-1, buffered position=0, speed=0.0, updated=1829882722, actions=0, custom actions=[], active item id=-1, error=null}
08-30 17:32:13.239 12119 14746 V Avrcp_ext: old state = PlaybackState {state=2, position=-1, buffered position=0, speed=0.0, updated=1829849439, actions=0, custom actions=[], active item id=-1, error=null}, new state= PlaybackState {state=2, position=-1, buffered position=0, speed=0.0, updated=1829882722, actions=0, custom actions=[], active item id=-1, error=null}
08-30 17:32:13.240 12119 14746 D HeadsetService: getHeadsetService(): returning com.android.bluetooth.hfp.HeadsetService@608d2ac
08-30 17:32:13.240 12119 14746 E HeadsetStateMachine: returning mCurrentState as Disconnected
08-30 17:32:13.240 12119 14746 D HeadsetService:  isAudioOn: The number of audio connected devices 0
08-30 17:32:13.240 12119 14746 D HeadsetService: isScoOrCallActive(): Call Active:falseCall is Ringing:falseSCO is Active:false
08-30 17:32:13.240 12119 14746 E HeadsetStateMachine: returning mCurrentState as Disconnected
08-30 17:32:13.240 12119 14746 D HeadsetService:  isAudioOn: The number of audio connected devices 0
08-30 17:32:13.240 12119 14746 I Avrcp_ext: updatePlayStatusForDevice: device: null
08-30 17:32:13.240 12119 14746 V Avrcp_ext: updatePlaybackState (1): old=PlaybackState {state=2, position=-1, buffered position=0, speed=0.0, updated=1829849439, actions=0, custom actions=[], active item id=-1, error=null}(2), new=PlaybackState {state=2, position=-1, buffered position=0, speed=0.0, updated=1829882722, actions=0, custom actions=[], active item id=-1, error=null}(2)
08-30 17:32:13.240 12119 14746 I Avrcp_ext: Exit updatePlayStatusForDevice
08-30 17:32:13.240 12119 14746 E HeadsetStateMachine: returning mCurrentState as Disconnected
08-30 17:32:13.240 12119 14746 D HeadsetService:  isAudioOn: The number of audio connected devices 0
08-30 17:32:13.240 12119 14746 D HeadsetService: isScoOrCallActive(): Call Active:falseCall is Ringing:falseSCO is Active:false
08-30 17:32:13.240 12119 14746 E HeadsetStateMachine: returning mCurrentState as Disconnected
08-30 17:32:13.240 12119 14746 D HeadsetService:  isAudioOn: The number of audio connected devices 0
08-30 17:32:13.240 12119 14746 I Avrcp_ext: updatePlayStatusForDevice: device: null
08-30 17:32:13.240 12119 14746 V Avrcp_ext: updatePlaybackState (1): old=PlaybackState {state=2, position=-1, buffered position=0, speed=0.0, updated=1829849439, actions=0, custom actions=[], active item id=-1, error=null}(2), new=PlaybackState {state=2, position=-1, buffered position=0, speed=0.0, updated=1829882722, actions=0, custom actions=[], active item id=-1, error=null}(2)
08-30 17:32:13.240 12119 14746 I Avrcp_ext: Exit updatePlayStatusForDevice
08-30 17:32:13.241 12119 14746 E HeadsetStateMachine: returning mCurrentState as Disconnected
08-30 17:32:13.241 12119 14746 D HeadsetService:  isAudioOn: The number of audio connected devices 0
08-30 17:32:13.241 12119 14746 D HeadsetService: isScoOrCallActive(): Call Active:falseCall is Ringing:falseSCO is Active:false
08-30 17:32:13.241 12119 14746 E HeadsetStateMachine: returning mCurrentState as Disconnected
08-30 17:32:13.241 12119 14746 D HeadsetService:  isAudioOn: The number of audio connected devices 0
08-30 17:32:13.241 12119 14746 I Avrcp_ext: updatePlayStatusForDevice: device: null
08-30 17:32:13.241 12119 14746 V Avrcp_ext: updatePlaybackState (1): old=PlaybackState {state=2, position=-1, buffered position=0, speed=0.0, updated=1829849439, actions=0, custom actions=[], active item id=-1, error=null}(2), new=PlaybackState {state=2, position=-1, buffered position=0, speed=0.0, updated=1829882722, actions=0, custom actions=[], active item id=-1, error=null}(2)
08-30 17:32:13.241 12119 14746 I Avrcp_ext: Exit updatePlayStatusForDevice
08-30 17:32:13.241 12119 14746 E HeadsetStateMachine: returning mCurrentState as Disconnected
08-30 17:32:13.241 12119 14746 D HeadsetService:  isAudioOn: The number of audio connected devices 0
08-30 17:32:13.241 12119 14746 D HeadsetService: isScoOrCallActive(): Call Active:falseCall is Ringing:falseSCO is Active:false
08-30 17:32:13.241 12119 14746 E HeadsetStateMachine: returning mCurrentState as Disconnected
08-30 17:32:13.241 12119 14746 D HeadsetService:  isAudioOn: The number of audio connected devices 0
08-30 17:32:13.241 12119 14746 I Avrcp_ext: updatePlayStatusForDevice: device: null
08-30 17:32:13.241 12119 14746 V Avrcp_ext: updatePlaybackState (1): old=PlaybackState {state=2, position=-1, buffered position=0, speed=0.0, updated=1829849439, actions=0, custom actions=[], active item id=-1, error=null}(2), new=PlaybackState {state=2, position=-1, buffered position=0, speed=0.0, updated=1829882722, actions=0, custom actions=[], active item id=-1, error=null}(2)
08-30 17:32:13.241 12119 14746 I Avrcp_ext: Exit updatePlayStatusForDevice
08-30 17:32:13.241 12119 14746 E HeadsetStateMachine: returning mCurrentState as Disconnected
08-30 17:32:13.241 12119 14746 D HeadsetService:  isAudioOn: The number of audio connected devices 0
08-30 17:32:13.241 12119 14746 D HeadsetService: isScoOrCallActive(): Call Active:falseCall is Ringing:falseSCO is Active:false
08-30 17:32:13.241 12119 14746 E HeadsetStateMachine: returning mCurrentState as Disconnected
08-30 17:32:13.241 12119 14746 D HeadsetService:  isAudioOn: The number of audio connected devices 0
08-30 17:32:13.241 12119 14746 I Avrcp_ext: updatePlayStatusForDevice: device: null
08-30 17:32:13.241 12119 14746 V Avrcp_ext: updatePlaybackState (1): old=PlaybackState {state=2, position=-1, buffered position=0, speed=0.0, updated=1829849439, actions=0, custom actions=[], active item id=-1, error=null}(2), new=PlaybackState {state=2, position=-1, buffered position=0, speed=0.0, updated=1829882722, actions=0, custom actions=[], active item id=-1, error=null}(2)
08-30 17:32:13.241 12119 14746 I Avrcp_ext: Exit updatePlayStatusForDevice
08-30 17:32:13.241 12119 14746 D Avrcp_ext: Enter sendPlayPosNotificationRsp
08-30 17:32:13.241 12119 14746 D Avrcp_ext: sendPlayPosNotificationRsp: Not registered or requesting.
08-30 17:32:13.241 12119 14746 D Avrcp_ext: Enter sendPlayPosNotificationRsp
08-30 17:32:13.241 12119 14746 D Avrcp_ext: sendPlayPosNotificationRsp: Not registered or requesting.
08-30 17:32:13.241 12119 14746 D Avrcp_ext: Enter sendPlayPosNotificationRsp
08-30 17:32:13.241 12119 14746 D Avrcp_ext: sendPlayPosNotificationRsp: Not registered or requesting.
08-30 17:32:13.241 12119 14746 D Avrcp_ext: Enter sendPlayPosNotificationRsp
08-30 17:32:13.241 12119 14746 D Avrcp_ext: sendPlayPosNotificationRsp: Not registered or requesting.
08-30 17:32:13.241 12119 14746 D Avrcp_ext: Enter sendPlayPosNotificationRsp
08-30 17:32:13.241 12119 14746 D Avrcp_ext: sendPlayPosNotificationRsp: Not registered or requesting.
08-30 17:32:13.241 12119 14746 V Avrcp_ext: Exit updatePlayerStateAndPosition
08-30 17:32:13.245 16190 14981 I NearbyDiscovery: FastPair: AudioEventListener check active usage=1, package=com.ZmassProductions.GravitySpace [CONTEXT service_id=49 ]
08-30 17:32:13.265 16190 14981 I NearbyDiscovery: FastPair: AudioEventListener find media event, but the active package com.ZmassProductions.GravitySpace doesn't hold the AudioFocus [CONTEXT service_id=49 ]
08-30 17:32:13.282  1117  3133 I chatty  : uid=1041(audioserver) Binder:1117_5 expire 14 lines
08-30 17:32:13.284  1117  1492 I chatty  : uid=1041(audioserver) ApmOutput expire 2 lines
08-30 17:32:13.285  1117  1750 I chatty  : uid=1041(audioserver) AudioOut_15 expire 538 lines
08-30 17:32:13.293   966  8406 I chatty  : uid=1041(audioserver) writer expire 110 lines
08-30 17:32:13.514  1677  1677 D CompatibilityChangeReporter: Compat change id reported: 135634846; UID 10060; state: DISABLED
08-30 17:32:13.515  1677  1677 D CompatibilityChangeReporter: Compat change id reported: 135754954; UID 10060; state: ENABLED
08-30 17:32:13.515  1677  1733 D CompatibilityChangeReporter: Compat change id reported: 143937733; UID 10060; state: ENABLED
08-30 17:32:13.538   876   876 D Zygote  : Forked child process 11868
08-30 17:32:13.540  1677  1733 I ActivityManager: Start proc 11868:com.android.vending/u0a60 for service {com.android.vending/com.google.android.finsky.scheduler.process.mainimpl.PhoneskyJobServiceMain}
08-30 17:32:13.554 11868 11868 E android.vendin: Not starting debugger since process cannot load the jdwp agent.
08-30 17:32:13.571 11868 11868 I android.vendin: The ClassLoaderContext is a special shared library.
08-30 17:32:13.594 11868 11868 W android.vendin: JIT profile information will not be recorded: profile file does not exist.
08-30 17:32:13.594 11868 11868 I chatty  : uid=10060(com.android.vending) identical 3 lines
08-30 17:32:13.594 11868 11868 W android.vendin: JIT profile information will not be recorded: profile file does not exist.
08-30 17:32:13.598 11868 11868 I Perf    : Connecting to perf service.
08-30 17:32:13.603 11868 11868 D NetworkSecurityConfig: No Network Security Config specified, using platform default
08-30 17:32:13.603 11868 11868 D NetworkSecurityConfig: No Network Security Config specified, using platform default
08-30 17:32:13.611 11868 11868 I Finsky  : [2] fsy.j(6): Process created at version: 32.0.20-21 [0] [PR] 469353169
08-30 17:32:13.634 11868 11893 I Finsky  : [422104] pys.d(20): Finished reading experiment flags from file [0tGUNCGIkbk4o6-fQ335kUYSKwVj4lusnHT-A5Dsy08].
08-30 17:32:13.638 11868 11895 I Finsky  : [422106] pys.d(20): Finished reading experiment flags from file [0tGUNCGIkbk4o6-fQ335kUYSKwVj4lusnHT-A5Dsy08].
08-30 17:32:13.640 11868 11893 I Finsky  : [422104] pys.d(20): Finished reading experiment flags from file [Se-xCc4LzNyh3UrKMIU2sUf-PUKz4oQEbpKZDMuaFno].
08-30 17:32:13.678 11868 11895 I Finsky  : [422106] pys.d(20): Finished reading experiment flags from file [E2tXMSjIoEYrHp_Sf4mv5EUynqjTlFgX-WJ-EdXZeNY].
08-30 17:32:13.683 11868 11894 I Finsky  : [422105] fqo.P(1): pcsi: PROCESS_START
08-30 17:32:13.695 11868 11892 I Finsky  : [422103] hic.m(2): Subscription detail: DataSubscriptionInfo{groupIdLevel1=3D, serviceProviderName=[joCytLIq86ccoKPWcaYHSe3lZuRhE9PGzV7dZtORQRY], simCarrierId=576}
08-30 17:32:13.697 11868 11891 W linker  : Warning: "/data/app/~~viCXP1zmvoRIhqmuWbpo2g==/com.android.vending-8e0wqjvLdyaNJGOqvJjsEw==/split_config.arm64_v8a.apk!/lib/arm64-v8a/libcronet.106.0.5228.2.so" unused DT entry: unknown processor-specific (type 0x70000001 arg 0x0) (ignoring)
08-30 17:32:13.701 11868 11892 I Finsky  : [422103] pva.<init>(3): PackageMonitorReceiverImpl - Registering in memory receiver for android.intent.action.PACKAGE_ADDED and android.intent.action.PACKAGE_REMOVED
08-30 17:32:13.702 11868 11891 I cr_CronetLibraryLoader: Cronet version: 106.0.5228.2, arch: aarch64
08-30 17:32:13.702 11868 11904 I Finsky  : [422115] sjb.<init>(3): Resetting scheduler db
08-30 17:32:13.707 11868 11906 I TetheringManager: registerTetheringEventCallback:com.android.vending
08-30 17:32:13.722 11868 11892 W android.vendin: Accessing hidden field Ljava/util/Collections$SynchronizedCollection;->mutex:Ljava/lang/Object; (greylist-max-o, reflection, denied)
08-30 17:32:13.722 11868 11892 W android.vendin: Accessing hidden method Ljava/util/Collections$SynchronizedSet;-><init>(Ljava/util/Set;Ljava/lang/Object;)V (greylist-max-o, reflection, denied)
08-30 17:32:13.722 11868 11892 W android.vendin: Accessing hidden method Ljava/util/Collections$SynchronizedCollection;-><init>(Ljava/util/Collection;Ljava/lang/Object;)V (greylist-max-o, reflection, denied)
08-30 17:32:13.722  1677  2333 D ConnectivityService: requestNetwork for uid/pid:10060/11868 NetworkRequest [ TRACK_DEFAULT id=94005, [ Capabilities: INTERNET&NOT_RESTRICTED&TRUSTED Uid: 10060 AdministratorUids: [] RequestorUid: 10060 RequestorPackageName: com.android.vending] ]
08-30 17:32:13.722  1677  2041 D ConnectivityService: NetReassign [94005 : null → 193]
08-30 17:32:13.723  1677  2089 I chatty  : uid=1000(system) EthernetService expire 5 lines
08-30 17:32:13.723  1677  2022 I chatty  : uid=1000(system) WifiHandlerThre expire 12 lines
08-30 17:32:13.723  3016  3016 D PhoneSwitcherNetworkRequstListener: got request NetworkRequest [ TRACK_DEFAULT id=94005, [ Capabilities: INTERNET&NOT_RESTRICTED&TRUSTED Uid: 10060 AdministratorUids: [] RequestorUid: 10060 RequestorPackageName: com.android.vending] ] with score 60 and providerId 2
08-30 17:32:13.725  1677  2041 D ConnectivityService: NetReassign [no changes]
08-30 17:32:13.725 11868 11893 W Settings: Setting download_manager_max_bytes_over_mobile has moved from android.provider.Settings.Secure to android.provider.Settings.Global.
08-30 17:32:13.726 11868 11893 I Finsky  : [422104] pad.i(3): SettingNotFoundException, fall through to G.downloadBytesOverMobileMaximum
08-30 17:32:13.726 11868 11893 W Settings: Setting download_manager_recommended_max_bytes_over_mobile has moved from android.provider.Settings.Secure to android.provider.Settings.Global.
08-30 17:32:13.727 11868 11893 I Finsky  : [422104] pad.h(3): SettingNotFoundException, fall through to G.downloadBytesOverMobileRecommended
08-30 17:32:13.727 11868 11893 I Finsky  : [422104] aelw.c(2): registerListener
08-30 17:32:13.728 11868 11891 I Finsky  : [422102] nuf.m(6): Enqueuing libraries load for 784144523
08-30 17:32:13.729 11868 11893 I Finsky  : [422104] aelw.c(2): registerListener
08-30 17:32:13.733 11868 11923 I Finsky  : [422125] pts.run(30): SysCUA: Set {com.android.vending/com.google.android.finsky.systemcomponentupdateui.common.SystemComponentUpdateActivity} enabled state to 0
08-30 17:32:13.733 11868 11916 I Finsky  : [422122] gaq.run(39): SysUA: Set SystemUpdateActivity enabled state to 1
08-30 17:32:13.734 11868 11923 I Finsky  : [422125] pa.run(7): Set UnhibernateActivity enabled state to 0
08-30 17:32:13.734 11868 11923 I Finsky  : [422125] nuf.o(1): Starting libraries load for 784144523
08-30 17:32:13.738 11868 11893 I Finsky  : [422104] zgb.<init>(3): VerifyApps: Setup app restrictions monitor
08-30 17:32:13.740 11868 11893 I Finsky  : [422104] zlu.a(3): VerifyApps: Device wide unknown source restriction updated
08-30 17:32:13.762 11868 11896 I Finsky  : [422107] wbf.<init>(5): Item store provider started.
08-30 17:32:13.773 12119 21529 E HeadsetStateMachine: returning mCurrentState as Disconnected
08-30 17:32:13.786 11868 11922 I Finsky  : [422124] rtc.accept(26): SCH: Scheduling phonesky job Id: 1-1337, CT: 1661886744229, Constraints: [{ L: 43197496, D: 86397496, C: 1, I: 1, N: 1 }]
08-30 17:32:13.786 11868 11922 I Finsky  : [422124] rtc.accept(26): SCH: Scheduling phonesky job Id: 3-72937, CT: 1661895104699, Constraints: [{ L: 0, D: 86400000, C: 2, I: 2, N: 2 }]
08-30 17:32:13.786 11868 11922 I Finsky  : [422124] rtc.accept(26): SCH: Scheduling phonesky job Id: 3-72938, CT: 1661895104699, Constraints: [{ L: 0, D: 86400000, C: 2, I: 2, N: 2 }]
08-30 17:32:13.786 11868 11922 I Finsky  : [422124] rtc.accept(26): SCH: Scheduling phonesky job Id: 10-78, CT: 1661886744022, Constraints: [{ L: 0, D: 86400000, C: 1, I: 2, N: 1 }]
08-30 17:32:13.787 11868 11922 I Finsky  : [422124] rtc.accept(26): SCH: Scheduling phonesky job Id: 10-79, CT: 1661886744022, Constraints: [{ L: 0, D: 86400000, C: 1, I: 2, N: 1 }]
08-30 17:32:13.787 11868 11922 I Finsky  : [422124] rtc.accept(26): SCH: Scheduling phonesky job Id: 24-77777777, CT: 1661886760322, Constraints: [{ L: 1, D: 82800000, C: 1, I: 2, N: 0 }]
08-30 17:32:13.787 11868 11922 I Finsky  : [422124] rtc.accept(26): SCH: Scheduling phonesky job Id: 26-1414141414, CT: 1661858853956, Constraints: [{ L: 43199999, D: 44099999, C: 1, I: 1, N: 0 }]
08-30 17:32:13.787 11868 11922 I Finsky  : [422124] rtc.accept(26): SCH: Scheduling phonesky job Id: 29-29, CT: 1661895103498, Constraints: [{ L: 30000, D: 60000, C: 1, I: 1, N: 0 }]
08-30 17:32:13.788 11868 11922 I Finsky  : [422124] rtc.accept(26): SCH: Scheduling phonesky job Id: 34-4768, CT: 1661886770252, Constraints: [{ L: 604800000, D: 2492326013, C: 2, I: 2, N: 2 }, { L: 604800000, D: 2492326013, C: 1, I: 2, N: 2 }]
08-30 17:32:13.788 11868 11922 I Finsky  : [422124] rtc.accept(26): SCH: Scheduling phonesky job Id: 34-4771, CT: 1661886770252, Constraints: [{ L: 604800000, D: 2571558407, C: 2, I: 2, N: 2 }, { L: 604800000, D: 2571558407, C: 1, I: 2, N: 2 }]
08-30 17:32:13.788 11868 11922 I Finsky  : [422124] rtc.accept(26): SCH: Scheduling phonesky job Id: 34-4772, CT: 1661886770252, Constraints: [{ L: 58757964, D: 1354757964, C: 1, I: 1, N: 1 }]
08-30 17:32:13.789 11868 11922 I Finsky  : [422124] rtc.accept(26): SCH: Scheduling phonesky job Id: 34-4773, CT: 1661886770252, Constraints: [{ L: 73509418, D: 1369509418, C: 2, I: 2, N: 2 }, { L: 73509418, D: 1369509418, C: 1, I: 2, N: 2 }]
08-30 17:32:13.803 11868 11916 I Finsky  : [422122] scl.apply(62): SCH: Scheduling 0 system job(s)
08-30 17:32:13.806 11868 11885 D TelephonyRegistryManager: onSubscriptionsChangedListener callback received.
08-30 17:32:13.812 11868 11868 I Finsky  : [2] lhd.C(3): Installer: Attempting to start installer
08-30 17:32:13.814 11868 11868 I Finsky  : [2] aelw.c(2): registerListener
08-30 17:32:13.823 11868 11868 I Finsky  : [2] lps.<init>(20): Initializing pausers from value store.
08-30 17:32:13.823 11868 11868 I Finsky  : [2] lps.<init>(23): Get the following callers from value store [].
08-30 17:32:13.836 11868 11868 I Finsky  : [2] ski.onStartJob(4): SCH: job service start with id 9683.
08-30 17:32:13.843 11868 11923 I Finsky  : [422125] nuf.o(20): Loaded library for account: [mJAJNWqA54A7gbz7vRebug5SYFQ6lt5sm3I7t0SI4o4]
08-30 17:32:13.844 11868 11923 I Finsky  : [422125] nuf.o(24): Finished loading 1 libraries.
08-30 17:32:13.845 11868 11868 I Finsky  : [2] hib.onSubscriptionsChanged(1): onSubscriptionsChanged
08-30 17:32:13.848 11868 11868 I Finsky  : [2] lhd.S(1): Installer: Installer kick - no action, not running yet
08-30 17:32:13.858 11868 11914 I Finsky  : [422121] six.a(92): SCH: Satisfied jobs for 9683 are: 29-29
08-30 17:32:13.861 11868 11957 I Finsky  : [422152] sck.accept(46): SCH: Job 29-29 starting
08-30 17:32:13.870 11868 11953 W CursorWindow: Window is full: requested allocation 9273 bytes, free space 1748 bytes, window size 2097152 bytes
08-30 17:32:13.872 11868 11958 I Finsky  : [422153] xke.d(0): ProcessRecoveryLogsUtil: No files in recovery directory
08-30 17:32:13.872 11868 11958 I Finsky  : [422153] sis.r(4): SCH: jobFinished: 29-29. TimeElapsed: 11ms.
08-30 17:32:13.903 11868 11922 I Finsky  : [422124] rtc.accept(26): SCH: Scheduling phonesky job Id: 26-1414141414, CT: 1661858853956, Constraints: [{ L: 43199999, D: 44099999, C: 1, I: 1, N: 0 }]
08-30 17:32:13.914 11868 11916 I Finsky  : [422122] scl.apply(62): SCH: Scheduling 1 system job(s)
08-30 17:32:13.915 11868 11916 I Finsky  : [422122] scl.apply(68): SCH: Scheduling system job Id: 9734, L: 6920041, D: 7820041, C: false, I: false, N: 0
08-30 17:32:13.923  8347  8347 D DeviceStatisticsService: chargerType=2 batteryLevel=41 totalBatteryCapacity=2104600
08-30 17:32:13.930 11868 11957 I Finsky  : [422152] ski.a(16): SCH: job service finished with id 9683.
08-30 17:32:13.940  1677  2309 W ActivityManager: Foreground service started from background can not have location/camera/microphone access: service au.com.vodafone.dreamlabapp/.workflow.calculation.NotificationService
08-30 17:32:13.985 11868 11922 I Finsky  : [422124] rtc.accept(26): SCH: Scheduling phonesky job Id: 29-29, CT: 1661895133692, Constraints: [{ L: 30000, D: 60000, C: 1, I: 1, N: 0 }]
08-30 17:32:13.992 11868 11922 I Finsky  : [422124] scl.apply(62): SCH: Scheduling 1 system job(s)
08-30 17:32:13.993 11868 11922 I Finsky  : [422124] scl.apply(68): SCH: Scheduling system job Id: 9734, L: 29700, D: 59700, C: false, I: false, N: 0
08-30 17:32:14.011 13241 13241 I AudioManager: In isBluetoothScoOn(), calling application: com.sonymobile.gameenhancer
08-30 17:32:14.012 13241 13241 I AudioManager: In isBluetoothScoOn(), calling application: com.sonymobile.gameenhancer
08-30 17:32:14.016 11868 11961 I Finsky  : [422156] hfo.a(1): DL: Creating dataloader logger using a new logging context.
08-30 17:32:14.020 11868 11949 I Finsky  : [422146] kjq.apply(56): Installer: Registering atomic install listeners with package installer
08-30 17:32:14.020 11868 11952 I Finsky  : [422149] lfe.a(43): Installer: Checking for orphaned groups
08-30 17:32:14.021 11868 11963 W Finsky  : [422158] pua.E(5): Unexpected error abandoning session=899814463. exception=java.lang.SecurityException: Caller has no access to session 899814463
08-30 17:32:14.027 11868 11949 I Finsky  : [422146] ivz.g(1): getDownloads()
08-30 17:32:14.040  1677  5333 D CompatibilityChangeReporter: Compat change id reported: 135634846; UID 10060; state: DISABLED
08-30 17:32:14.040  1677  5333 D CompatibilityChangeReporter: Compat change id reported: 135754954; UID 10060; state: ENABLED
08-30 17:32:14.040  1677  1733 D CompatibilityChangeReporter: Compat change id reported: 143937733; UID 10060; state: ENABLED
08-30 17:32:14.063   876   876 D Zygote  : Forked child process 11968
08-30 17:32:14.064  1677  1733 I ActivityManager: Start proc 11968:com.android.vending:background/u0a60 for service {com.android.vending/com.google.android.finsky.ipcservers.background.BackgroundGrpcServerAndroidService}
08-30 17:32:14.077 11968 11968 E ding:backgroun: Not starting debugger since process cannot load the jdwp agent.
08-30 17:32:14.113 11968 11968 I ding:backgroun: The ClassLoaderContext is a special shared library.
08-30 17:32:14.174 11968 11968 W ding:backgroun: JIT profile information will not be recorded: profile file does not exist.
08-30 17:32:14.175 11968 11968 I chatty  : uid=10060 com.android.vending:background identical 3 lines
08-30 17:32:14.175 11968 11968 W ding:backgroun: JIT profile information will not be recorded: profile file does not exist.
08-30 17:32:14.188 11968 11968 I Perf    : Connecting to perf service.
08-30 17:32:14.197 11968 11968 D NetworkSecurityConfig: No Network Security Config specified, using platform default
08-30 17:32:14.198 11968 11968 D NetworkSecurityConfig: No Network Security Config specified, using platform default
08-30 17:32:14.201 11968 11968 I Finsky:background: [2] fsy.j(6): Process created at version: 32.0.20-21 [0] [PR] 469353169
08-30 17:32:14.243 11968 11968 I Finsky:background: [2] pys.d(20): Finished reading experiment flags from file [0tGUNCGIkbk4o6-fQ335kUYSKwVj4lusnHT-A5Dsy08].
08-30 17:32:14.247 11968 11968 I Finsky:background: [2] pys.d(20): Finished reading experiment flags from file [E2tXMSjIoEYrHp_Sf4mv5EUynqjTlFgX-WJ-EdXZeNY].
08-30 17:32:14.253 11968 11968 I Finsky:background: [2] mjz.onCreate(2): IPC-SERVER: Starting gRPC host service...
08-30 17:32:14.289  1117 31148 I chatty  : uid=1041(audioserver) Binder:1117_7 expire 9 lines
08-30 17:32:14.290 11968 11968 I TetheringManager: registerTetheringEventCallback:com.android.vending
08-30 17:32:14.291  1677  5333 D ConnectivityService: requestNetwork for uid/pid:10060/11968 NetworkRequest [ TRACK_DEFAULT id=94007, [ Capabilities: INTERNET&NOT_RESTRICTED&TRUSTED Uid: 10060 AdministratorUids: [] RequestorUid: 10060 RequestorPackageName: com.android.vending] ]
08-30 17:32:14.292  1677  2041 D ConnectivityService: NetReassign [94007 : null → 193]
08-30 17:32:14.292  3016  3016 D PhoneSwitcherNetworkRequstListener: got request NetworkRequest [ TRACK_DEFAULT id=94007, [ Capabilities: INTERNET&NOT_RESTRICTED&TRUSTED Uid: 10060 AdministratorUids: [] RequestorUid: 10060 RequestorPackageName: com.android.vending] ] with score 60 and providerId 2
08-30 17:32:14.301 11968 11993 I Finsky:background: [422109] lxw.h(12): All invisible downloads are finished.
08-30 17:32:14.301 11968 11993 I Finsky:background: [422109] ivq.c(1): Stopping invisible download job
08-30 17:32:14.317 11968 11993 I Finsky:background: [422109] sjb.<init>(3): Resetting scheduler db
08-30 17:32:14.320 11968 12006 I Finsky:background: [422116] itn.f(1): getDownloads()
08-30 17:32:14.322 11968 12007 I Finsky:background: [422117] sin.a(2): SCH: no pending jobs to schedule.
08-30 17:32:14.328 11868 11916 I Finsky  : [422122] ivz.g(1): getDownloads()
08-30 17:32:14.330 11968 12006 I Finsky:background: [422116] itn.f(1): getDownloads()
08-30 17:32:14.335 11868 11949 I Finsky  : [422146] ldw.run(8): Installer: Installer starting
08-30 17:32:14.336 11868 11949 I Finsky  : [422146] ldw.run(11): Installer: Installer started
08-30 17:32:14.347 11868 11868 I Finsky  : [2] lhd.S(7): Installer: found apps to install. isMultiUserMode=false, apps=[]
08-30 17:32:14.350 11868 12008 I Finsky  : [422165] lkp.a(79): IV2: found recoverable installs: []
08-30 17:32:14.363 11868 11922 I Finsky  : [422124] ktn.accept(13): IQ::GIV2: Cleaned group install for GIV2 experiment change
08-30 17:32:14.371 11868 12010 I Finsky  : [422167] lqj.z(1): IQ: Pruning inactive install requests
08-30 17:32:14.372 11868 11963 I Finsky  : [422158] pnr.accept(21): Pruning stale session for mainline_train_primary:330477080
08-30 17:32:14.372 11868 11963 I Finsky  : [422158] pnr.accept(21): Pruning stale session for com.google.android.trichromelibrary:511209733
08-30 17:32:14.373 11868 11963 I Finsky  : [422158] pnr.accept(21): Pruning stale session for com.google.mainline.telemetry:330458000
08-30 17:32:14.373 11868 11963 W Finsky  : [422158] pua.E(5): Unexpected error abandoning session=785781911. exception=java.lang.SecurityException: Caller has no access to session 785781911
08-30 17:32:14.374  1677  2333 D PackageInstallerSession: Ignoring abandon after commit relinquished control
08-30 17:32:14.374 11868 11963 I Finsky  : [422158] pua.E(4): PackageInstaller: Abandoned the session for com.google.android.trichromelibrary:511209733, sessionId: 1274519916
08-30 17:32:14.374 11868 11963 W Finsky  : [422158] pua.E(5): Unexpected error abandoning session=189107746. exception=java.lang.SecurityException: Caller has no access to session 189107746
08-30 17:32:14.378 11868 11914 I Finsky  : [422121] sjg.apply(16): SCH: Canceling job 3-72937
08-30 17:32:14.382 11868 11868 I Finsky  : [2] tmv.a(1): Connecting InstallListener to SplitInstallService broadcaster...
08-30 17:32:14.382 11868 11922 I Finsky  : [422124] rtc.accept(26): SCH: Scheduling phonesky job Id: 3-72938, CT: 1661895104699, Constraints: [{ L: 0, D: 86400000, C: 2, I: 2, N: 2 }]
08-30 17:32:14.382 11868 11922 I Finsky  : [422124] rtc.accept(26): SCH: Scheduling phonesky job Id: 34-4768, CT: 1661886770252, Constraints: [{ L: 604800000, D: 2492326013, C: 2, I: 2, N: 2 }, { L: 604800000, D: 2492326013, C: 1, I: 2, N: 2 }]
08-30 17:32:14.382 11868 11922 I Finsky  : [422124] rtc.accept(26): SCH: Scheduling phonesky job Id: 34-4771, CT: 1661886770252, Constraints: [{ L: 604800000, D: 2571558407, C: 2, I: 2, N: 2 }, { L: 604800000, D: 2571558407, C: 1, I: 2, N: 2 }]
08-30 17:32:14.383 11868 11922 I Finsky  : [422124] rtc.accept(26): SCH: Scheduling phonesky job Id: 34-4773, CT: 1661886770252, Constraints: [{ L: 73509418, D: 1369509418, C: 2, I: 2, N: 2 }, { L: 73509418, D: 1369509418, C: 1, I: 2, N: 2 }]
08-30 17:32:14.428 11868 11904 I Finsky  : [422115] scl.apply(62): SCH: Scheduling 2 system job(s)
08-30 17:32:14.429 11868 11904 I Finsky  : [422115] scl.apply(68): SCH: Scheduling system job Id: 9736, L: 0, D: 86370271, C: true, I: true, N: 2
08-30 17:32:14.431 11868 11904 I Finsky  : [422115] scl.apply(68): SCH: Scheduling system job Id: 9737, L: 65145239, D: 1361145239, C: false, I: true, N: 2
08-30 17:32:14.458 11868 11914 I Finsky  : [422121] sjg.apply(16): SCH: Canceling job 3-72938
08-30 17:32:14.461 11868 11904 I Finsky  : [422115] rtc.accept(26): SCH: Scheduling phonesky job Id: 34-4768, CT: 1661886770252, Constraints: [{ L: 604800000, D: 2492326013, C: 2, I: 2, N: 2 }, { L: 604800000, D: 2492326013, C: 1, I: 2, N: 2 }]
08-30 17:32:14.461 11868 11904 I Finsky  : [422115] rtc.accept(26): SCH: Scheduling phonesky job Id: 34-4771, CT: 1661886770252, Constraints: [{ L: 604800000, D: 2571558407, C: 2, I: 2, N: 2 }, { L: 604800000, D: 2571558407, C: 1, I: 2, N: 2 }]
08-30 17:32:14.461 11868 11904 I Finsky  : [422115] rtc.accept(26): SCH: Scheduling phonesky job Id: 34-4773, CT: 1661886770252, Constraints: [{ L: 73509418, D: 1369509418, C: 2, I: 2, N: 2 }, { L: 73509418, D: 1369509418, C: 1, I: 2, N: 2 }]
08-30 17:32:14.489 11868 11916 I Finsky  : [422122] scl.apply(62): SCH: Scheduling 2 system job(s)
08-30 17:32:14.490 11868 11916 I Finsky  : [422122] scl.apply(68): SCH: Scheduling system job Id: 9743, L: 65145181, D: 1361145181, C: true, I: true, N: 2
08-30 17:32:14.492 11868 11916 I Finsky  : [422122] scl.apply(68): SCH: Scheduling system job Id: 9744, L: 65145179, D: 1361145179, C: false, I: true, N: 2
08-30 17:32:14.519 11868 12010 I Finsky  : [422167] lkt.apply(13): IQ: Creating job 72939, for (REQ_CHARGING, REQ_DEVICE_IDLE, REQ_GEARHEAD_PROJECTION_OFF, NETWORK=UNMETERED, PROVISIONING_STATE=PROVISIONED, PROCESS_IMPORTANCE_THRESHOLD=125)
08-30 17:32:14.522 11868 12010 I Finsky  : [422167] lkt.apply(13): IQ: Creating job 72940, for (REQ_CHARGING, REQ_DEVICE_IDLE, REQ_GEARHEAD_PROJECTION_OFF, IGNORE_HOLDOFF=true, NETWORK=UNMETERED, PROVISIONING_STATE=PROVISIONED, PROCESS_IMPORTANCE_THRESHOLD=125)
08-30 17:32:14.522 11868 12010 I Finsky  : [422167] lqj.C(9): IQ: Bulk scheduling created jobs
08-30 17:32:14.542 11868 11923 I Finsky  : [422125] rtc.accept(26): SCH: Scheduling phonesky job Id: 3-72939, CT: 1661895134522, Constraints: [{ L: 0, D: 86400000, C: 2, I: 2, N: 2 }]
08-30 17:32:14.542 11868 11923 I Finsky  : [422125] rtc.accept(26): SCH: Scheduling phonesky job Id: 3-72940, CT: 1661895134522, Constraints: [{ L: 0, D: 86400000, C: 2, I: 2, N: 2 }]
08-30 17:32:14.549 11868 11904 I Finsky  : [422115] scl.apply(62): SCH: Scheduling 1 system job(s)
08-30 17:32:14.550 11868 11904 I Finsky  : [422115] scl.apply(68): SCH: Scheduling system job Id: 9743, L: 0, D: 86399973, C: true, I: true, N: 2
08-30 17:32:15.013 13241 13241 I AudioManager: In isBluetoothScoOn(), calling application: com.sonymobile.gameenhancer
08-30 17:32:15.014 13241 13241 I AudioManager: In isBluetoothScoOn(), calling application: com.sonymobile.gameenhancer
08-30 17:32:15.575 28605 28714 I CarrierServices: [300597] cun.c: Connected state: [1], networkType: [WIFI]
08-30 17:32:15.580 11273 12015 I chatty  : uid=10590(com.ZmassProductions.GravitySpace) expire 3 lines
08-30 17:32:16.014 13241 13241 I AudioManager: In isBluetoothScoOn(), calling application: com.sonymobile.gameenhancer
08-30 17:32:16.015 13241 13241 I AudioManager: In isBluetoothScoOn(), calling application: com.sonymobile.gameenhancer
08-30 17:32:17.016 13241 13241 I AudioManager: In isBluetoothScoOn(), calling application: com.sonymobile.gameenhancer
08-30 17:32:17.018 13241 13241 I AudioManager: In isBluetoothScoOn(), calling application: com.sonymobile.gameenhancer
08-30 17:32:17.254 11273 11273 I chatty  : uid=10590(com.ZmassProductions.GravitySpace) expire 6 lines
