08-30 17:32:18.018 13241 13241 I AudioManager: In isBluetoothScoOn(), calling application: com.sonymobile.gameenhancer
08-30 17:32:18.020 13241 13241 I AudioManager: In isBluetoothScoOn(), calling application: com.sonymobile.gameenhancer
08-30 17:32:18.632 11868 11887 I android.vendin: Waiting for a blocking GC ProfileSaver
08-30 17:32:18.756 11868 11887 I android.vendin: WaitForGcToComplete blocked ProfileSaver on AddRemoveAppImageSpace for 124.008ms
08-30 17:32:18.785 11868 11880 I android.vendin: WaitForGcToComplete blocked RunEmptyCheckpoint on ProfileSaver for 28.618ms
08-30 17:32:18.873  1677  5333 D CompatibilityChangeReporter: Compat change id reported: 135634846; UID 10098; state: DISABLED
08-30 17:32:18.874  1677  5333 D CompatibilityChangeReporter: Compat change id reported: 135754954; UID 10098; state: ENABLED
08-30 17:32:18.874  1677  1733 D CompatibilityChangeReporter: Compat change id reported: 143937733; UID 10098; state: ENABLED
08-30 17:32:18.885 11750 11784 I Bugle   : BugleStartup: Registering SIM change receiver...
08-30 17:32:18.890 11750 11784 I Bugle   : BugleStartup: Updating app config...
08-30 17:32:18.903   876   876 D Zygote  : Forked child process 12028
08-30 17:32:18.905  1677  1733 I ActivityManager: Start proc 12028:com.google.android.googlequicksearchbox:search/u0a98 for content provider {com.google.android.googlequicksearchbox/com.google.android.apps.gsa.staticplugins.publiccontent.GsaPublicContentProvider}
08-30 17:32:18.908 11750 11784 I Bugle   : BugleStartup: Done with SIM change receiver & app config.
08-30 17:32:18.908 11750 11784 I Bugle   : BugleStartup: Handling shared prefs upgrade & Load MMS Configuration...
08-30 17:32:18.912 12028 12028 E earchbox:searc: Not starting debugger since process cannot load the jdwp agent.
08-30 17:32:18.916 11750 11846 D TelephonyRegistryManager: onSubscriptionsChangedListener callback received.
08-30 17:32:18.923 11750 11766 D TelephonyRegistryManager: onSubscriptionsChangedListener callback received.
08-30 17:32:18.924 11750 12047 I BugleRcsEngine: [422133] bbdo.c: do not delay first event
08-30 17:32:18.931 11750 11791 I Bugle   : BugleStartup: Initializing RCS availability...
08-30 17:32:18.938 11750 11791 I Bugle   : RcsAvailabilityUtilForProvisioningEngineV2: updateAvailabilityAsync, hint: NO_HINT
08-30 17:32:18.938 11750 11791 I BugleRcsProvisioning: RcsAvailabilityUpdaterLocal: updateAvailabilityAsync: scheduling updateRcsAvailability call, hint: NO_HINT, enableWelcomePopupWithoutGoogleTos: false, reshowSuccessPopup: false
08-30 17:32:18.939 11750 11791 I Bugle   : BugleStartup: Done with RCS availability.
08-30 17:32:18.939 11750 11791 I Bugle   : BugleStartup: Done initializing with enabled individual init failures.
08-30 17:32:18.939 11750 11787 I Bugle   : TelephonyManagerFactory: Returning per-subscription TelephonyManager (>= N) subscription{id:2}
08-30 17:32:18.940 11750 11795 I BugleRcsEngine: [422113] bbdo.c: SIM delay is not enabled
08-30 17:32:18.941 11750 11795 W BugleRcsEngine: [422113] bbdk.a: (Sim): process intent: android.intent.action.SIM_STATE_CHANGED
08-30 17:32:18.943 12028 12028 I earchbox:searc: The ClassLoaderContext is a special shared library.
08-30 17:32:18.946 11750 11778 W BugleRcsEngine: [422097] baei.b: [SR]: Single Registration is disabled. Skipping Single Registration capability check for subId: 3, OS.isAtLeastS:[false], enableSingleRegistrationProvisioning:[false]
08-30 17:32:18.951 11750 11778 I BugleRcsProvisioning: RcsAvailabilityUpdaterLocal: RcsAvailability configuration availability and enabled status: simId: redacted-pii:sim_id[chars:20,last3:470], SipConnectionType: DUAL_REG, isConfigurationAvailableAndEnabled: true
08-30 17:32:18.958 11750 12047 I BugleRcsEngine: [422133] bbdk.n: (Sim): Processing an intent
08-30 17:32:18.958 11750 12047 I BugleRcsEngine: [422133] bbdk.y: (Sim): SIM state LOADED
08-30 17:32:18.959 11750 11778 I BugleRcsProvisioning: RcsAvailabilityUpdaterLocal: RcsAvailability subscription{id:3}, simId: redacted-pii:sim_id[chars:20,last3:470], sipConnectionType: DUAL_REG, isRcsAvailable: true
08-30 17:32:18.959 11750 11778 I BugleRcsProvisioning: RcsAvailabilityUpdaterLocal: updateRcsAvailability, currentAvailability: 7, newAvailability: 7, hint: NO_HINT
08-30 17:32:18.961 11750 11787 W Bugle   : BuglePhoneNumberUtils: canonicalizeMccMnc: invalid mccmnc. mcc: null, mnc: null
08-30 17:32:18.972 11750 12047 I BugleRcsEngine: [422133] bbdk.y: (Sim): SIM changed: false. current id: redacted-pii:sim_id[chars:20,last3:470]; stored id: redacted-pii:sim_id[chars:20,last3:470]; isFiDevice: false; subId: 3; slotIndex: 0
08-30 17:32:18.975 11750 11791 I BugleJobs: Icing index repair service is not scheduled. [CONTEXT class_name="IcingMonitoringUtils" ]
08-30 17:32:18.978 11750 12047 I BugleRcsEngine: [422133] bbdk.y: (Sim): Skipping writing subId because this is main bugle process.
08-30 17:32:18.981 11750 12047 I BugleRcsEngine: [422133] bbdk.y: (Sim): Updated SIM info: currentSimId: redacted-pii:sim_id[chars:20,last3:470]; imsi: redacted-pii:imsi[chars:15]; rawMsisdn: redacted-pii:phone_number[chars:11,last2:25]; formattedMsisdn: redacted-pii:phone_number[chars:12,last2:25]; mccmnc: redacted-pii:sim_operator[chars:6] isFiDevice: false; subId: 3; slotIndex: 0
08-30 17:32:18.986 11750 12047 I BugleRcsEngine: [422133] bbdk.H: (Sim): Broadcasting Intent { act=com.google.android.ims.SIM_LOADED (has extras) }
08-30 17:32:18.987 11750 11750 I Bugle   : SimChangeReceiver: action: com.google.android.ims.SIM_LOADED
08-30 17:32:18.991 11750 11791 I BugleJobs: Starts to observe table change.
08-30 17:32:18.994 11750 11778 I Bugle   : RcsAvailabilityUtilForProvisioningEngineV2: updateAvailabilityAsync, hint: NO_HINT
08-30 17:32:18.994 11750 11778 I BugleRcsProvisioning: RcsAvailabilityUpdaterLocal: updateAvailabilityAsync: scheduling updateRcsAvailability call, hint: NO_HINT, enableWelcomePopupWithoutGoogleTos: false, reshowSuccessPopup: false
08-30 17:32:18.999 11750 11794 W BugleRcsEngine: [422114] baei.b: [SR]: Single Registration is disabled. Skipping Single Registration capability check for subId: 3, OS.isAtLeastS:[false], enableSingleRegistrationProvisioning:[false]
08-30 17:32:19.001 11750 11782 V AssistantIntegClient: #getAssistantConfig()
08-30 17:32:19.002 11750 12047 I BugleRcsEngine: [422133] bbdk.n: (Sim): Processing an intent
08-30 17:32:19.002 11750 12047 I BugleRcsEngine: [422133] bbdk.y: (Sim): Ignoring duplicate SIM state: LOADED
08-30 17:32:19.002 11750 11794 I BugleRcsProvisioning: RcsAvailabilityUpdaterLocal: RcsAvailability configuration availability and enabled status: simId: redacted-pii:sim_id[chars:20,last3:470], SipConnectionType: DUAL_REG, isConfigurationAvailableAndEnabled: true
08-30 17:32:19.009 11750 11795 I BugleRcsEngine: [422113] bbdo.c: SIM delay is not enabled
08-30 17:32:19.010 11750 11794 I BugleRcsProvisioning: RcsAvailabilityUpdaterLocal: RcsAvailability subscription{id:3}, simId: redacted-pii:sim_id[chars:20,last3:470], sipConnectionType: DUAL_REG, isRcsAvailable: true
08-30 17:32:19.010 11750 11794 I BugleRcsProvisioning: RcsAvailabilityUpdaterLocal: updateRcsAvailability, currentAvailability: 7, newAvailability: 7, hint: NO_HINT
08-30 17:32:19.019 13241 13241 I AudioManager: In isBluetoothScoOn(), calling application: com.sonymobile.gameenhancer
08-30 17:32:19.020  1677  2333 I chatty  : uid=1000(system) Binder:1677_A expire 4 lines
08-30 17:32:19.020 13241 13241 I AudioManager: In isBluetoothScoOn(), calling application: com.sonymobile.gameenhancer
08-30 17:32:19.122 11750 11846 D CompatibilityChangeReporter: Compat change id reported: 150939131; UID 10138; state: ENABLED
08-30 17:32:19.124 11750 11773 I BugleRcsProvisioning: BugleSystemBindingManager: onCsLibPhenotypeUpdated
08-30 17:32:19.138 28605  6597 I CarrierServices: [300654] dly.b: Using MCC based URL
08-30 17:32:19.140 28605  6597 I CarrierServices: [300654] dec.s: ProvisioningEngineManager: onCsLibPhenotypeUpdated, provisioningTaskInBugleEnabled = true, currentProvisioningStrategy = dig
08-30 17:32:19.145 11750 11773 I BugleRcsEngine: [422096] aqay.b: SystemBindingManager: force P/H Flag update scheduled and start updateBinding
08-30 17:32:19.145 11750 11773 I Bugle   : RcsAvailabilityUtilForProvisioningEngineV2: onCsLibPhenotypeUpdated
08-30 17:32:19.146 11750 11782 I BugleRcsEngine: [422105] bapt.b: Using MCC based URL
08-30 17:32:19.148 11750 11777 I BugleRcsEngine: [422101] aytw.run: SystemBindingManager: SystemBinding enabled: true
08-30 17:32:19.148 11750 11777 I BugleRcsEngine: [422101] aytx.b: System Binding updated
08-30 17:32:19.148 11750 11799 I BugleRcsEngine: [422117] bapt.b: Using MCC based URL
08-30 17:32:19.194 12028 12028 W earchbox:searc: JIT profile information will not be recorded: profile file does not exist.
08-30 17:32:19.194 12028 12028 W earchbox:searc: JIT profile information will not be recorded: profile file does not exist.
08-30 17:32:19.213 11968 11987 I ding:backgroun: Waiting for a blocking GC ProfileSaver
08-30 17:32:19.228 12028 12028 I Perf    : Connecting to perf service.
08-30 17:32:19.235 11968 11987 I ding:backgroun: WaitForGcToComplete blocked ProfileSaver on AddRemoveAppImageSpace for 22.491ms
08-30 17:32:19.252 12028 12028 D NetworkSecurityConfig: Using Network Security Config from resource network_security_config debugBuild: false
08-30 17:32:19.257 11968 11980 I ding:backgroun: WaitForGcToComplete blocked RunEmptyCheckpoint on ProfileSaver for 21.203ms
08-30 17:32:19.259 12028 12028 D NetworkSecurityConfig: Using Network Security Config from resource network_security_config debugBuild: false
08-30 17:32:19.365 12028 12028 I MultiDex: VM with version 2.1.0 has multidex support
08-30 17:32:19.366 12028 12028 I MultiDex: Installing application
08-30 17:32:19.366 12028 12028 I MultiDex: VM has multidex support, MultiDex support library is disabled.
08-30 17:32:19.427 11273 11415 I chatty  : uid=10590(com.ZmassProductions.GravitySpace) expire 988 lines
08-30 17:32:19.430   990  1154 I chatty  : uid=1000(system) HwBinder:990_1 expire 137 lines
08-30 17:32:19.519 12028 12063 W earchbox:searc: Accessing hidden field Ljava/util/Collections$SynchronizedCollection;->mutex:Ljava/lang/Object; (greylist-max-o, reflection, denied)
08-30 17:32:19.519 12028 12063 W earchbox:searc: Accessing hidden method Ljava/util/Collections$SynchronizedSet;-><init>(Ljava/util/Set;Ljava/lang/Object;)V (greylist-max-o, reflection, denied)
08-30 17:32:19.519 12028 12063 W earchbox:searc: Accessing hidden method Ljava/util/Collections$SynchronizedCollection;-><init>(Ljava/util/Collection;Ljava/lang/Object;)V (greylist-max-o, reflection, denied)
08-30 17:32:19.666 11273 11826 I chatty  : uid=10590(com.ZmassProductions.GravitySpace) expire 1 line
08-30 17:32:19.681  1140  1177 I chatty  : uid=1000(system) Binder:1140_2 expire 4 lines
08-30 17:32:19.695 11273 11829 I chatty  : uid=10590(com.ZmassProductions.GravitySpace) expire 2 lines
08-30 17:32:19.718 12028 12028 I A       : Initializing GMS Compliance Client Library...
08-30 17:32:19.718 12028 12028 I A       : Checking for device compliance...
08-30 17:32:19.719 12028 12028 I A       : Completed library init.
08-30 17:32:19.738 12028 12073 I EventBusThread: (REDACTED) Event Bus thread starting with TID %d
08-30 17:32:19.761 12028 12028 I SearchServiceCore: We were killed and are starting back!
08-30 17:32:19.793 12028 12076 I TetheringManager: registerTetheringEventCallback:com.google.android.googlequicksearchbox
08-30 17:32:19.797  1140  1176 I chatty  : uid=1000(system) Binder:1140_1 expire 8 lines
08-30 17:32:19.799 12028 12076 I Search.LoginHelperImpl: Getting accounts.
08-30 17:32:19.802 12028 12079 I A       : (REDACTED) Device Compliance Fetch time taken = %sms
08-30 17:32:19.802 12028 12079 I A       : Device is compliant!
08-30 17:32:19.802 12028 12079 I A       : Invoking "compliant" action...
08-30 17:32:19.823 12028 12073 I A       : (REDACTED) Util.isLowRamDevice: %b, canUsePreemptibleAudioSource: %b
08-30 17:32:19.826 16190 16210 I FacsCacheGmsModule: Receiving API connection to FACS API from package 'com.google.android.googlequicksearchbox'...
08-30 17:32:19.833 16190 16210 I FacsCacheGmsModule: API connection successful!
08-30 17:32:19.834  1677  1732 W BroadcastQueue: Permission Denial: broadcasting Intent { act=com.google.android.apps.gmm.NAVIGATION_STATE flg=0x10 pkg=com.google.android.googlequicksearchbox (has extras) } from null (pid=-1, uid=-1) requires com.google.android.googlequicksearchbox.permission.LAUNCH_FROM_GMM due to registered receiver BroadcastFilter{903692b 10098/u0 ReceiverList{66d9d7a 12028 com.google.android.googlequicksearchbox:search/10098/u0 remote:e6fc5a5}}
08-30 17:32:19.834  1677  1732 W BroadcastQueue: Permission Denial: broadcasting Intent { act=com.google.android.apps.gmm.NAVIGATION_STATE flg=0x10 pkg=com.google.android.gms (has extras) } from null (pid=-1, uid=-1) requires com.google.android.googlequicksearchbox.permission.LAUNCH_FROM_GMM due to registered receiver BroadcastFilter{903692b 10098/u0 ReceiverList{66d9d7a 12028 com.google.android.googlequicksearchbox:search/10098/u0 remote:e6fc5a5}}
08-30 17:32:19.838 17716 17716 D BoundBrokerSvc: onBind: Intent { act=com.google.android.gms.facs.internal.service.START dat=chimera-action:com.google.android.gms.facs.internal.service.START cmp=com.google.android.gms/.chimera.GmsInternalApiService }
08-30 17:32:19.838 17716 17716 D BoundBrokerSvc: Loading bound service for intent: Intent { act=com.google.android.gms.facs.internal.service.START dat=chimera-action:com.google.android.gms.facs.internal.service.START cmp=com.google.android.gms/.chimera.GmsInternalApiService }
08-30 17:32:19.847 17716 24707 I FacsCacheGmsModule: Receiving API connection to internal FACS API...
08-30 17:32:19.847 17716 24707 I FacsCacheGmsModule: API connection successful!
08-30 17:32:19.853 12028 12065 I GsaConfigFlagsSyncer: Flags already sync'ed.
08-30 17:32:19.859 12028 12076 I A       : ColdBootHelper constructor
08-30 17:32:19.863 12028 12073 I A       : getLocaleToModelSpecsMap
08-30 17:32:19.863 12028 12073 I A       : Last known config is null
08-30 17:32:19.863 12028 12073 I A       : Fetching latest config from MDD...
08-30 17:32:19.863 12028 12073 I HotwordModelConfigFetch: fetching config from MDD
08-30 17:32:19.868 12028 12073 I A       : getLocaleToModelSpecsMap
08-30 17:32:19.868 12028 12073 I A       : Last known config is null
08-30 17:32:19.868 12028 12073 I A       : Fetching latest config from MDD...
08-30 17:32:19.868 12028 12073 I HotwordModelConfigFetch: fetching config from MDD
08-30 17:32:19.868 12028 12073 I A       : Proto config empty. Exit merge.
08-30 17:32:19.891 12028 12073 I MicroDetectionWorker: (REDACTED) Initializing MicroDataManager InitializeType-%d, isForced-%b, isActivePhoneEnrollment-%b isActiveGoogleHomeEnrollment-%b
08-30 17:32:19.894 12028 12066 I A       : getLocaleToModelSpecsMap
08-30 17:32:19.894 12028 12066 I A       : Proto config empty. Exit merge.
08-30 17:32:19.895 12028 12066 I MicroDataManager: (REDACTED) Location for model with model type: %s and locale: %s, is : %s
08-30 17:32:19.895 12028 12073 I A       : getLocaleToModelSpecsMap
08-30 17:32:19.895 12028 12073 I A       : Proto config empty. Exit merge.
08-30 17:32:19.906 12028 12073 I MicroDetectionState: (REDACTED) Should stop hotword detection immediately - %b
08-30 17:32:19.923 12028 12065 W DynamiteModule: Local module descriptor class for com.google.android.gms.googlecertificates not found.
08-30 17:32:19.923 12028 12066 I MicroModelsUtil: (REDACTED) #getHotwordModel [locale: %s, modelType: %s]
08-30 17:32:19.924 12028 12071 I A       : #initializeLanguages
08-30 17:32:19.937 12028 12065 I DynamiteModule: Considering local module com.google.android.gms.googlecertificates:0 and remote module com.google.android.gms.googlecertificates:7
08-30 17:32:19.937 12028 12065 I DynamiteModule: Selected remote version of com.google.android.gms.googlecertificates, version >= 7
08-30 17:32:19.937 12028 12065 V DynamiteModule: Dynamite loader version >= 2, using loadModule2NoCrashUtils
08-30 17:32:19.940 12028 12097 I A       : load shared preferences: file not found
08-30 17:32:19.946 12028 12065 W System  : ClassLoader referenced unknown path: 
08-30 17:32:19.947 12028 12079 I FedAssExpListener: Successfully processed experiments changed.
08-30 17:32:19.951 12028 12072 I OpaEligibilityChecker: send OpaEligibilityChange broadcast to CommonBroadcastReceiver
08-30 17:32:19.967 12028 12065 I DynamiteLoaderV2Impl: [71] com.google.android.gms.googlecertificates
08-30 17:32:19.969 12028 12088 I BistoSettingsListener: listener created
08-30 17:32:19.977 12028 12028 I SearchWidgetFlow: (REDACTED) GsaWidgetProvider:onReceive(%s) started
08-30 17:32:19.980 12028 12073 I SearchWidgetFlow: GsaWidgetSessionController:handleGenericClientEvent
08-30 17:32:19.995  1677  4482 D ConnectivityService: requestNetwork for uid/pid:10098/12028 NetworkRequest [ TRACK_DEFAULT id=94008, [ Capabilities: INTERNET&NOT_RESTRICTED&TRUSTED Uid: 10098 AdministratorUids: [] RequestorUid: 10098 RequestorPackageName: com.google.android.googlequicksearchbox] ]
08-30 17:32:19.995  1677  2041 D ConnectivityService: NetReassign [94008 : null → 193]
08-30 17:32:19.998  3016  3016 D PhoneSwitcherNetworkRequstListener: got request NetworkRequest [ TRACK_DEFAULT id=94008, [ Capabilities: INTERNET&NOT_RESTRICTED&TRUSTED Uid: 10098 AdministratorUids: [] RequestorUid: 10098 RequestorPackageName: com.google.android.googlequicksearchbox] ] with score 60 and providerId 2
08-30 17:32:20.001 12028 12044 I A       : getLocaleToModelSpecsMap
08-30 17:32:20.001 12028 12044 I A       : Proto config empty. Exit merge.
08-30 17:32:20.001 12028 12044 I A       : (REDACTED) hasHotwordEverywhere-%b
08-30 17:32:20.008 12028 12073 I SearchWidgetFlow: (REDACTED) SearchWidgetWorker:handleIntent(%s) started
08-30 17:32:20.010 12028 12044 I MicroModelsUtil: (REDACTED) #getHotwordModelFromMobstore [mobstoreUri: %s]
08-30 17:32:20.010 12028 12072 I MicroModelsUtil: (REDACTED) #getHotwordModelFromMobstore [mobstoreUri: %s]
08-30 17:32:20.011 12028 12076 I A       : (REDACTED) group %s present %s in %s
08-30 17:32:20.012 12028 12090 I A       : (REDACTED) Loaded shared library: %s
08-30 17:32:20.012 12028 12076 I A       : (REDACTED) incrementApaDataDownloadStoreStatus(latency = %s, appVersion = %s, status = %s, locale = %s, fileGroupnames = %s, accountScoped = %s, localGroupsAvailable = %s, timeSinceSearchBoot = %s (%s), timeSinceDataDownloadInit = %s (%s))
08-30 17:32:20.014 12028 12071 I A       : NGA disabled since it's running Panthera and at least one a11y feature is on.
08-30 17:32:20.015 12028 12071 I A       : (REDACTED) Nga state changed to %s
08-30 17:32:20.018 12028 12072 I HotwordModelConfigFetch: (REDACTED) Loading %s from MDD with version=%d
08-30 17:32:20.019 12028 12028 I SearchWidgetFlow: (REDACTED) SearchWidget:handleIntent(%s)
08-30 17:32:20.019 12028 12090 I Search.LoginHelperImpl: (REDACTED) Successfully received auth token for scope: %s in time %d ms
08-30 17:32:20.021 12028 12101 I MicroDataManager: (REDACTED) MicroDataManager InitializationTask. googleHotwordData is null: true, hotwordModel is null: %b , sourceLocationOfCurrentHotwordModel %s
08-30 17:32:20.021 13241 13241 I AudioManager: In isBluetoothScoOn(), calling application: com.sonymobile.gameenhancer
08-30 17:32:20.022 12028 12073 I A       : getLocaleToModelSpecsMap
08-30 17:32:20.022 12028 12073 I A       : Proto config empty. Exit merge.
08-30 17:32:20.022 13241 13241 I AudioManager: In isBluetoothScoOn(), calling application: com.sonymobile.gameenhancer
08-30 17:32:20.023 12028 12072 I HotwordModelConfigFetch: (REDACTED) Loading %s from MDD with version=%d
08-30 17:32:20.024 12028 12079 I A       : (REDACTED) Setting isLegacySQLite mode to %s.
08-30 17:32:20.026 12028 12073 I MicroDetectionState: (REDACTED) Should stop hotword detection immediately - %b
08-30 17:32:20.033  1677  2333 D ConnectivityService: requestNetwork for uid/pid:10098/12028 NetworkRequest [ TRACK_DEFAULT id=94009, [ Capabilities: INTERNET&NOT_RESTRICTED&TRUSTED Uid: 10098 AdministratorUids: [] RequestorUid: 10098 RequestorPackageName: com.google.android.googlequicksearchbox] ]
08-30 17:32:20.034  1677  2041 D ConnectivityService: NetReassign [94009 : null → 193]
08-30 17:32:20.034  3016  3016 D PhoneSwitcherNetworkRequstListener: got request NetworkRequest [ TRACK_DEFAULT id=94009, [ Capabilities: INTERNET&NOT_RESTRICTED&TRUSTED Uid: 10098 AdministratorUids: [] RequestorUid: 10098 RequestorPackageName: com.google.android.googlequicksearchbox] ] with score 60 and providerId 2
08-30 17:32:20.035 12028 12071 I A       : NGA disabled since it's running Panthera and at least one a11y feature is on.
08-30 17:32:20.038 12028 12073 W SearchServiceCore: Abort, client detached.
08-30 17:32:20.039  1677  2041 D ConnectivityService: NetReassign [no changes]
08-30 17:32:20.038 12028 12073 W SearchServiceCore: Abort, client detached.
08-30 17:32:20.043 12028 12088 I HotwordModelConfigFetch: model map update futures resolved.
08-30 17:32:20.043 12028 12086 I HotwordModelConfigFetch: model map update futures resolved.
08-30 17:32:20.048 12028 12066 W linker  : Warning: "/data/app/~~E-eDgckT1-K1fPGEIRNe8g==/com.google.android.googlequicksearchbox-YEgnPlypAGc6nyiiAWC2Dg==/base.apk!/lib/arm64-v8a/libcronet.105.0.5195.17.so" unused DT entry: unknown processor-specific (type 0x70000001 arg 0x0) (ignoring)
08-30 17:32:20.055 12028 12044 I HotwordService: (REDACTED) Model ID: %s
08-30 17:32:20.056 12028 12044 I HotwordService: (REDACTED) hotwordModelLocation is null %b, locale is %s, re-mapped Chinese locale %s
08-30 17:32:20.057 12028 12044 W A       : isAlwaysOnHotwordAvailable but still checking isVoiceEverywhereEnabled
08-30 17:32:20.061 12028 12107 D CompatibilityChangeReporter: Compat change id reported: 150939131; UID 10098; state: ENABLED
08-30 17:32:20.061 12028 12066 I cr_CronetLibraryLoader: Cronet version: 105.0.5195.17, arch: aarch64
08-30 17:32:20.065 12028 12076 I SearchWidgetFlow: (REDACTED) SearchWidgetWorker:handleIntent(%s) done
08-30 17:32:20.067 12028 12076 I SearchWidgetFlow: (REDACTED) GsaWidgetProvider:onReceive(%s) done
08-30 17:32:20.067 12028 12073 W SearchServiceCore: Abort, client detached.
08-30 17:32:20.072 12028 12071 I FedAssSettingsBuildType: BuildType: Release
08-30 17:32:20.072 12028 12071 I A       : (REDACTED) getFlSettingEnabledWithSettingsToggle: %b
08-30 17:32:20.076 12028 12065 I AppIntegrationPVE: (REDACTED) maybeAddIsGrpcSupported %s %d %b
08-30 17:32:20.076 12028 12065 W AppIntegrationPVE: (REDACTED) Package %s is not eligible to retrieve TngMorris Information
08-30 17:32:20.076 12028 12084 I AppIntegrationPVE: (REDACTED) maybeAddIsGrpcSupported %s %d %b
08-30 17:32:20.076 12028 12084 W AppIntegrationPVE: (REDACTED) Package %s is not eligible to retrieve TngMorris Information
08-30 17:32:20.082 11750 12027 I AssistantConnector: Fetched assistant config: bcae@d11074
08-30 17:32:20.084 11750 12027 I AssistantConfig: #isTngMorrisSupported = Optional.absent()
08-30 17:32:20.086 12028 12079 I DeviceDetector: Is not a headset device
08-30 17:32:20.087 12028 12079 I DeviceDetector: Is not a headset device
08-30 17:32:20.087 12028 12079 I DeviceDetector: Is not a headset device
08-30 17:32:20.088 12028 12079 I DeviceDetector: Marked as a known non-bisto device
08-30 17:32:20.089 12028 12079 I DeviceDetector: Marked as a known non-bisto device
08-30 17:32:20.090 12028 12079 I DeviceDetector: Is not a headset device
08-30 17:32:20.090 12028 12079 I DeviceDetector: Marked as a known non-bisto device
08-30 17:32:20.091 12028 12079 I DeviceDetector: Is not a headset device
08-30 17:32:20.091 12028 12079 I DeviceDetector: Marked as a known non-bisto device
08-30 17:32:20.092 12028 12079 I DeviceDetector: Marked as a known non-bisto device
08-30 17:32:20.093 12028 12079 I DeviceDetector: Is not a headset device
08-30 17:32:20.093 12028 12079 I DeviceDetector: Is not a headset device
08-30 17:32:20.094 12028 12079 I DeviceDetector: Marked as a known non-bisto device
08-30 17:32:20.097 12028 12079 I chatty  : uid=10098(com.google.android.googlequicksearchbox) BG Thread #3 identical 8 lines
08-30 17:32:20.098 12028 12079 I DeviceDetector: Marked as a known non-bisto device
08-30 17:32:20.099 12028 12079 I DeviceDetector: Marked as a known non-bisto device
08-30 17:32:20.101 12028 12079 I DeviceDetector: Marked as a known non-bisto device
08-30 17:32:20.102 12028 12079 I DeviceDetector: Is not a headset device
08-30 17:32:20.102 12028 12079 I DeviceDetector: Marked as a known non-bisto device
08-30 17:32:20.103 12028 12079 I DeviceDetector: Marked as a known non-bisto device
08-30 17:32:20.103 12028 12079 I DeviceDetector: Is not a headset device
08-30 17:32:20.104 12028 12079 I DeviceDetector: Is not a headset device
08-30 17:32:20.104 12028 12079 I DeviceDetector: Marked as a known non-bisto device
08-30 17:32:20.105 12028 12079 I DeviceDetector: Marked as a known non-bisto device
08-30 17:32:20.106 12028 12079 I DeviceDetector: Is not a headset device
08-30 17:32:20.106 12028 12079 I DeviceDetector: Marked as a known non-bisto device
08-30 17:32:20.107 12028 12079 I DeviceDetector: Marked as a known non-bisto device
08-30 17:32:20.107 12028 12079 I DeviceDetector: Marked as a known non-bisto device
08-30 17:32:20.108 12028 12079 I DeviceDetector: Marked as a known non-bisto device
08-30 17:32:20.109 12028 12079 I DeviceDetector: Is not a headset device
08-30 17:32:20.109 12028 12079 I DeviceDetector: Marked as a known non-bisto device
08-30 17:32:20.110 12028 12079 I DeviceDetector: Is not a headset device
08-30 17:32:20.110 12028 12079 I DeviceDetector: Marked as a known non-bisto device
08-30 17:32:20.113 12028 12079 I DeviceDetector: Marked as a known non-bisto device
08-30 17:32:20.126 23116 23207 I MicroModelsUtil: (REDACTED) #getHotwordModelFromMobstore [mobstoreUri: %s]
08-30 17:32:20.129 23116 23207 I GsaVoiceInteractionSrv: (REDACTED) hotwordModel is null :  %b
08-30 17:32:20.131 11750 11777 I BugleEtouffee: EtouffeeStateMachine: Ensuring state machine consistency
08-30 17:32:20.134 23116 23207 I BistoHotwordHelper: (REDACTED) getHotwordActive::active query: %s, watch: %s, devices connected: %s
08-30 17:32:20.134 23116 23207 I GsaVoiceInteractionSrv: #checkDspStatus
08-30 17:32:20.134 23116 23207 I BistoHotwordHelper: (REDACTED) setting speaker id present: %b
08-30 17:32:20.134 23116 23207 I BistoHotwordHelper: (REDACTED) setting hotword model of size: %d bytes
08-30 17:32:20.134 23116 23207 I BistoHotwordHelper: (REDACTED) setting modeltype: %s
08-30 17:32:20.134 23116 23207 I BistoHotwordHelper: (REDACTED) setHotwordVoiceLocale: prev: %s, new: %s
08-30 17:32:20.134 23116 23207 I BistoHotwordHelper: (REDACTED) setSodaUsed: prev: %b, new: %b
08-30 17:32:20.135 11750 11795 I BugleEtouffee: EtouffeeStateMachine: onRegistrationUpdate from Tachyon, previousState: REGISTERED_WITH_PREKEYS, newState: REGISTERED_WITH_PREKEYS, reason: STARTUP_ENSURE_CONSISTENCY
08-30 17:32:20.137 12028 12073 W SessionLifecycleManager: (REDACTED) Client : %s has no associated SessionController
08-30 17:32:20.138 11750 11773 I BugleEtouffee: EtouffeeStateMachine: E2EE provisioning state update, Previous Etouffee status: PROVISIONED, New Etouffee status: PROVISIONED
08-30 17:32:20.145 11750 11807 D StrictMode: StrictMode policy violation: android.os.strictmode.DiskReadViolation
08-30 17:32:20.145 11750 11807 D StrictMode: 	at android.os.StrictMode$AndroidBlockGuardPolicy.onReadFromDisk(StrictMode.java:1596)
08-30 17:32:20.145 11750 11807 D StrictMode: 	at libcore.io.BlockGuardOs.open(BlockGuardOs.java:249)
08-30 17:32:20.145 11750 11807 D StrictMode: 	at libcore.io.ForwardingOs.open(ForwardingOs.java:166)
08-30 17:32:20.145 11750 11807 D StrictMode: 	at android.app.ActivityThread$AndroidOs.open(ActivityThread.java:7596)
08-30 17:32:20.145 11750 11807 D StrictMode: 	at libcore.io.IoUtils.canOpenReadOnly(IoUtils.java:275)
08-30 17:32:20.145 11750 11807 D StrictMode: 	at dalvik.system.DexPathList$NativeLibraryElement.findNativeLibrary(DexPathList.java:884)
08-30 17:32:20.145 11750 11807 D StrictMode: 	at dalvik.system.DexPathList.findLibrary(DexPathList.java:595)
08-30 17:32:20.145 11750 11807 D StrictMode: 	at dalvik.system.BaseDexClassLoader.findLibrary(BaseDexClassLoader.java:281)
08-30 17:32:20.145 11750 11807 D StrictMode: 	at java.lang.Runtime.loadLibrary0(Runtime.java:1061)
08-30 17:32:20.145 11750 11807 D StrictMode: 	at java.lang.Runtime.loadLibrary0(Runtime.java:1008)
08-30 17:32:20.145 11750 11807 D StrictMode: 	at java.lang.System.loadLibrary(System.java:1664)
08-30 17:32:20.145 11750 11807 D StrictMode: 	at anpr.a(PG:1)
08-30 17:32:20.145 11750 11807 D StrictMode: 	at acxy.<init>(PG:1)
08-30 17:32:20.145 11750 11807 D StrictMode: 	at adea.a(PG:1)
08-30 17:32:20.145 11750 11807 D StrictMode: 	at thf.g(PG:80)
08-30 17:32:20.145 11750 11807 D StrictMode: 	at thf.b(PG:385)
08-30 17:32:20.145 11750 11807 D StrictMode: 	at ccxl.b(PG:1)
08-30 17:32:20.145 11750 11807 D StrictMode: 	at acol.a(PG:6)
08-30 17:32:20.145 11750 11807 D StrictMode: 	at brpb.a(PG:2)
08-30 17:32:20.145 11750 11807 D StrictMode: 	at bwdu.d(PG:2)
08-30 17:32:20.145 11750 11807 D StrictMode: 	at bwdw.run(PG:9)
08-30 17:32:20.145 11750 11807 D StrictMode: 	at bfhk.run(PG:1)
08-30 17:32:20.145 11750 11807 D StrictMode: 	at bfhr.run(PG:23)
08-30 17:32:20.145 11750 11807 D StrictMode: 	at bfgm.run(PG:2)
08-30 17:32:20.145 11750 11807 D StrictMode: 	at bfgw.run(PG:4)
08-30 17:32:20.145 11750 11807 D StrictMode: 	at java.lang.Thread.run(Thread.java:923)
08-30 17:32:20.147 11750 11807 D StrictMode: StrictMode policy violation: android.os.strictmode.DiskReadViolation
08-30 17:32:20.147 11750 11807 D StrictMode: 	at android.os.StrictMode$AndroidBlockGuardPolicy.onReadFromDisk(StrictMode.java:1596)
08-30 17:32:20.147 11750 11807 D StrictMode: 	at libcore.io.BlockGuardOs.open(BlockGuardOs.java:249)
08-30 17:32:20.147 11750 11807 D StrictMode: 	at libcore.io.ForwardingOs.open(ForwardingOs.java:166)
08-30 17:32:20.147 11750 11807 D StrictMode: 	at android.app.ActivityThread$AndroidOs.open(ActivityThread.java:7596)
08-30 17:32:20.147 11750 11807 D StrictMode: 	at libcore.io.IoUtils.canOpenReadOnly(IoUtils.java:275)
08-30 17:32:20.147 11750 11807 D StrictMode: 	at dalvik.system.DexPathList$NativeLibraryElement.findNativeLibrary(DexPathList.java:884)
08-30 17:32:20.147 11750 11807 D StrictMode: 	at dalvik.system.DexPathList.findLibrary(DexPathList.java:595)
08-30 17:32:20.147 11750 11807 D StrictMode: 	at dalvik.system.BaseDexClassLoader.findLibrary(BaseDexClassLoader.java:281)
08-30 17:32:20.147 11750 11807 D StrictMode: 	at java.lang.Runtime.loadLibrary0(Runtime.java:1061)
08-30 17:32:20.147 11750 11807 D StrictMode: 	at java.lang.Runtime.loadLibrary0(Runtime.java:1008)
08-30 17:32:20.147 11750 11807 D StrictMode: 	at java.lang.System.loadLibrary(System.java:1664)
08-30 17:32:20.147 11750 11807 D StrictMode: 	at anpr.a(PG:1)
08-30 17:32:20.147 11750 11807 D StrictMode: 	at acxy.<init>(PG:1)
08-30 17:32:20.147 11750 11807 D StrictMode: 	at adea.a(PG:1)
08-30 17:32:20.147 11750 11807 D StrictMode: 	at thf.g(PG:80)
08-30 17:32:20.147 11750 11807 D StrictMode: 	at thf.b(PG:385)
08-30 17:32:20.147 11750 11807 D StrictMode: 	at ccxl.b(PG:1)
08-30 17:32:20.147 11750 11807 D StrictMode: 	at acnm.a(PG:4)
08-30 17:32:20.147 11750 11807 D StrictMode: 	at acol.a(PG:8)
08-30 17:32:20.147 11750 11807 D StrictMode: 	at brpb.a(PG:2)
08-30 17:32:20.147 11750 11807 D StrictMode: 	at bwdu.d(PG:2)
08-30 17:32:20.147 11750 11807 D StrictMode: 	at bwdw.run(PG:9)
08-30 17:32:20.147 11750 11807 D StrictMode: 	at bfhk.run(PG:1)
08-30 17:32:20.147 11750 11807 D StrictMode: 	at bfhr.run(PG:23)
08-30 17:32:20.147 11750 11807 D StrictMode: 	at bfgm.run(PG:2)
08-30 17:32:20.147 11750 11807 D StrictMode: 	at bfgw.run(PG:4)
08-30 17:32:20.147 11750 11807 D StrictMode: 	at java.lang.Thread.run(Thread.java:923)
08-30 17:32:20.147 11750 11777 I FirebaseApp: Device unlocked: initializing all Firebase APIs for app [DEFAULT]
08-30 17:32:20.154 11750 11777 I BugleNetwork: FirebaseRegistrationStartupTask: Enabling Firebase component
08-30 17:32:20.162 11750 11773 I SqlStatement: executing sql stmt: SELECT count(*) FROM sqlite_master WHERE type='table' AND name = ?;
08-30 17:32:20.165 11750 11773 I SqlStatement: executing sql stmt: SELECT schema_version FROM scytale_057736071d94765935ef49f03cae5d7be94913b388dc36c5b025fdab2e311d0f70_db_configuration
08-30 17:32:20.171 11750 11773 I native  : I0000 00:00:1661895140.169744   11773 db_store.cc:98] Loading an existing database with version 15
08-30 17:32:20.171 11750 11773 I native  : I0000 00:00:1661895140.171493   11773 db_store.cc:507] Checking presence of tables, run_sqlite_master_schema_validation=true, run_per_table_schema_validation=true
08-30 17:32:20.174 11750 11773 I SqlStatement: executing sql stmt: select tbl_name from sqlite_master WHERE type='table' AND tbl_name LIKE ? ORDER BY name;
08-30 17:32:20.187 11750 11773 I native  : I0000 00:00:1661895140.186944   11773 db_store.cc:418] Database schema, prefix=scytale_057736071d94765935ef49f03cae5d7be94913b388dc36c5b025fdab2e311d0f70_
08-30 17:32:20.187 11750 11773 I SqlStatement: executing sql stmt: select sql from sqlite_master WHERE type='table' AND tbl_name LIKE ? ORDER BY name;
08-30 17:32:20.191 11750 11773 I native  : I0000 00:00:1661895140.191280   11773 db_store.cc:439] Database schema=CREATE TABLE scytale_057736071d94765935ef49f03cae5d7be94913b388dc36c5b025fdab2e311d0f70_db_configuration(single_row INTEGER NOT NULL DEFAULT 1,schema_version INTEGER NOT NULL,PRIMARY KEY(single_row) CHECK(single_row = 1))
08-30 17:32:20.191 11750 11773 I native  : I0000 00:00:1661895140.191484   11773 db_store.cc:439] Database schema=CREATE TABLE scytale_057736071d94765935ef49f03cae5d7be94913b388dc36c5b025fdab2e311d0f70_identity_keys(device_id TEXT NOT NULL,identity_key BLOB NOT NULL,revision_timestamp_millis LONG NOT NULL DEFAULT(0),PRIMARY KEY(device_id) )
08-30 17:32:20.191 11750 11773 I native  : I0000 00:00:1661895140.191567   11773 db_store.cc:439] Database schema=CREATE TABLE scytale_057736071d94765935ef49f03cae5d7be94913b388dc36c5b025fdab2e311d0f70_message_otks(user_id TEXT NOT NULL,message_id TEXT NOT NULL,otk BLOB NOT NULL,insert_timestamp_millis LONG NOT NULL DEFAULT(0),PRIMARY KEY(message_id, user_id) )
08-30 17:32:20.191 11750 11773 I native  : I0000 00:00:1661895140.191641   11773 db_store.cc:439] Database schema=CREATE TABLE scytale_057736071d94765935ef49f03cae5d7be94913b388dc36c5b025fdab2e311d0f70_prekeys(key_id INTEGER NOT NULL,key_type INTEGER NOT NULL DEFAULT(0),prekey BLOB ,timestamp_millis LONG ,PRIMARY KEY(key_id) )
08-30 17:32:20.191 11750 11773 I native  : I0000 00:00:1661895140.191734   11773 db_store.cc:439] Database schema=CREATE TABLE scytale_057736071d94765935ef49f03cae5d7be94913b388dc36c5b025fdab2e311d0f70_received_message_state(message_id TEXT NOT NULL,message_state INTEGER NOT NULL DEFAULT(0),insert_timestamp_millis LONG NOT NULL DEFAULT(0),PRIMARY KEY(message_id) )
08-30 17:32:20.191 11750 11773 I native  : I0000 00:00:1661895140.191919   11773 db_store.cc:439] Database schema=CREATE TABLE scytale_057736071d94765935ef49f03cae5d7be94913b388dc36c5b025fdab2e311d0f70_sent_message_digests(message_id TEXT NOT NULL,device_id TEXT NOT NULL,message_digest BLOB NOT NULL,insert_timestamp_millis LONG NOT NULL DEFAULT(0),PRIMARY KEY(message_id, device_id) )
08-30 17:32:20.192 11750 11773 I native  : I0000 00:00:1661895140.192115   11773 db_store.cc:439] Database schema=CREATE TABLE scytale_057736071d94765935ef49f03cae5d7be94913b388dc36c5b025fdab2e311d0f70_sessions(device_id TEXT NOT NULL DEFAULT(0),session BLOB ,PRIMARY KEY(device_id) )
08-30 17:32:20.196 11750 11773 I BugleEtouffee: CryptoV2Provider: Base crypto created
08-30 17:32:20.197 11750 11773 I SqlStatement: executing sql stmt: SELECT `key_id` FROM `scytale_057736071d94765935ef49f03cae5d7be94913b388dc36c5b025fdab2e311d0f70_prekeys` WHERE key_type = 0 LIMIT 1
08-30 17:32:20.198 11750 11794 I BugleRcsProvisioning: RcsProvisioningTrigger: Schedule provisioning on app startup
08-30 17:32:20.203 11750 11794 W BugleRcsEngine: [422114] baei.b: [SR]: Single Registration is disabled. Skipping Single Registration capability check for subId: 3, OS.isAtLeastS:[false], enableSingleRegistrationProvisioning:[false]
08-30 17:32:20.204 11750 11794 I BugleRcsProvisioning: RcsProvisioningTrigger: DR is active, initializing DR provisioning. DUAL_REG
08-30 17:32:20.205 11750 11773 W BugleRcsEngine: [422096] baei.b: [SR]: Single Registration is disabled. Skipping Single Registration capability check for subId: 3, OS.isAtLeastS:[false], enableSingleRegistrationProvisioning:[false]
08-30 17:32:20.205 11750 11784 I BugleNetwork: Startup: registering tachyon.
08-30 17:32:20.208 11750 11784 I BugleNetwork: Startup: registering tachyon for phone.
08-30 17:32:20.212 11750 11773 I BugleRcsEngine: [422096] tcs.k: Scheduled provisioning task with 0 seconds delay, KEEP policy
08-30 17:32:20.223 11750 11799 I BugleMDD: MddBackgroundStartupTask: Scheduled MDD periodic tasks.
08-30 17:32:20.224 11750 11807 I BugleNetwork: TachyonPhoneRegistration: Ensuring Tachyon phone registration
08-30 17:32:20.236 16190 16190 I Wear_Controller: Wearable module requires a companion app to be installed.
08-30 17:32:20.236 16190 16190 I WearableService: onCreate: Wearable Services not starting. Wear is not available on this device.
08-30 17:32:20.240 16190 16213 W WearableService: onGetService: Wear is not available on this device.
08-30 17:32:20.253 11750 11773 I Bugle   : VerifiedSmsStartupTask: Checking if Verified SMS tasks should be enqueued. feature supported: true, feature enabled: true, eligible / has registered key: true, C11N: true
08-30 17:32:20.255 11750 11807 I Bugle   : VerifiedSmsStartupTask: Verified SMS is enabled.
08-30 17:32:20.256 11750 11807 I Bugle   : VerifiedSmsStartupTask: Not enqueuing Verified SMS key rotation work since interval frequency is unchanged. interval frequency: 1209600000
08-30 17:32:20.256 11750 11807 I Bugle   : VerifiedSmsStartupTask: Calling C11N to get phone numbers...
08-30 17:32:20.263 11750 11807 I Bugle   : VerifiedSmsRegistrationHelper: The device doesn't have a new IMSI not registered with VSMS.
08-30 17:32:20.263 11750 11804 I Bugle   : VerifiedSmsStartupTask: C11N registration didn't update with any new data.
08-30 17:32:20.564   613   613 I chatty  : uid=1000(system) /system/bin/servicemanager expire 50 lines
08-30 17:32:20.845 11750 11795 I BugleRcsProvisioning: BugleSystemBindingManager: onBuglePhenotypeFlagChanged
08-30 17:32:20.846 11750 11795 I BugleRcsProvisioning: BugleSystemBindingManager: onCsLibPhenotypeUpdated
08-30 17:32:20.849 11750 11795 I BugleRcsEngine: [422113] aqay.b: SystemBindingManager: force P/H Flag update scheduled and start updateBinding
08-30 17:32:20.850 11750 11799 I BugleRcsEngine: [422117] bapt.b: Using MCC based URL
08-30 17:32:20.851 11750 11804 I BugleTransport: isChatAvailable: RcsAvailability is AVAILABLE (RCS is setup)
08-30 17:32:20.852 11750 11795 I BugleDataModel: TransactionManagerImpl: tx:  ParticipantsColumnSetter#updatePhenotypeColumn  started
08-30 17:32:20.856 11750 11794 I BugleRcsEngine: [422114] aytw.run: SystemBindingManager: SystemBinding enabled: true
08-30 17:32:20.857 11750 11794 I BugleRcsEngine: [422114] aytx.b: System Binding updated
08-30 17:32:20.858 11750 11784 I BugleRcsEngine: [422107] bapt.b: Using MCC based URL
08-30 17:32:20.867 11750 11777 I BugleTransport: isChatAvailable: true, enabledTransport: 2
08-30 17:32:20.869 11750 11782 I RcsClientLib: Connecting RcsEngineLifecycleService
08-30 17:32:20.872 11750 11795 I BugleDataModel: TransactionManagerImpl: tx:  ParticipantsColumnSetter#updatePhenotypeColumn  ended
08-30 17:32:20.872 11750 11782 I RcsClientLib: shouldUseCarrierServicesJibeService: true, CarrierServices rcs service found: true
08-30 17:32:20.874 11750 11750 I RcsClientLib: com.google.android.rcs.client.lifecycle.RcsEngineLifecycleService connected
08-30 17:32:20.876 28605 28716 I CarrierServices: [300599] RcsEngineImpl.triggerStopRcsStack: Stop Registration for redacted-pii:phone_number[chars:12,last2:25]
08-30 17:32:20.877 28605 28711 I CarrierServices: [300596] dnz.handleMessage: RCS engine STOP RCS stack
08-30 17:32:20.877 11750 11803 I RcsClientLib: Disconnecting RcsEngineLifecycleService
08-30 17:32:21.021 13241 13241 I AudioManager: In isBluetoothScoOn(), calling application: com.sonymobile.gameenhancer
08-30 17:32:21.022 13241 13241 I AudioManager: In isBluetoothScoOn(), calling application: com.sonymobile.gameenhancer
08-30 17:32:21.069 11273 11435 I chatty  : uid=10590(com.ZmassProductions.GravitySpace) expire 14 lines
08-30 17:32:21.077  1140  1177 I chatty  : uid=1000(system) Binder:1140_2 expire 9 lines
08-30 17:32:21.806   990  1362 I chatty  : uid=1000(system) HwBinder:990_3 expire 602 lines
08-30 17:32:21.922   614   614 I hwservicemanager: getTransport: Cannot find entry android.hardware.power.stats@1.0::IPowerStats/default in either framework or device manifest.
08-30 17:32:21.922   614   614 I hwservicemanager: getTransport: Cannot find entry android.hardware.power@1.0::IPower/default in either framework or device manifest.
08-30 17:32:21.923   614   614 I hwservicemanager: getTransport: Cannot find entry android.hardware.power.stats@1.0::IPowerStats/default in either framework or device manifest.
08-30 17:32:21.923   614   614 I hwservicemanager: getTransport: Cannot find entry android.hardware.power@1.0::IPower/default in either framework or device manifest.
08-30 17:32:21.926  8347  8347 D DeviceStatisticsService: chargerType=2 batteryLevel=40 totalBatteryCapacity=2155500
08-30 17:32:21.972  1677  2309 W ActivityManager: Foreground service started from background can not have location/camera/microphone access: service au.com.vodafone.dreamlabapp/.workflow.calculation.NotificationService
08-30 17:32:22.007  1140  1176 I chatty  : uid=1000(system) Binder:1140_1 expire 2 lines
08-30 17:32:22.022 13241 13241 I AudioManager: In isBluetoothScoOn(), calling application: com.sonymobile.gameenhancer
08-30 17:32:22.023 13241 13241 I AudioManager: In isBluetoothScoOn(), calling application: com.sonymobile.gameenhancer
08-30 17:32:22.357  1140  1177 I chatty  : uid=1000(system) Binder:1140_2 expire 2 lines
08-30 17:32:22.590  1140  1176 E FrameEvents: addQueue: but current frame has not composited!
08-30 17:32:22.707  1140  1176 E FrameEvents: addQueue: but current frame has not composited!
08-30 17:32:22.823  1140  1176 E FrameEvents: addQueue: but current frame has not composited!
08-30 17:32:22.939  1140  1176 E FrameEvents: addQueue: but current frame has not composited!
08-30 17:32:23.023 13241 13241 I AudioManager: In isBluetoothScoOn(), calling application: com.sonymobile.gameenhancer
08-30 17:32:23.023 13241 13241 I AudioManager: In isBluetoothScoOn(), calling application: com.sonymobile.gameenhancer
08-30 17:32:23.056  1140  1176 E FrameEvents: addQueue: but current frame has not composited!
08-30 17:32:23.171  1140  1176 E FrameEvents: addQueue: but current frame has not composited!
08-30 17:32:23.211  1007  1007 I QTI PowerHAL: Power setBoost: 0, duration: 0
08-30 17:32:23.213  1007  1007 I QTI PowerHAL: Power setBoost: 0, duration: 0
08-30 17:32:23.213 11273 11416 I chatty  : uid=10590(com.ZmassProductions.GravitySpace) expire 2 lines
08-30 17:32:23.214  1677  1842 I DisplayBoostState: isBoosted: false
08-30 17:32:23.214  1677  1842 V DisplayPowerController: Brightness [0.24671412] reason changing to: 'automatic', previous reason: 'automatic [ dim ]'.
08-30 17:32:23.221  1018  1018 D illumination-service: 'backlight': Color ff0f0f0f, BrMode 0, OnMS 0, OffMS 0, Mode 0
08-30 17:32:23.222  1018  1039 D lcd-backlight: update_backlight_locked: target 233,  hdr_enable false
08-30 17:32:23.234  1018  1018 D illumination-service: 'backlight': Color ff121212, BrMode 0, OnMS 0, OffMS 0, Mode 0
08-30 17:32:23.234  1018  1039 D lcd-backlight: update_backlight_locked: target 281,  hdr_enable false
08-30 17:32:23.248 16190 16392 I NearbyFastPair: TriangleSessionTracker: flush media count=1, media duration=10s, call count=0 [CONTEXT service_id=265 ]
08-30 17:32:23.248 16190 16392 W NearbyFastPair: TriangleLogger logSession: disable [CONTEXT service_id=265 ]
08-30 17:32:23.251  1018  1018 D illumination-service: 'backlight': Color ff151515, BrMode 0, OnMS 0, OffMS 0, Mode 0
08-30 17:32:23.252  1018  1039 D lcd-backlight: update_backlight_locked: target 329,  hdr_enable false
08-30 17:32:23.268  1018  1018 D illumination-service: 'backlight': Color ff191919, BrMode 0, OnMS 0, OffMS 0, Mode 0
08-30 17:32:23.268  1018  1039 D lcd-backlight: update_backlight_locked: target 394,  hdr_enable false
08-30 17:32:23.284  1018  1018 D illumination-service: 'backlight': Color ff1c1c1c, BrMode 0, OnMS 0, OffMS 0, Mode 0
08-30 17:32:23.284  1018  1039 D lcd-backlight: update_backlight_locked: target 442,  hdr_enable false
08-30 17:32:23.287  1140  1176 E FrameEvents: addQueue: but current frame has not composited!
08-30 17:32:23.301  1018  1018 D illumination-service: 'backlight': Color ff1f1f1f, BrMode 0, OnMS 0, OffMS 0, Mode 0
08-30 17:32:23.301  1018  1039 D lcd-backlight: update_backlight_locked: target 490,  hdr_enable false
08-30 17:32:23.318  1018  1018 D illumination-service: 'backlight': Color ff232323, BrMode 0, OnMS 0, OffMS 0, Mode 0
08-30 17:32:23.318  1018  1039 D lcd-backlight: update_backlight_locked: target 555,  hdr_enable false
08-30 17:32:23.334  1018  1018 D illumination-service: 'backlight': Color ff262626, BrMode 0, OnMS 0, OffMS 0, Mode 0
08-30 17:32:23.334  1018  1039 D lcd-backlight: update_backlight_locked: target 603,  hdr_enable false
08-30 17:32:23.350  1018  1018 D illumination-service: 'backlight': Color ff292929, BrMode 0, OnMS 0, OffMS 0, Mode 0
08-30 17:32:23.351  1018  1039 D lcd-backlight: update_backlight_locked: target 651,  hdr_enable false
08-30 17:32:23.368  1018  1018 D illumination-service: 'backlight': Color ff2c2c2c, BrMode 0, OnMS 0, OffMS 0, Mode 0
08-30 17:32:23.368  1018  1039 D lcd-backlight: update_backlight_locked: target 699,  hdr_enable false
08-30 17:32:23.384  1018  1018 D illumination-service: 'backlight': Color ff303030, BrMode 0, OnMS 0, OffMS 0, Mode 0
08-30 17:32:23.384  1018  1039 D lcd-backlight: update_backlight_locked: target 764,  hdr_enable false
08-30 17:32:23.401  1018  1018 D illumination-service: 'backlight': Color ff333333, BrMode 0, OnMS 0, OffMS 0, Mode 0
08-30 17:32:23.401  1018  1039 D lcd-backlight: update_backlight_locked: target 812,  hdr_enable false
08-30 17:32:23.403  1140  1176 E FrameEvents: addQueue: but current frame has not composited!
08-30 17:32:23.417  1018  1018 D illumination-service: 'backlight': Color ff363636, BrMode 0, OnMS 0, OffMS 0, Mode 0
08-30 17:32:23.418  1018  1039 D lcd-backlight: update_backlight_locked: target 860,  hdr_enable false
08-30 17:32:23.434  1018  1018 D illumination-service: 'backlight': Color ff3a3a3a, BrMode 0, OnMS 0, OffMS 0, Mode 0
08-30 17:32:23.434  1018  1039 D lcd-backlight: update_backlight_locked: target 925,  hdr_enable false
08-30 17:32:23.450  1018  1018 D illumination-service: 'backlight': Color ff3d3d3d, BrMode 0, OnMS 0, OffMS 0, Mode 0
08-30 17:32:23.450  1018  1039 D lcd-backlight: update_backlight_locked: target 973,  hdr_enable false
08-30 17:32:23.467  1677  1842 I DisplayBoostState: isBoosted: false
08-30 17:32:23.467  1018  1018 D illumination-service: 'backlight': Color ff404040, BrMode 0, OnMS 0, OffMS 0, Mode 0
08-30 17:32:23.467  1018  1039 D lcd-backlight: update_backlight_locked: target 1021,  hdr_enable false
08-30 17:32:23.521  1140  1177 E FrameEvents: addQueue: but current frame has not composited!
08-30 17:32:23.636  1140  1177 E FrameEvents: addQueue: but current frame has not composited!
08-30 17:32:23.731 11868 11922 I Finsky  : [422124] fqm.run(14): Initializing the instant apps module.
08-30 17:32:23.739 11868 11923 I Finsky  : [422125] qef.h(1): Triggered update for experiment package com.google.android.finsky.stable.
08-30 17:32:23.752  1140  1176 E FrameEvents: addQueue: but current frame has not composited!
08-30 17:32:23.762 11868 11895 I SnapshotHandler: Unable to retrieve flag snapshot for com.google.android.gms.phenotype, using defaults.
08-30 17:32:23.763 11868 12193 E PhenotypeCombinedFlags: Config package com.google.android.gms.phenotype cannot use PROCESS_STABLE backing without declarative registration. See go/phenotype-android-integration#phenotype for more information. This will lead to stale flags.
08-30 17:32:23.764 11868 12193 E PhenotypeCombinedFlags: Config package com.google.android.gms.phenotype cannot use PROCESS_STABLE backing without declarative registration. See go/phenotype-android-integration#phenotype for more information. This will lead to stale flags.
08-30 17:32:23.769 11868 11904 I Finsky  : [422115] zeh.b(1): Restoring notifications
08-30 17:32:23.775 11868 11904 I Finsky  : [422115] zeh.b(4): Done restoring notifications
08-30 17:32:23.795 11868 12193 E PhenotypeCombinedFlags: Config package com.google.android.gms.phenotype cannot use PROCESS_STABLE backing without declarative registration. See go/phenotype-android-integration#phenotype for more information. This will lead to stale flags.
08-30 17:32:23.799 11868 12193 E PhenotypeCombinedFlags: Config package com.google.android.gms.phenotype cannot use PROCESS_STABLE backing without declarative registration. See go/phenotype-android-integration#phenotype for more information. This will lead to stale flags.
