--------- beginning of system
08-30 17:31:39.148  1677  5490 I ActivityTaskManager: START u0 {flg=0x10000000 cmp=com.ZmassProductions.GravitySpace/com.epicgames.unreal.SplashActivity} from uid 2000
08-30 17:31:39.152  1677  5490 V ActivityTaskManager: Calling mServicetracker.OnActivityStateChange with flag falsestateINITIALIZING
08-30 17:31:39.180  1677  5490 V ActivityTaskManager: Calling mServicetracker.OnActivityStateChange with flag truestateINITIALIZING
08-30 17:31:39.202  1677  5490 V ActivityTaskManager: Calling mServicetracker.OnActivityStateChange with flag truestateRESUMED
08-30 17:31:39.203  1677  5490 V ActivityTaskManager: Calling mServicetracker.OnActivityStateChange with flag truestatePAUSING
08-30 17:31:39.203  1677  5490 V ActivityTaskManager: Calling mServicetracker.OnActivityStateChange with flag falsestatePAUSING
08-30 17:31:39.204  1677  5490 V ActivityTaskManager: Calling mServicetracker.OnActivityStateChange with flag truestateFINISHING
08-30 17:31:39.205  1677  5490 V ActivityTaskManager: Calling mServicetracker.OnActivityStateChange with flag falsestateFINISHING
08-30 17:31:39.206  1677  5490 V ActivityTaskManager: Calling mServicetracker.OnActivityStateChange with flag truestateFINISHING
08-30 17:31:39.206  1677  5490 V ActivityTaskManager: Calling mServicetracker.OnActivityStateChange with flag truestateDESTROYING
08-30 17:31:39.206  1677  5490 V ActivityTaskManager: Calling mServicetracker.OnActivityStateChange with flag falsestateDESTROYING
08-30 17:31:39.212  1677  1718 W ActivityManager: ProcessRecord{1967e64 0:com.ZmassProductions.GravitySpace/u0a590}: ART verification disabled
08-30 17:31:39.212  1677  1718 D CompatibilityChangeReporter: Compat change id reported: 135634846; UID 10590; state: DISABLED
08-30 17:31:39.212  1677  1718 D CompatibilityChangeReporter: Compat change id reported: 135754954; UID 10590; state: DISABLED
08-30 17:31:39.212  1677  1733 D CompatibilityChangeReporter: Compat change id reported: 143937733; UID 10590; state: DISABLED
08-30 17:31:39.245  1677  4904 V ActivityTaskManager: Calling mServicetracker.OnActivityStateChange with flag truestatePAUSED
08-30 17:31:39.248  1677  4904 V ActivityTaskManager: Calling mServicetracker.OnActivityStateChange with flag falsestatePAUSED
08-30 17:31:39.249  1677  4904 V ActivityTaskManager: Calling mServicetracker.OnActivityStateChange with flag truestateRESUMED
08-30 17:31:39.259  1677  1733 I ActivityManager: Start proc 11273:com.ZmassProductions.GravitySpace/u0a590 for pre-top-activity {com.ZmassProductions.GravitySpace/com.epicgames.unreal.SplashActivity}
08-30 17:31:39.267  1677  5490 I ActivityManager: Process com.google.android.permissioncontroller (pid 11135) has died: cch+5 CEM 
08-30 17:31:39.312  1677  5490 V ActivityTaskManager: Calling mServicetracker.OnActivityStateChange with flag truestateRESUMED
08-30 17:31:39.312  1677  5490 V ActivityTaskManager: Calling mServicetracker.OnActivityStateChange with flag falsestateRESUMED
08-30 17:31:39.392  1677  4905 D CompatibilityChangeReporter: Compat change id reported: 135634846; UID 10155; state: DISABLED
08-30 17:31:39.392  1677  4905 D CompatibilityChangeReporter: Compat change id reported: 135754954; UID 10155; state: ENABLED
08-30 17:31:39.392  1677  1733 D CompatibilityChangeReporter: Compat change id reported: 143937733; UID 10155; state: ENABLED
08-30 17:31:39.414  1677  1733 I ActivityManager: Start proc 11298:com.sonymobile.gameenhancer.browser/u0a155 for service {com.sonymobile.gameenhancer.browser/com.sonymobile.gameenhancer.browser.SearchService}
08-30 17:31:39.418  1677  4905 W BluetoothManagerService: psc is not null in bindBluetoothProfileService
08-30 17:31:39.424  1677  4905 D ConnectivityService: requestNetwork for uid/pid:10039/13241 NetworkRequest [ TRACK_DEFAULT id=93997, [ Capabilities: INTERNET&NOT_RESTRICTED&TRUSTED Uid: 10039 AdministratorUids: [] RequestorUid: 10039 RequestorPackageName: com.sonymobile.gameenhancer] ]
08-30 17:31:39.424  1677  2041 D ConnectivityService: NetReassign [93997 : null → 193]
08-30 17:31:39.561  1677  2041 D ConnectivityService: NetReassign [no changes]
08-30 17:31:39.614  1677  4904 V ActivityTaskManager: Calling mServicetracker.OnActivityStateChange with flag truestateDESTROYED
08-30 17:31:39.614  1677  4904 V ActivityTaskManager: Calling mServicetracker.OnActivityStateChange with flag falsestateDESTROYED
08-30 17:31:39.618  1677  3242 E SparseMappingTable: can't store negative values key=0x6070018 index=0 value=-22248342 -- SparseMappingTable.Table{mSequence=146 mParent.mSequence=146 mParent.mLongs.size()=2 mSize=16 mTable=[0x14/0x0/0x605, 0x15/0x0/0x604, 0x16/0x0/0x606, 0x18/0x0/0x607, 0x19/0x0/0x765, 0x1a/0x0/0x764, 0x1b/0x0/0x766, 0x1d/0x0/0x767, 0x1e/0x0/0xa5f, 0x1f/0x0/0xa5e, 0x20/0x0/0xa60, 0x22/0x0/0xa61, 0x23/0x0/0x8de, 0x24/0x0/0x8dd, 0x25/0x0/0x8df, 0x27/0x0/0x8e0, 0x0/0x0/0x0, 0x0/0x0/0x0, 0x0/0x0/0x0] clazz=com.android.internal.app.procstats.DurationsTable}
08-30 17:31:39.618  1677  3242 E SparseMappingTable: java.lang.RuntimeException: Stack trace
08-30 17:31:39.618  1677  3242 E SparseMappingTable: 	at com.android.internal.app.procstats.SparseMappingTable.logOrThrow(SparseMappingTable.java:645)
08-30 17:31:39.618  1677  3242 E SparseMappingTable: 	at com.android.internal.app.procstats.SparseMappingTable.access$400(SparseMappingTable.java:46)
08-30 17:31:39.618  1677  3242 E SparseMappingTable: 	at com.android.internal.app.procstats.SparseMappingTable$Table.setValue(SparseMappingTable.java:274)
08-30 17:31:39.618  1677  3242 E SparseMappingTable: 	at com.android.internal.app.procstats.SparseMappingTable$Table.setValue(SparseMappingTable.java:259)
08-30 17:31:39.618  1677  3242 E SparseMappingTable: 	at com.android.internal.app.procstats.DurationsTable.addDuration(DurationsTable.java:49)
08-30 17:31:39.618  1677  3242 E SparseMappingTable: 	at com.android.internal.app.procstats.ServiceState.setForeground(ServiceState.java:380)
08-30 17:31:39.618  1677  3242 E SparseMappingTable: 	at com.android.server.am.ActiveServices.setServiceForegroundInnerLocked(ActiveServices.java:1613)
08-30 17:31:39.618  1677  3242 E SparseMappingTable: 	at com.android.server.am.ActiveServices.setServiceForegroundLocked(ActiveServices.java:1078)
08-30 17:31:39.618  1677  3242 E SparseMappingTable: 	at com.android.server.am.ActivityManagerService.setServiceForeground(ActivityManagerService.java:15647)
08-30 17:31:39.618  1677  3242 E SparseMappingTable: 	at android.app.IActivityManager$Stub.onTransact(IActivityManager.java:3136)
08-30 17:31:39.618  1677  3242 E SparseMappingTable: 	at com.android.server.am.ActivityManagerService.onTransact(ActivityManagerService.java:3017)
08-30 17:31:39.618  1677  3242 E SparseMappingTable: 	at android.os.Binder.execTransactInternal(Binder.java:1159)
08-30 17:31:39.618  1677  3242 E SparseMappingTable: 	at android.os.Binder.execTransact(Binder.java:1123)
08-30 17:31:39.637  1677  5490 I ActivityTaskManager: START u0 {flg=0x10000 cmp=com.ZmassProductions.GravitySpace/com.epicgames.unreal.GameActivity (has extras)} from uid 10590
08-30 17:31:39.638  1677  5490 V ActivityTaskManager: Calling mServicetracker.OnActivityStateChange with flag falsestateINITIALIZING
08-30 17:31:39.638  1677  5490 V ActivityTaskManager: Calling mServicetracker.OnActivityStateChange with flag truestateINITIALIZING
08-30 17:31:39.641  1677  5490 V ActivityTaskManager: Calling mServicetracker.OnActivityStateChange with flag truestateRESUMED
08-30 17:31:39.641  1677  5490 V ActivityTaskManager: Calling mServicetracker.OnActivityStateChange with flag truestatePAUSING
08-30 17:31:39.642  1677  5490 V ActivityTaskManager: Calling mServicetracker.OnActivityStateChange with flag falsestatePAUSING
08-30 17:31:39.676  1677  3242 W ActivityManager: Permission Denial: Accessing service com.sonyericsson.album/com.sonymobile.somcmediarouter.provider.dlna.DlnaMediaRouteProviderService from pid=13436, uid=10121 that is not exported from uid 10057
08-30 17:31:39.688  1677  4482 V ActivityTaskManager: Calling mServicetracker.OnActivityStateChange with flag truestatePAUSED
08-30 17:31:39.688  1677  4482 V ActivityTaskManager: Calling mServicetracker.OnActivityStateChange with flag falsestatePAUSED
08-30 17:31:39.689  1677  4482 V ActivityTaskManager: Calling mServicetracker.OnActivityStateChange with flag truestateSTOPPING
08-30 17:31:39.689  1677  4482 V ActivityTaskManager: Calling mServicetracker.OnActivityStateChange with flag falsestateSTOPPING
08-30 17:31:39.691  1677  4482 V ActivityTaskManager: Calling mServicetracker.OnActivityStateChange with flag truestateRESUMED
08-30 17:31:39.692  1677  4482 I ActivityTaskManager: The Process com.ZmassProductions.GravitySpace Already Exists in BG. So sending its PID: 11273
08-30 17:31:39.692  1677  4482 W ActivityTaskManager: Tried to set launchTime (0) < mLastActivityLaunchTime (1283950375)
08-30 17:31:39.694  1677  4482 V ActivityTaskManager: Calling mServicetracker.OnActivityStateChange with flag truestateRESUMED
08-30 17:31:39.694  1677  4482 V ActivityTaskManager: Calling mServicetracker.OnActivityStateChange with flag falsestateRESUMED
08-30 17:31:39.952  1677  3242 D ConnectivityService: ConnectivityService NetworkRequestInfo binderDied(NetworkRequest [ TRACK_DEFAULT id=91893, [ Capabilities: INTERNET&NOT_RESTRICTED&TRUSTED Uid: 10121 AdministratorUids: [] RequestorUid: 10121 RequestorPackageName: com.google.android.youtube] ], android.os.BinderProxy@e4f509e)
08-30 17:31:39.953  1677  4479 D ConnectivityService: ConnectivityService NetworkRequestInfo binderDied(NetworkRequest [ LISTEN id=91894, [ Capabilities: INTERNET&NOT_RESTRICTED&TRUSTED&FOREGROUND Uid: 10121 AdministratorUids: [] RequestorUid: 10121 RequestorPackageName: com.google.android.youtube] ], android.os.BinderProxy@a89a77f)
08-30 17:31:39.953  1677  5495 D ConnectivityService: ConnectivityService NetworkRequestInfo binderDied(NetworkRequest [ TRACK_DEFAULT id=91897, [ Capabilities: INTERNET&NOT_RESTRICTED&TRUSTED Uid: 10121 AdministratorUids: [] RequestorUid: 10121 RequestorPackageName: com.google.android.youtube] ], android.os.BinderProxy@1722f95)
08-30 17:31:39.953  1677  2041 D ConnectivityService: releasing NetworkRequest [ TRACK_DEFAULT id=91893, [ Capabilities: INTERNET&NOT_RESTRICTED&TRUSTED Uid: 10121 AdministratorUids: [] RequestorUid: 10121 RequestorPackageName: com.google.android.youtube] ] (release request)
08-30 17:31:39.953  1677  5490 D ConnectivityService: ConnectivityService NetworkRequestInfo binderDied(NetworkRequest [ TRACK_DEFAULT id=91895, [ Capabilities: INTERNET&NOT_RESTRICTED&TRUSTED Uid: 10121 AdministratorUids: [] RequestorUid: 10121 RequestorPackageName: com.google.android.youtube] ], android.os.BinderProxy@a5bd8aa)
08-30 17:31:39.953  1677  2041 D ConnectivityService: releasing NetworkRequest [ TRACK_DEFAULT id=91897, [ Capabilities: INTERNET&NOT_RESTRICTED&TRUSTED Uid: 10121 AdministratorUids: [] RequestorUid: 10121 RequestorPackageName: com.google.android.youtube] ] (release request)
08-30 17:31:39.954  1677  2041 D ConnectivityService: releasing NetworkRequest [ TRACK_DEFAULT id=91895, [ Capabilities: INTERNET&NOT_RESTRICTED&TRUSTED Uid: 10121 AdministratorUids: [] RequestorUid: 10121 RequestorPackageName: com.google.android.youtube] ] (release request)
08-30 17:31:39.954  1677  5333 D ConnectivityService: ConnectivityService NetworkRequestInfo binderDied(NetworkRequest [ TRACK_DEFAULT id=91896, [ Capabilities: INTERNET&NOT_RESTRICTED&TRUSTED Uid: 10121 AdministratorUids: [] RequestorUid: 10121 RequestorPackageName: com.google.android.youtube] ], android.os.BinderProxy@8df334c)
08-30 17:31:39.954  1677  5495 D ConnectivityService: ConnectivityService NetworkRequestInfo binderDied(NetworkRequest [ TRACK_DEFAULT id=92829, [ Capabilities: INTERNET&NOT_RESTRICTED&TRUSTED Uid: 10121 AdministratorUids: [] RequestorUid: 10121 RequestorPackageName: com.google.android.youtube] ], android.os.BinderProxy@29b3c9b)
08-30 17:31:39.955  1677  2376 D ConnectivityService: ConnectivityService NetworkRequestInfo binderDied(NetworkRequest [ TRACK_DEFAULT id=92830, [ Capabilities: INTERNET&NOT_RESTRICTED&TRUSTED Uid: 10121 AdministratorUids: [] RequestorUid: 10121 RequestorPackageName: com.google.android.youtube] ], android.os.BinderProxy@3723838)
08-30 17:31:39.955  1677  2399 I ActivityManager: Process com.google.android.youtube (pid 13436) has died: cch+5 CEM 
08-30 17:31:39.955  1677  2041 D ConnectivityService: releasing NetworkRequest [ TRACK_DEFAULT id=91896, [ Capabilities: INTERNET&NOT_RESTRICTED&TRUSTED Uid: 10121 AdministratorUids: [] RequestorUid: 10121 RequestorPackageName: com.google.android.youtube] ] (release request)
08-30 17:31:39.956  1677  2041 D ConnectivityService: releasing NetworkRequest [ TRACK_DEFAULT id=92829, [ Capabilities: INTERNET&NOT_RESTRICTED&TRUSTED Uid: 10121 AdministratorUids: [] RequestorUid: 10121 RequestorPackageName: com.google.android.youtube] ] (release request)
08-30 17:31:39.957  1677  2041 D ConnectivityService: releasing NetworkRequest [ TRACK_DEFAULT id=92830, [ Capabilities: INTERNET&NOT_RESTRICTED&TRUSTED Uid: 10121 AdministratorUids: [] RequestorUid: 10121 RequestorPackageName: com.google.android.youtube] ] (release request)
08-30 17:31:39.967  1677  1718 W ActivityManager: setHasOverlayUi called on unknown pid: 13436
08-30 17:31:40.006  1677  2333 W ActivityManager: Foreground service started from background can not have location/camera/microphone access: service au.com.vodafone.dreamlabapp/.workflow.calculation.NotificationService
08-30 17:31:40.067  1677  4482 W AppOps  : Noting op not finished: uid 10039 pkg com.sonymobile.gameenhancer code 24 startTime of in progress event=1661895099409
08-30 17:31:40.086  1677  4482 D CompatibilityChangeReporter: Compat change id reported: 135634846; UID 10155; state: DISABLED
08-30 17:31:40.086  1677  1733 D CompatibilityChangeReporter: Compat change id reported: 143937733; UID 10155; state: ENABLED
08-30 17:31:40.217  1677  1733 W ActivityManager: Slow operation: 132ms so far, now at startProcess: returned from zygote!
08-30 17:31:40.217  1677  1733 W ActivityManager: Slow operation: 132ms so far, now at startProcess: done updating battery stats
08-30 17:31:40.217  1677  1733 W ActivityManager: Slow operation: 132ms so far, now at startProcess: building log message
08-30 17:31:40.217  1677  1733 I ActivityManager: Start proc 11370:com.google.android.webview:sandboxed_process0:org.chromium.content.app.SandboxedProcessService0:0/u0i856 for  {com.sonymobile.gameenhancer.browser/org.chromium.content.app.SandboxedProcessService0:0}
08-30 17:31:40.217  1677  1733 W ActivityManager: Slow operation: 132ms so far, now at startProcess: starting to update pids map
08-30 17:31:40.218  1677  1733 W ActivityManager: Slow operation: 133ms so far, now at startProcess: done updating pids map
08-30 17:31:40.314  1677  4482 D ConnectivityService: requestNetwork for uid/pid:10155/11298 NetworkRequest [ TRACK_DEFAULT id=93999, [ Capabilities: INTERNET&NOT_RESTRICTED&TRUSTED Uid: 10155 AdministratorUids: [] RequestorUid: 10155 RequestorPackageName: com.sonymobile.gameenhancer.browser] ]
08-30 17:31:40.314  1677  2041 D ConnectivityService: NetReassign [93999 : null → 193]
08-30 17:31:40.316  1677  2041 D ConnectivityService: NetReassign [no changes]
08-30 17:31:41.086  1677  2376 V ActivityTaskManager: Calling mServicetracker.OnActivityStateChange with flag truestateFINISHING
08-30 17:31:41.086  1677  2376 V ActivityTaskManager: Calling mServicetracker.OnActivityStateChange with flag falsestateFINISHING
08-30 17:31:41.086  1677  2376 V ActivityTaskManager: Calling mServicetracker.OnActivityStateChange with flag truestateDESTROYING
08-30 17:31:41.086  1677  2376 V ActivityTaskManager: Calling mServicetracker.OnActivityStateChange with flag falsestateDESTROYING
08-30 17:31:41.086  1677  2376 V ActivityTaskManager: Calling mServicetracker.OnActivityStateChange with flag truestateSTOPPING
08-30 17:31:41.087  1677  2376 V ActivityTaskManager: Calling mServicetracker.OnActivityStateChange with flag falsestateSTOPPING
08-30 17:31:41.089  1677  2376 V ActivityTaskManager: Calling mServicetracker.OnActivityStateChange with flag truestateDESTROYED
08-30 17:31:41.089  1677  2376 V ActivityTaskManager: Calling mServicetracker.OnActivityStateChange with flag falsestateDESTROYED
08-30 17:31:41.126  1677  4479 V ActivityTaskManager: Calling mServicetracker.OnActivityStateChange with flag truestateSTOPPED
08-30 17:31:41.127  1677  4479 V ActivityTaskManager: Calling mServicetracker.OnActivityStateChange with flag falsestateSTOPPED
08-30 17:31:41.295  1677  5333 W AppOps  : Noting op not finished: uid 10039 pkg com.sonymobile.gameenhancer code 24 startTime of in progress event=1661895099409
08-30 17:31:42.790  1677  5333 W ActivityManager: Foreground service started from background can not have location/camera/microphone access: service au.com.vodafone.dreamlabapp/.workflow.calculation.NotificationService
08-30 17:31:43.060  1677  1677 D CompatibilityChangeReporter: Compat change id reported: 135634846; UID 10130; state: DISABLED
08-30 17:31:43.060  1677  1677 D CompatibilityChangeReporter: Compat change id reported: 135754954; UID 10130; state: ENABLED
08-30 17:31:43.061  1677  1733 D CompatibilityChangeReporter: Compat change id reported: 143937733; UID 10130; state: ENABLED
08-30 17:31:43.076  1677  1677 D CompatibilityChangeReporter: Compat change id reported: 135634846; UID 10060; state: DISABLED
08-30 17:31:43.077  1677  1677 D CompatibilityChangeReporter: Compat change id reported: 135754954; UID 10060; state: ENABLED
08-30 17:31:43.080  1677  1733 I ActivityManager: Start proc 11452:com.google.android.apps.photos/u0a130 for service {com.google.android.apps.photos/com.google.android.libraries.social.mediamonitor.MediaMonitorJobSchedulerService}
08-30 17:31:43.080  1677  1733 D CompatibilityChangeReporter: Compat change id reported: 143937733; UID 10060; state: ENABLED
08-30 17:31:43.110  1677  1733 I ActivityManager: Start proc 11464:com.android.vending/u0a60 for service {com.android.vending/com.google.android.finsky.scheduler.process.mainimpl.PhoneskyJobServiceMain}
08-30 17:31:43.317  1677  4482 D CompatibilityChangeReporter: Compat change id reported: 135634846; UID 10069; state: DISABLED
08-30 17:31:43.317  1677  4482 D CompatibilityChangeReporter: Compat change id reported: 135754954; UID 10069; state: ENABLED
08-30 17:31:43.317  1677  1733 D CompatibilityChangeReporter: Compat change id reported: 143937733; UID 10069; state: ENABLED
08-30 17:31:43.337  1677  1733 I ActivityManager: Start proc 11513:com.google.process.gservices/u0a69 for content provider {com.google.android.gsf/com.google.android.gsf.gservices.GservicesProvider}
08-30 17:31:43.339  1677  2399 D ConnectivityService: requestNetwork for uid/pid:10130/11452 NetworkRequest [ TRACK_DEFAULT id=94001, [ Capabilities: INTERNET&NOT_RESTRICTED&TRUSTED Uid: 10130 AdministratorUids: [] RequestorUid: 10130 RequestorPackageName: com.google.android.apps.photos] ]
08-30 17:31:43.339  1677  2041 D ConnectivityService: NetReassign [94001 : null → 193]
08-30 17:31:43.522  1677  2376 D ConnectivityService: requestNetwork for uid/pid:10060/11464 NetworkRequest [ TRACK_DEFAULT id=94002, [ Capabilities: INTERNET&NOT_RESTRICTED&TRUSTED Uid: 10060 AdministratorUids: [] RequestorUid: 10060 RequestorPackageName: com.android.vending] ]
08-30 17:31:43.523  1677  2041 D ConnectivityService: NetReassign [94002 : null → 193]
08-30 17:31:43.525  1677  2041 D ConnectivityService: NetReassign [no changes]
08-30 17:31:43.569  1677  2399 D CompatibilityChangeReporter: Compat change id reported: 135634846; UID 10069; state: DISABLED
08-30 17:31:43.569  1677  2399 D CompatibilityChangeReporter: Compat change id reported: 135754954; UID 10069; state: ENABLED
08-30 17:31:43.569  1677  1733 D CompatibilityChangeReporter: Compat change id reported: 143937733; UID 10069; state: ENABLED
08-30 17:31:43.587  1677  1733 I ActivityManager: Start proc 11575:com.google.process.gapps/u0a69 for content provider {com.google.android.gsf/com.google.android.gsf.settings.GoogleSettingsProvider}
08-30 17:31:43.628  1677  2333 W UriGrantsManagerService: No permission grants found for com.google.android.apps.photos
08-30 17:31:43.629  1677  2333 W UriGrantsManagerService: No permission grants found for com.google.android.apps.photos
08-30 17:31:43.639  1677  2376 D CompatibilityChangeReporter: Compat change id reported: 149924527; UID 10130; state: ENABLED
08-30 17:31:43.640  1677  2376 D CompatibilityChangeReporter: Compat change id reported: 132649864; UID 10130; state: DISABLED
08-30 17:31:43.763  1677  4482 D ConnectivityService: ConnectivityService NetworkRequestInfo binderDied(NetworkRequest [ TRACK_DEFAULT id=94001, [ Capabilities: INTERNET&NOT_RESTRICTED&TRUSTED Uid: 10130 AdministratorUids: [] RequestorUid: 10130 RequestorPackageName: com.google.android.apps.photos] ], android.os.BinderProxy@a5e128a)
08-30 17:31:43.763  1677  2041 D ConnectivityService: releasing NetworkRequest [ TRACK_DEFAULT id=94001, [ Capabilities: INTERNET&NOT_RESTRICTED&TRUSTED Uid: 10130 AdministratorUids: [] RequestorUid: 10130 RequestorPackageName: com.google.android.apps.photos] ] (release request)
08-30 17:31:43.764  1677  2333 I ActivityManager: Process com.google.android.apps.photos (pid 11452) has died: cch+5 CEM 
08-30 17:31:44.207  1677  5333 D CompatibilityChangeReporter: Compat change id reported: 135634846; UID 10060; state: DISABLED
08-30 17:31:44.207  1677  5333 D CompatibilityChangeReporter: Compat change id reported: 135754954; UID 10060; state: ENABLED
08-30 17:31:44.207  1677  1733 D CompatibilityChangeReporter: Compat change id reported: 143937733; UID 10060; state: ENABLED
08-30 17:31:44.230  1677  1733 I ActivityManager: Start proc 11633:com.android.vending:background/u0a60 for service {com.android.vending/com.google.android.finsky.ipcservers.background.BackgroundGrpcServerAndroidService}
08-30 17:31:44.450  1677  2333 D ConnectivityService: requestNetwork for uid/pid:10060/11633 NetworkRequest [ TRACK_DEFAULT id=94004, [ Capabilities: INTERNET&NOT_RESTRICTED&TRUSTED Uid: 10060 AdministratorUids: [] RequestorUid: 10060 RequestorPackageName: com.android.vending] ]
08-30 17:31:44.451  1677  2041 D ConnectivityService: NetReassign [94004 : null → 193]
--------- beginning of main
08-30 17:31:44.558 11464 11628 I Finsky  : [422129] pnr.accept(21): Pruning stale session for com.google.mainline.telemetry:330458000
08-30 17:31:44.558 11464 11628 W Finsky  : [422129] pua.E(5): Unexpected error abandoning session=785781911. exception=java.lang.SecurityException: Caller has no access to session 785781911
08-30 17:31:44.559  1677  5333 D PackageInstallerSession: Ignoring abandon after commit relinquished control
08-30 17:31:44.559 11464 11628 I Finsky  : [422129] pua.E(4): PackageInstaller: Abandoned the session for com.google.android.trichromelibrary:511209733, sessionId: 1274519916
08-30 17:31:44.560 11464 11628 W Finsky  : [422129] pua.E(5): Unexpected error abandoning session=189107746. exception=java.lang.SecurityException: Caller has no access to session 189107746
08-30 17:31:44.565 11464 11567 I Finsky  : [422097] sjg.apply(16): SCH: Canceling job 3-72935
08-30 17:31:44.567 11464 11546 I Finsky  : [422084] rtc.accept(26): SCH: Scheduling phonesky job Id: 3-72936, CT: 1661894998651, Constraints: [{ L: 0, D: 86400000, C: 2, I: 2, N: 2 }]
08-30 17:31:44.567 11464 11546 I Finsky  : [422084] rtc.accept(26): SCH: Scheduling phonesky job Id: 34-4768, CT: 1661886770252, Constraints: [{ L: 604800000, D: 2492326013, C: 2, I: 2, N: 2 }, { L: 604800000, D: 2492326013, C: 1, I: 2, N: 2 }]
08-30 17:31:44.567   990  1154 E qdmetadata: paramType 2048 not supported
08-30 17:31:44.568 11464 11546 I Finsky  : [422084] rtc.accept(26): SCH: Scheduling phonesky job Id: 34-4771, CT: 1661886770252, Constraints: [{ L: 604800000, D: 2571558407, C: 2, I: 2, N: 2 }, { L: 604800000, D: 2571558407, C: 1, I: 2, N: 2 }]
08-30 17:31:44.568 11464 11546 I Finsky  : [422084] rtc.accept(26): SCH: Scheduling phonesky job Id: 34-4773, CT: 1661886770252, Constraints: [{ L: 73509418, D: 1369509418, C: 2, I: 2, N: 2 }, { L: 73509418, D: 1369509418, C: 1, I: 2, N: 2 }]
08-30 17:31:44.584   990  1154 E qdmetadata: paramType 2048 not supported
08-30 17:31:44.589 11633 11633 I Finsky:background: [2] oet.onTrimMemory(1): Memory trim requested to level 5
08-30 17:31:44.594 11464 11464 I Finsky  : [2] tmv.a(1): Connecting InstallListener to SplitInstallService broadcaster...
08-30 17:31:44.601   990  1154 E qdmetadata: paramType 2048 not supported
08-30 17:31:44.608 11464 11550 I Finsky  : [422088] scl.apply(62): SCH: Scheduling 2 system job(s)
08-30 17:31:44.608 11464 11550 I Finsky  : [422088] scl.apply(68): SCH: Scheduling system job Id: 9702, L: 0, D: 86294043, C: true, I: true, N: 2
08-30 17:31:44.610 11464 11550 I Finsky  : [422088] scl.apply(68): SCH: Scheduling system job Id: 9703, L: 65175060, D: 1361175060, C: false, I: true, N: 2
08-30 17:31:44.617   990  1154 E qdmetadata: paramType 2048 not supported
08-30 17:31:44.627 11464 11567 I Finsky  : [422097] sjg.apply(16): SCH: Canceling job 3-72936
08-30 17:31:44.629 11464 11550 I Finsky  : [422088] rtc.accept(26): SCH: Scheduling phonesky job Id: 34-4768, CT: 1661886770252, Constraints: [{ L: 604800000, D: 2492326013, C: 2, I: 2, N: 2 }, { L: 604800000, D: 2492326013, C: 1, I: 2, N: 2 }]
08-30 17:31:44.630 11464 11550 I Finsky  : [422088] rtc.accept(26): SCH: Scheduling phonesky job Id: 34-4771, CT: 1661886770252, Constraints: [{ L: 604800000, D: 2571558407, C: 2, I: 2, N: 2 }, { L: 604800000, D: 2571558407, C: 1, I: 2, N: 2 }]
08-30 17:31:44.630 11464 11550 I Finsky  : [422088] rtc.accept(26): SCH: Scheduling phonesky job Id: 34-4773, CT: 1661886770252, Constraints: [{ L: 73509418, D: 1369509418, C: 2, I: 2, N: 2 }, { L: 73509418, D: 1369509418, C: 1, I: 2, N: 2 }]
08-30 17:31:44.634   990  1154 E qdmetadata: paramType 2048 not supported
08-30 17:31:44.639 11464 11621 W Finsky  : [422123] pvp.p(70): Package com.android.apex.cts.shim not installed
08-30 17:31:44.641 11464 11621 W Finsky  : [422123] pvp.p(70): Package com.android.art not installed
08-30 17:31:44.642 11464 11621 W Finsky  : [422123] pvp.p(70): Package com.android.i18n not installed
08-30 17:31:44.647 11464 11621 W Finsky  : [422123] pvp.p(70): Package com.android.runtime not installed
08-30 17:31:44.652 11464 11621 W Finsky  : [422123] pvp.p(70): Package com.android.vndk.v30 not installed
08-30 17:31:44.652 11464 11549 I Finsky  : [422087] scl.apply(62): SCH: Scheduling 2 system job(s)
08-30 17:31:44.652 11464 11549 I Finsky  : [422087] scl.apply(68): SCH: Scheduling system job Id: 9709, L: 65175018, D: 1361175018, C: true, I: true, N: 2
08-30 17:31:44.653 11464 11549 I Finsky  : [422087] scl.apply(68): SCH: Scheduling system job Id: 9710, L: 65175017, D: 1361175017, C: false, I: true, N: 2
08-30 17:31:44.697 11464 11671 I Finsky  : [422138] lkt.apply(13): IQ: Creating job 72937, for (REQ_CHARGING, REQ_DEVICE_IDLE, REQ_GEARHEAD_PROJECTION_OFF, NETWORK=UNMETERED, PROVISIONING_STATE=PROVISIONED, PROCESS_IMPORTANCE_THRESHOLD=125)
08-30 17:31:44.698 11464 11671 I Finsky  : [422138] lkt.apply(13): IQ: Creating job 72938, for (REQ_CHARGING, REQ_DEVICE_IDLE, REQ_GEARHEAD_PROJECTION_OFF, IGNORE_HOLDOFF=true, NETWORK=UNMETERED, PROVISIONING_STATE=PROVISIONED, PROCESS_IMPORTANCE_THRESHOLD=125)
08-30 17:31:44.699 11464 11671 I Finsky  : [422138] lqj.C(9): IQ: Bulk scheduling created jobs
08-30 17:31:44.733 11464 11550 I Finsky  : [422088] rtc.accept(26): SCH: Scheduling phonesky job Id: 3-72937, CT: 1661895104699, Constraints: [{ L: 0, D: 86400000, C: 2, I: 2, N: 2 }]
08-30 17:31:44.733 11464 11550 I Finsky  : [422088] rtc.accept(26): SCH: Scheduling phonesky job Id: 3-72938, CT: 1661895104699, Constraints: [{ L: 0, D: 86400000, C: 2, I: 2, N: 2 }]
08-30 17:31:44.738 11464 11550 I Finsky  : [422088] scl.apply(62): SCH: Scheduling 1 system job(s)
08-30 17:31:44.738 11464 11550 I Finsky  : [422088] scl.apply(68): SCH: Scheduling system job Id: 9709, L: 0, D: 86399961, C: true, I: true, N: 2
08-30 17:31:44.915 11464 11631 I Finsky  : [422132] fwb.j(1): Completed 0 account content syncs with 0 successful.
08-30 17:31:44.915 11464 11464 I Finsky  : [2] ContentSyncJob.a(1): [ContentSync] Installation state replication succeeded.
08-30 17:31:44.916 11464 11464 I Finsky  : [2] sis.r(4): SCH: jobFinished: 12-1. TimeElapsed: 1216ms.
08-30 17:31:44.935 11464 11550 I Finsky  : [422088] rtc.accept(26): SCH: Scheduling phonesky job Id: 1-1337, CT: 1661886744229, Constraints: [{ L: 43197496, D: 86397496, C: 1, I: 1, N: 1 }]
08-30 17:31:44.935 11464 11550 I Finsky  : [422088] rtc.accept(26): SCH: Scheduling phonesky job Id: 34-4772, CT: 1661886770252, Constraints: [{ L: 58757964, D: 1354757964, C: 1, I: 1, N: 1 }]
08-30 17:31:44.941 11464 11546 I Finsky  : [422084] scl.apply(62): SCH: Scheduling 1 system job(s)
08-30 17:31:44.941 11464 11546 I Finsky  : [422084] scl.apply(68): SCH: Scheduling system job Id: 9717, L: 34836784, D: 78036784, C: false, I: false, N: 1
08-30 17:31:44.948 11464 11615 I Finsky  : [422120] ski.a(16): SCH: job service finished with id 9686.
08-30 17:31:44.967 11633 11633 I Finsky:background: [2] oet.onTrimMemory(1): Memory trim requested to level 80
08-30 17:31:44.967 11464 11464 I Finsky  : [2] oet.onTrimMemory(1): Memory trim requested to level 80
08-30 17:31:44.968 11464 11464 I Finsky  : [2] lpn.accept(9): Flushing in-memory image cache
08-30 17:31:44.983 13241 13241 I AudioManager: In isBluetoothScoOn(), calling application: com.sonymobile.gameenhancer
08-30 17:31:44.983  1677  2333 I AS.AudioDeviceBroker: In isBluetoothScoOnForApp(), mForcedUseForCommExt: 0
08-30 17:31:44.984 13241 13241 I AudioManager: In isBluetoothScoOn(), calling application: com.sonymobile.gameenhancer
08-30 17:31:44.985  1677  5333 I AS.AudioDeviceBroker: In isBluetoothScoOnForApp(), mForcedUseForCommExt: 0
08-30 17:31:45.051  1677  4482 I ActivityManager: Process com.android.vending:background (pid 11633) has died: cch+15 CEM 
08-30 17:31:45.052   876   876 I Zygote  : Process 11633 exited due to signal 9 (Killed)
08-30 17:31:45.052  1677  1743 I libprocessgroup: Successfully killed process cgroup uid 10060 pid 11633 in 0ms
08-30 17:31:45.052  1677  5333 D ConnectivityService: ConnectivityService NetworkRequestInfo binderDied(NetworkRequest [ TRACK_DEFAULT id=94004, [ Capabilities: INTERNET&NOT_RESTRICTED&TRUSTED Uid: 10060 AdministratorUids: [] RequestorUid: 10060 RequestorPackageName: com.android.vending] ], android.os.BinderProxy@94f8d48)
08-30 17:31:45.052  1677  2041 D ConnectivityService: releasing NetworkRequest [ TRACK_DEFAULT id=94004, [ Capabilities: INTERNET&NOT_RESTRICTED&TRUSTED Uid: 10060 AdministratorUids: [] RequestorUid: 10060 RequestorPackageName: com.android.vending] ] (release request)
08-30 17:31:45.052  1677  4482 W ActivityManager: Scheduling restart of crashed service com.android.vending/com.google.android.finsky.ipcservers.background.BackgroundGrpcServerAndroidService in 1000ms for connection
08-30 17:31:45.069   613   613 I chatty  : uid=1000(system) /system/bin/servicemanager expire 54 lines
08-30 17:31:45.983 13241 13241 I AudioManager: In isBluetoothScoOn(), calling application: com.sonymobile.gameenhancer
08-30 17:31:45.984  1677  3242 I AS.AudioDeviceBroker: In isBluetoothScoOnForApp(), mForcedUseForCommExt: 0
08-30 17:31:45.984 13241 13241 I AudioManager: In isBluetoothScoOn(), calling application: com.sonymobile.gameenhancer
08-30 17:31:45.985  1677  3242 I AS.AudioDeviceBroker: In isBluetoothScoOnForApp(), mForcedUseForCommExt: 0
08-30 17:31:46.984 13241 13241 I AudioManager: In isBluetoothScoOn(), calling application: com.sonymobile.gameenhancer
08-30 17:31:46.985  1677  5333 I AS.AudioDeviceBroker: In isBluetoothScoOnForApp(), mForcedUseForCommExt: 0
08-30 17:31:46.985 13241 13241 I AudioManager: In isBluetoothScoOn(), calling application: com.sonymobile.gameenhancer
08-30 17:31:46.986  1677  3242 I AS.AudioDeviceBroker: In isBluetoothScoOnForApp(), mForcedUseForCommExt: 0
08-30 17:31:47.655  1677  1732 D CompatibilityChangeReporter: Compat change id reported: 135634846; UID 10079; state: DISABLED
08-30 17:31:47.655  1677  1732 D CompatibilityChangeReporter: Compat change id reported: 135754954; UID 10079; state: ENABLED
08-30 17:31:47.656  1677  1733 D CompatibilityChangeReporter: Compat change id reported: 143937733; UID 10079; state: ENABLED
08-30 17:31:47.688   876   876 D Zygote  : Forked child process 11685
08-30 17:31:47.689  1677  1733 I ActivityManager: Start proc 11685:com.google.android.apps.turbo/u0a79 for broadcast {com.google.android.apps.turbo/com.google.android.apps.turbo.nudges.broadcasts.BatteryStatusChangedReceiver}
08-30 17:31:47.699 11685 11685 E roid.apps.turb: Not starting debugger since process cannot load the jdwp agent.
08-30 17:31:47.729 11685 11685 I roid.apps.turb: The ClassLoaderContext is a special shared library.
08-30 17:31:47.755  8347  8347 D DeviceStatisticsService: chargerType=2 batteryLevel=41 totalBatteryCapacity=2104600
08-30 17:31:47.779  1677  2309 W ActivityManager: Foreground service started from background can not have location/camera/microphone access: service au.com.vodafone.dreamlabapp/.workflow.calculation.NotificationService
08-30 17:31:47.789 11685 11685 I Perf    : Connecting to perf service.
08-30 17:31:47.801 11685 11685 D NetworkSecurityConfig: No Network Security Config specified, using platform default
08-30 17:31:47.802 11685 11685 D NetworkSecurityConfig: No Network Security Config specified, using platform default
08-30 17:31:47.989 13241 13241 I AudioManager: In isBluetoothScoOn(), calling application: com.sonymobile.gameenhancer
08-30 17:31:47.990  1677  2309 I AS.AudioDeviceBroker: In isBluetoothScoOnForApp(), mForcedUseForCommExt: 0
08-30 17:31:47.990 13241 13241 I AudioManager: In isBluetoothScoOn(), calling application: com.sonymobile.gameenhancer
08-30 17:31:47.990  1677  2309 I AS.AudioDeviceBroker: In isBluetoothScoOnForApp(), mForcedUseForCommExt: 0
08-30 17:31:48.002  1677  2333 D ConnectivityService: ConnectivityService NetworkRequestInfo binderDied(NetworkRequest [ TRACK_DEFAULT id=94002, [ Capabilities: INTERNET&NOT_RESTRICTED&TRUSTED Uid: 10060 AdministratorUids: [] RequestorUid: 10060 RequestorPackageName: com.android.vending] ], android.os.BinderProxy@12154b7)
08-30 17:31:48.002  1677  3242 D ConnectivityService: ConnectivityService NetworkRequestInfo binderDied(NetworkRequest [ LISTEN id=94003, [ Capabilities: INTERNET&NOT_RESTRICTED&TRUSTED Uid: 10060 AdministratorUids: [] RequestorUid: 10060 RequestorPackageName: com.android.vending] ], android.os.BinderProxy@f8b0424)
08-30 17:31:48.002  1677  5333 I ActivityManager: Process com.android.vending (pid 11464) has died: cch+15 CEM 
08-30 17:31:48.003  1677  2041 D ConnectivityService: releasing NetworkRequest [ TRACK_DEFAULT id=94002, [ Capabilities: INTERNET&NOT_RESTRICTED&TRUSTED Uid: 10060 AdministratorUids: [] RequestorUid: 10060 RequestorPackageName: com.android.vending] ] (release request)
08-30 17:31:48.003  1677  1743 I libprocessgroup: Successfully killed process cgroup uid 10060 pid 11464 in 0ms
08-30 17:31:48.003   876   876 I Zygote  : Process 11464 exited due to signal 9 (Killed)
08-30 17:31:48.986 13241 13241 I AudioManager: In isBluetoothScoOn(), calling application: com.sonymobile.gameenhancer
08-30 17:31:48.986  1677  5333 I AS.AudioDeviceBroker: In isBluetoothScoOnForApp(), mForcedUseForCommExt: 0
08-30 17:31:48.987 13241 13241 I AudioManager: In isBluetoothScoOn(), calling application: com.sonymobile.gameenhancer
08-30 17:31:48.987  1677  2309 I AS.AudioDeviceBroker: In isBluetoothScoOnForApp(), mForcedUseForCommExt: 0
08-30 17:31:49.987 13241 13241 I AudioManager: In isBluetoothScoOn(), calling application: com.sonymobile.gameenhancer
08-30 17:31:49.988  1677  5333 I AS.AudioDeviceBroker: In isBluetoothScoOnForApp(), mForcedUseForCommExt: 0
08-30 17:31:49.989 13241 13241 I AudioManager: In isBluetoothScoOn(), calling application: com.sonymobile.gameenhancer
08-30 17:31:49.989  1677  5333 I AS.AudioDeviceBroker: In isBluetoothScoOnForApp(), mForcedUseForCommExt: 0
08-30 17:31:50.988 13241 13241 I AudioManager: In isBluetoothScoOn(), calling application: com.sonymobile.gameenhancer
08-30 17:31:50.989  1677  5333 I AS.AudioDeviceBroker: In isBluetoothScoOnForApp(), mForcedUseForCommExt: 0
08-30 17:31:50.989 13241 13241 I AudioManager: In isBluetoothScoOn(), calling application: com.sonymobile.gameenhancer
08-30 17:31:50.989  1677  5333 I AS.AudioDeviceBroker: In isBluetoothScoOnForApp(), mForcedUseForCommExt: 0
08-30 17:31:51.140 16190 11365 I CastDatabase: Saving the database
08-30 17:31:51.150 16190 11365 E SQLiteCastStore: Skip saving CastDeviceInfo: "Dispositivo próximo" (__cast_nearby___V_c1ac2574-de71-4ff7-b4c0-ab751addb9b2)
08-30 17:31:51.161 16190 11365 I SQLiteCastStore: [CastNetworkInfo] saved: 4, skipped: 0, [CastDeviceInfo]: saved 2, skipped 1, [Paired Guest Mode DeviceInfo] saved: 0, skipped: 0. [ProbedNetworks]: saved 0, skipped: 0, [ProbedSocketAddress]: saved 36, skipped: 0, [Network-Device pairs]: saved: 8
08-30 17:31:51.989 13241 13241 I AudioManager: In isBluetoothScoOn(), calling application: com.sonymobile.gameenhancer
08-30 17:31:51.989  1677  5333 I AS.AudioDeviceBroker: In isBluetoothScoOnForApp(), mForcedUseForCommExt: 0
08-30 17:31:51.990 13241 13241 I AudioManager: In isBluetoothScoOn(), calling application: com.sonymobile.gameenhancer
08-30 17:31:51.990  1677  5333 I AS.AudioDeviceBroker: In isBluetoothScoOnForApp(), mForcedUseForCommExt: 0
08-30 17:31:52.990 13241 13241 I AudioManager: In isBluetoothScoOn(), calling application: com.sonymobile.gameenhancer
08-30 17:31:52.991  1677  2309 I AS.AudioDeviceBroker: In isBluetoothScoOnForApp(), mForcedUseForCommExt: 0
08-30 17:31:52.991 13241 13241 I AudioManager: In isBluetoothScoOn(), calling application: com.sonymobile.gameenhancer
08-30 17:31:52.991  1677  5333 I AS.AudioDeviceBroker: In isBluetoothScoOnForApp(), mForcedUseForCommExt: 0
08-30 17:31:53.062  1677  1689 I system_server: Background concurrent copying GC freed 321574(17MB) AllocSpace objects, 77(2196KB) LOS objects, 25% free, 69MB/93MB, paused 69us total 180.292ms
08-30 17:31:53.068  1677  1691 W System  : A resource failed to call release. 
08-30 17:31:53.068  1677  1691 I chatty  : uid=1000(system) FinalizerDaemon identical 2 lines
08-30 17:31:53.993 13241 13241 I AudioManager: In isBluetoothScoOn(), calling application: com.sonymobile.gameenhancer
08-30 17:31:53.993  1677  2309 I chatty  : uid=1000(system) Binder:1677_9 expire 8 lines
08-30 17:31:53.993 13241 13241 I AudioManager: In isBluetoothScoOn(), calling application: com.sonymobile.gameenhancer
08-30 17:31:53.994  1677  5333 I chatty  : uid=1000(system) Binder:1677_1B expire 17 lines
08-30 17:31:54.993 13241 13241 I AudioManager: In isBluetoothScoOn(), calling application: com.sonymobile.gameenhancer
08-30 17:31:54.993 13241 13241 I AudioManager: In isBluetoothScoOn(), calling application: com.sonymobile.gameenhancer
08-30 17:31:55.790   614   614 I hwservicemanager: getTransport: Cannot find entry android.hardware.power.stats@1.0::IPowerStats/default in either framework or device manifest.
08-30 17:31:55.791   614   614 I hwservicemanager: getTransport: Cannot find entry android.hardware.power@1.0::IPower/default in either framework or device manifest.
08-30 17:31:55.792  1677  1752 I chatty  : uid=1000(system) batterystats-wo expire 4 lines
08-30 17:31:55.792   614   614 I hwservicemanager: getTransport: Cannot find entry android.hardware.power.stats@1.0::IPowerStats/default in either framework or device manifest.
08-30 17:31:55.792   614   614 I hwservicemanager: getTransport: Cannot find entry android.hardware.power@1.0::IPower/default in either framework or device manifest.
08-30 17:31:55.797  8347  8347 D DeviceStatisticsService: chargerType=2 batteryLevel=41 totalBatteryCapacity=2105300
08-30 17:31:55.828  1677  5333 W ActivityManager: Foreground service started from background can not have location/camera/microphone access: service au.com.vodafone.dreamlabapp/.workflow.calculation.NotificationService
08-30 17:31:55.949   613   613 I chatty  : uid=1000(system) /system/bin/servicemanager expire 47 lines
08-30 17:31:55.993 13241 13241 I AudioManager: In isBluetoothScoOn(), calling application: com.sonymobile.gameenhancer
08-30 17:31:55.993  1677  4479 I chatty  : uid=1000(system) Binder:1677_13 expire 11 lines
08-30 17:31:55.993 13241 13241 I AudioManager: In isBluetoothScoOn(), calling application: com.sonymobile.gameenhancer
08-30 17:31:56.994 13241 13241 I AudioManager: In isBluetoothScoOn(), calling application: com.sonymobile.gameenhancer
08-30 17:31:56.995 13241 13241 I AudioManager: In isBluetoothScoOn(), calling application: com.sonymobile.gameenhancer
08-30 17:31:57.996 13241 13241 I AudioManager: In isBluetoothScoOn(), calling application: com.sonymobile.gameenhancer
08-30 17:31:57.996 13241 13241 I AudioManager: In isBluetoothScoOn(), calling application: com.sonymobile.gameenhancer
08-30 17:31:58.997 13241 13241 I AudioManager: In isBluetoothScoOn(), calling application: com.sonymobile.gameenhancer
08-30 17:31:58.998 13241 13241 I AudioManager: In isBluetoothScoOn(), calling application: com.sonymobile.gameenhancer
08-30 17:31:59.999 13241 13241 I AudioManager: In isBluetoothScoOn(), calling application: com.sonymobile.gameenhancer
08-30 17:32:00.000 13241 13241 I AudioManager: In isBluetoothScoOn(), calling application: com.sonymobile.gameenhancer
08-30 17:32:00.815  1677  2376 W ActivityManager: Foreground service started from background can not have location/camera/microphone access: service au.com.vodafone.dreamlabapp/.workflow.calculation.NotificationService
08-30 17:32:00.816  8347  8347 D DeviceStatisticsService: chargerType=2 batteryLevel=41 totalBatteryCapacity=2106100
08-30 17:32:00.998 13241 13241 I AudioManager: In isBluetoothScoOn(), calling application: com.sonymobile.gameenhancer
08-30 17:32:00.999 11273 11435 I chatty  : uid=10590(com.ZmassProductions.GravitySpace) expire 14 lines
08-30 17:32:01.000 13241 13241 I AudioManager: In isBluetoothScoOn(), calling application: com.sonymobile.gameenhancer
08-30 17:32:01.182 11273 11415 I chatty  : uid=10590(com.ZmassProductions.GravitySpace) expire 947 lines
08-30 17:32:01.413   966 14304 I chatty  : uid=1041(audioserver) HwBinder:966_6 expire 8 lines
08-30 17:32:01.416  8347  8347 D DeviceStatisticsService: chargerType=2 batteryLevel=41 totalBatteryCapacity=2105900
08-30 17:32:01.429  1677  4482 W ActivityManager: Foreground service started from background can not have location/camera/microphone access: service au.com.vodafone.dreamlabapp/.workflow.calculation.NotificationService
08-30 17:32:02.003 13241 13241 I AudioManager: In isBluetoothScoOn(), calling application: com.sonymobile.gameenhancer
08-30 17:32:02.003  1677  2376 I chatty  : uid=1000(system) Binder:1677_B expire 9 lines
08-30 17:32:02.004 13241 13241 I AudioManager: In isBluetoothScoOn(), calling application: com.sonymobile.gameenhancer
08-30 17:32:02.004  1677  4482 I chatty  : uid=1000(system) Binder:1677_14 expire 9 lines
08-30 17:32:03.001 13241 13241 I AudioManager: In isBluetoothScoOn(), calling application: com.sonymobile.gameenhancer
08-30 17:32:03.001 13241 13241 I AudioManager: In isBluetoothScoOn(), calling application: com.sonymobile.gameenhancer
08-30 17:32:03.535 11273 11749 I chatty  : uid=10590(com.ZmassProductions.GravitySpace) expire 3 lines
08-30 17:32:03.581 28605 28714 I CarrierServices: [300597] cun.c: Connected state: [1], networkType: [WIFI]
08-30 17:32:03.586  1677  4482 D CompatibilityChangeReporter: Compat change id reported: 135634846; UID 10138; state: DISABLED
08-30 17:32:03.586  1677  4482 D CompatibilityChangeReporter: Compat change id reported: 135754954; UID 10138; state: ENABLED
08-30 17:32:03.587  1677  1733 D CompatibilityChangeReporter: Compat change id reported: 143937733; UID 10138; state: ENABLED
08-30 17:32:03.608   876   876 D Zygote  : Forked child process 11750
08-30 17:32:03.609  1677  1733 I ActivityManager: Start proc 11750:com.google.android.apps.messaging/u0a138 for content provider {com.google.android.apps.messaging/com.google.android.apps.messaging.shared.datamodel.provider.sharedstorage.SharedStorageProvider}
08-30 17:32:03.618 11750 11750 E .apps.messagin: Not starting debugger since process cannot load the jdwp agent.
08-30 17:32:03.635 11750 11750 I .apps.messagin: The ClassLoaderContext is a special shared library.
08-30 17:32:03.693 11750 11750 W .apps.messagin: JIT profile information will not be recorded: profile file does not exist.
08-30 17:32:03.693 11750 11750 I chatty  : uid=10138(com.google.android.apps.messaging) identical 2 lines
08-30 17:32:03.693 11750 11750 W .apps.messagin: JIT profile information will not be recorded: profile file does not exist.
08-30 17:32:03.699 11750 11750 I Perf    : Connecting to perf service.
08-30 17:32:03.704 11750 11750 D NetworkSecurityConfig: No Network Security Config specified, using platform default
08-30 17:32:03.704 11750 11750 D NetworkSecurityConfig: No Network Security Config specified, using platform default
08-30 17:32:03.740 11750 11750 I MultiDex: VM with version 2.1.0 has multidex support
08-30 17:32:03.741 11750 11750 I MultiDex: Installing application
08-30 17:32:03.741 11750 11750 I MultiDex: VM has multidex support, MultiDex support library is disabled.
08-30 17:32:03.791 11750 11750 I bnlu    : SslGuard completed installation.
08-30 17:32:03.797 11750 11761 I .apps.messagin: Method exceeds compiler instruction limit: 18515 in java.util.Map thi.xq()
08-30 17:32:03.800 11750 11779 W .apps.messagin: Accessing hidden field Ljava/util/Collections$SynchronizedCollection;->mutex:Ljava/lang/Object; (greylist-max-o, reflection, denied)
08-30 17:32:03.800 11750 11779 W .apps.messagin: Accessing hidden method Ljava/util/Collections$SynchronizedSet;-><init>(Ljava/util/Set;Ljava/lang/Object;)V (greylist-max-o, reflection, denied)
08-30 17:32:03.800 11750 11779 W .apps.messagin: Accessing hidden method Ljava/util/Collections$SynchronizedCollection;-><init>(Ljava/util/Collection;Ljava/lang/Object;)V (greylist-max-o, reflection, denied)
08-30 17:32:03.813 11750 11750 I Bugle   : BugleApplicationBase: Bugle version: messages.android_20220809_01_rc02.phone_dynamic
08-30 17:32:03.813 11750 11750 I Bugle   : DarkModeManager: setDarkMode: -1
08-30 17:32:03.837 11750 11784 I Bugle   : Initializing EmojiCompat
08-30 17:32:03.838 11750 11784 I CarrierServices: [422107] azce.b: Initializing Carrier Services Library.
08-30 17:32:03.840 16190 16210 I FontLog : Received query Noto Color Emoji Compat, URI content://com.google.android.gms.fonts [CONTEXT service_id=132 ]
08-30 17:32:03.840 16190 16210 I FontLog : Query [Noto Color Emoji Compat] resolved to {Noto Color Emoji Compat, wdth 100.0, wght 400, ital 0.0, bestEffort false} [CONTEXT service_id=132 ]
08-30 17:32:03.842 16190 16210 I FontLog : Fetch {Noto Color Emoji Compat, wdth 100.0, wght 400, ital 0.0, bestEffort false} end status Status{statusCode=SUCCESS, resolution=null} [CONTEXT service_id=132 ]
08-30 17:32:03.847 16190 16213 I FontLog : Pulling font file for id = 642, cache size = 6 [CONTEXT service_id=132 ]
08-30 17:32:03.861 16190 16210 I FontLog : Pulling font file for id = 642, cache size = 6 [CONTEXT service_id=132 ]
08-30 17:32:03.914 11750 11784 I CarrierServices: [422107] azce.a: Initializing Carrier Services Logging.
08-30 17:32:03.921 11750 11784 I LogSaver: LogSaver new instance with filename: carrier_services
08-30 17:32:03.931 11750 11784 I BugleBackup: Registering preference change listener for "bugle".
08-30 17:32:03.952 11750 11773 I Bugle   : TelephonyManagerFactory: Returning per-subscription TelephonyManager (>= N) subscription{id:3}
08-30 17:32:04.001 13241 13241 I AudioManager: In isBluetoothScoOn(), calling application: com.sonymobile.gameenhancer
08-30 17:32:04.002 13241 13241 I AudioManager: In isBluetoothScoOn(), calling application: com.sonymobile.gameenhancer
08-30 17:32:04.253 11750 11774 I BugleRcsProvisioning: BugleSystemBindingManager: onBuglePhenotypeFlagChanged
08-30 17:32:04.253 11750 11774 I BugleRcsProvisioning: BugleSystemBindingManager: onCsLibPhenotypeUpdated
08-30 17:32:04.254 11750 11774 I BugleRcsEngine: [422098] aqay.b: SystemBindingManager: force P/H Flag update scheduled and start updateBinding
08-30 17:32:04.259 11750 11784 I BugleRcsEngine: [422107] bapt.b: Using MCC based URL
08-30 17:32:04.261 11750 11777 I BugleRcsEngine: [422101] aytw.run: SystemBindingManager: SystemBinding enabled: true
08-30 17:32:04.261 11750 11778 I BugleRcsEngine: [422097] aytx.b: System Binding updated
08-30 17:32:04.265 17716 11792 I GmscoreIpa: Starting mediastore instant index [CONTEXT service_id=255 ]
08-30 17:32:04.268 11750 11783 I BugleRcsEngine: [422106] bapt.b: Using MCC based URL
08-30 17:32:04.271  1677  4479 D CompatibilityChangeReporter: Compat change id reported: 149924527; UID 10069; state: ENABLED
08-30 17:32:04.272  1677  4479 D CompatibilityChangeReporter: Compat change id reported: 132649864; UID 10069; state: DISABLED
08-30 17:32:04.278 11750 11774 I BugleDataModel: TransactionManagerImpl: tx:  ParticipantsColumnSetter#updatePhenotypeColumn  started
08-30 17:32:04.281 11750 11772 W BugleRcsEngine: [422095] baei.b: [SR]: Single Registration is disabled. Skipping Single Registration capability check for subId: 3, OS.isAtLeastS:[false], enableSingleRegistrationProvisioning:[false]
08-30 17:32:04.282 11750 11772 I BugleRcsProvisioning: RcsAvailabilityUpdaterLocal: RcsAvailability configuration availability and enabled status: simId: redacted-pii:sim_id[chars:20,last3:470], SipConnectionType: DUAL_REG, isConfigurationAvailableAndEnabled: true
