08-30 17:32:41.251 11273 11415 D UE      : [2022.08.30-21.32.41:251][309]LogSlate: Updating window title bar state: overlay mode, drag disabled, window buttons hidden, title bar hidden
08-30 17:32:41.254   990  1154 E qdmetadata: paramType 2048 not supported
08-30 17:32:41.261   613   613 E SELinux : avc:  denied  { find } for pid=27772 uid=10392 name=tethering scontext=u:r:vendor_systemhelper_app:s0:c512,c768 tcontext=u:object_r:tethering_service:s0 tclass=service_manager permissive=0
08-30 17:32:41.263  1140  1845 E FrameEvents: addQueue: but current frame has not composited!
08-30 17:32:41.266   990  1154 E qdmetadata: paramType 2048 not supported
08-30 17:32:41.267   990  1154 I chatty  : uid=1000(system) HwBinder:990_1 identical 1 line
08-30 17:32:41.267   990  1154 E qdmetadata: paramType 2048 not supported
08-30 17:32:41.267  1117  1750 W AudioFlinger: Mismatch Effect thread id for bypass update
08-30 17:32:41.267 11273 11415 D UE      : [2022.08.30-21.32.41:267][310]LogSlate: Updating window title bar state: overlay mode, drag disabled, window buttons hidden, title bar hidden
08-30 17:32:41.270   990  1154 E qdmetadata: paramType 2048 not supported
08-30 17:32:41.283   990  1154 I chatty  : uid=1000(system) HwBinder:990_1 identical 1 line
08-30 17:32:41.283   990  1154 E qdmetadata: paramType 2048 not supported
08-30 17:32:41.285 11273 11415 D UE      : [2022.08.30-21.32.41:284][311]LogSlate: Updating window title bar state: overlay mode, drag disabled, window buttons hidden, title bar hidden
08-30 17:32:41.286   990  1154 E qdmetadata: paramType 2048 not supported
08-30 17:32:41.287  1117  1750 W AudioFlinger: Mismatch Effect thread id for bypass update
08-30 17:32:41.299   990  1154 E qdmetadata: paramType 2048 not supported
08-30 17:32:41.300   990  1154 I chatty  : uid=1000(system) HwBinder:990_1 identical 2 lines
08-30 17:32:41.303   990  1154 E qdmetadata: paramType 2048 not supported
08-30 17:32:41.307  1117  1750 W AudioFlinger: Mismatch Effect thread id for bypass update
08-30 17:32:41.317   990  1154 E qdmetadata: paramType 2048 not supported
08-30 17:32:41.317   990  1154 I chatty  : uid=1000(system) HwBinder:990_1 identical 1 line
08-30 17:32:41.317   990  1154 E qdmetadata: paramType 2048 not supported
08-30 17:32:41.320 11273 11415 D UE      : [2022.08.30-21.32.41:320][312]LogSlate: Updating window title bar state: overlay mode, drag disabled, window buttons hidden, title bar hidden
08-30 17:32:41.321   990  1154 E qdmetadata: paramType 2048 not supported
08-30 17:32:41.327  1117  1750 W AudioFlinger: Mismatch Effect thread id for bypass update
08-30 17:32:41.333 11273 11415 D UE      : [2022.08.30-21.32.41:333][313]LogSlate: Updating window title bar state: overlay mode, drag disabled, window buttons hidden, title bar hidden
08-30 17:32:41.337   990  1154 E qdmetadata: paramType 2048 not supported
08-30 17:32:41.337   990  1154 I chatty  : uid=1000(system) HwBinder:990_1 identical 2 lines
08-30 17:32:41.343   990  1154 E qdmetadata: paramType 2048 not supported
08-30 17:32:41.347  1117  1750 W AudioFlinger: Mismatch Effect thread id for bypass update
08-30 17:32:41.350   990  1154 E qdmetadata: paramType 2048 not supported
08-30 17:32:41.350   990  1154 I chatty  : uid=1000(system) HwBinder:990_1 identical 2 lines
08-30 17:32:41.353   990  1154 E qdmetadata: paramType 2048 not supported
08-30 17:32:41.355 11273 11415 D UE      : [2022.08.30-21.32.41:355][314]LogSlate: Updating window title bar state: overlay mode, drag disabled, window buttons hidden, title bar hidden
08-30 17:32:41.364   990  1154 E qdmetadata: paramType 2048 not supported
08-30 17:32:41.365   990  1154 I chatty  : uid=1000(system) HwBinder:990_1 identical 1 line
08-30 17:32:41.365   990  1154 E qdmetadata: paramType 2048 not supported
08-30 17:32:41.367  1117  1750 W AudioFlinger: Mismatch Effect thread id for bypass update
08-30 17:32:41.368  1677  4482 V ActivityTaskManager: Calling mServicetracker.OnActivityStateChange with flag truestateRESUMED
08-30 17:32:41.369   990  1154 E qdmetadata: paramType 2048 not supported
08-30 17:32:41.369  1677  4482 V ActivityTaskManager: Calling mServicetracker.OnActivityStateChange with flag truestatePAUSING
08-30 17:32:41.369  1677  4482 D ActivityTrigger: ActivityTrigger activityPauseTrigger 
08-30 17:32:41.369  1677  4482 V ActivityTaskManager: Calling mServicetracker.OnActivityStateChange with flag falsestatePAUSING
08-30 17:32:41.370  1677  4482 V ActivityTaskManager: Calling mServicetracker.OnActivityStateChange with flag truestatePAUSED
08-30 17:32:41.370  1677  4482 V ActivityTaskManager: Calling mServicetracker.OnActivityStateChange with flag falsestatePAUSED
08-30 17:32:41.371  1677  4482 V ActivityTaskManager: Calling mServicetracker.OnActivityStateChange with flag falsestateRESUMED
08-30 17:32:41.377 11273 11415 D UE      : [2022.08.30-21.32.41:377][315]LogSlate: Updating window title bar state: overlay mode, drag disabled, window buttons hidden, title bar hidden
08-30 17:32:41.381   990  1154 E qdmetadata: paramType 2048 not supported
08-30 17:32:41.381   990  1154 E qdmetadata: paramType 2048 not supported
08-30 17:32:41.382 11273 11273 D UE      : [GameActivity] onPause: stop memory reporter runnable
08-30 17:32:41.382 11273 11416 D UE      : Case APP_CMD_PAUSE
08-30 17:32:41.382 11273 11273 D UE      : [GameActivity] ==============> GameActive.onPause complete!
08-30 17:32:41.383 11273 11416 D UE      : [2022.08.30-21.32.41:382][315]LogAndroid: Case APP_CMD_PAUSE
08-30 17:32:41.383 11273 11416 D UE      : LogAndroidEvents::EnqueueAppEvent : 6, [width=-1, height=-1], tid = 11416, APP_EVENT_STATE_ON_PAUSE
08-30 17:32:41.383 11273 11416 D UE      : [2022.08.30-21.32.41:383][315]LogAndroid: event thread, suspending app, acquiring HW window lock.
08-30 17:32:41.383 11273 11416 D UE      : LogAndroidEvents::EnqueueAppEvent : 15, [width=-1, height=-1], tid = 11416, APP_EVENT_RUN_CALLBACK
08-30 17:32:41.383 11273 11416 D UE      : [2022.08.30-21.32.41:383][315]LogAndroid: AndroidEGL::  SuspendApp_EventThread, waiting for event manager to process. tid: 11416
08-30 17:32:41.385   990  1154 E qdmetadata: paramType 2048 not supported
08-30 17:32:41.387  1117  1750 W AudioFlinger: Mismatch Effect thread id for bypass update
08-30 17:32:41.390 11273 11415 D UE      : [2022.08.30-21.32.41:390][316]LogAndroidEvents: Display: LogAndroidEvents::DequeueAppEvent : 6, [width=-1, height=-1], APP_EVENT_STATE_ON_PAUSE
08-30 17:32:41.391 11273 11415 D UE      : FAppEventManager::Tick processing, 6
08-30 17:32:41.391 11273 11415 D UE      : [2022.08.30-21.32.41:391][316]LogVulkanRHI: FVulkanPipelineStateCacheManager: skipped saving because we only save if the PSOFC based one failed to load.
08-30 17:32:41.391 11273 11415 D UE      : [2022.08.30-21.32.41:391][316]LogAndroidEvents: Display: LogAndroidEvents::DequeueAppEvent : 15, [width=-1, height=-1], APP_EVENT_RUN_CALLBACK
08-30 17:32:41.391 11273 11415 D UE      : FAppEventManager::Tick processing, 15
08-30 17:32:41.391 11273 11415 D UE      : [2022.08.30-21.32.41:391][316]LogAndroidEvents: Display: Event thread callback running.
08-30 17:32:41.391 11273 11415 D UE      : [2022.08.30-21.32.41:391][316]LogAndroid: performing app backgrounding callback. 0x7008b126c0
08-30 17:32:41.401  1677  1718 V ActivityTaskManager: Calling mServicetracker.OnActivityStateChange with flag truestateSTOPPING
08-30 17:32:41.401  1677  1718 V ActivityTaskManager: Calling mServicetracker.OnActivityStateChange with flag falsestateSTOPPING
08-30 17:32:41.401   990  1154 E qdmetadata: paramType 2048 not supported
08-30 17:32:41.402   990  1154 E qdmetadata: paramType 2048 not supported
08-30 17:32:41.407  1117  1750 W AudioFlinger: Mismatch Effect thread id for bypass update
08-30 17:32:41.417  1140  3161 E FrameEvents: addQueue: but current frame has not composited!
08-30 17:32:41.427  1117  1750 W AudioFlinger: Mismatch Effect thread id for bypass update
08-30 17:32:41.433   990  1154 E qdmetadata: paramType 2048 not supported
08-30 17:32:41.433   990  1154 E qdmetadata: paramType 2048 not supported
08-30 17:32:41.436  8330  8330 E FullInputEventModel: onStartInput event aborted: gk1: could not obtain extracted text (class gk1)
08-30 17:32:41.447  1117  1750 W AudioFlinger: Mismatch Effect thread id for bypass update
08-30 17:32:41.449   990  1154 E qdmetadata: paramType 2048 not supported
08-30 17:32:41.462   613   613 E SELinux : avc:  denied  { find } for pid=27772 uid=10392 name=tethering scontext=u:r:vendor_systemhelper_app:s0:c512,c768 tcontext=u:object_r:tethering_service:s0 tclass=service_manager permissive=0
08-30 17:32:41.464   990  1154 E qdmetadata: paramType 2048 not supported
08-30 17:32:41.467  1117  1750 W AudioFlinger: Mismatch Effect thread id for bypass update
08-30 17:32:41.482   990  1154 E qdmetadata: paramType 2048 not supported
08-30 17:32:41.487  1117  1750 W AudioFlinger: Mismatch Effect thread id for bypass update
08-30 17:32:41.497   990  1154 E qdmetadata: paramType 2048 not supported
08-30 17:32:41.507  1117  1750 W AudioFlinger: Mismatch Effect thread id for bypass update
08-30 17:32:41.514   990  1154 E qdmetadata: paramType 2048 not supported
08-30 17:32:41.527  1117  1750 W AudioFlinger: Mismatch Effect thread id for bypass update
08-30 17:32:41.530   990  1154 E qdmetadata: paramType 2048 not supported
08-30 17:32:41.547  1117  1750 W AudioFlinger: Mismatch Effect thread id for bypass update
08-30 17:32:41.627  1117  1750 I chatty  : uid=1041(audioserver) AudioOut_15 identical 4 lines
08-30 17:32:41.647  1117  1750 W AudioFlinger: Mismatch Effect thread id for bypass update
08-30 17:32:41.662   613   613 E SELinux : avc:  denied  { find } for pid=27772 uid=10392 name=tethering scontext=u:r:vendor_systemhelper_app:s0:c512,c768 tcontext=u:object_r:tethering_service:s0 tclass=service_manager permissive=0
08-30 17:32:41.667  1117  1750 W AudioFlinger: Mismatch Effect thread id for bypass update
08-30 17:32:41.787  1117  1750 I chatty  : uid=1041(audioserver) AudioOut_15 identical 6 lines
08-30 17:32:41.807  1117  1750 W AudioFlinger: Mismatch Effect thread id for bypass update
08-30 17:32:41.814   990  1154 E qdmetadata: paramType 2048 not supported
08-30 17:32:41.827  1117  1750 W AudioFlinger: Mismatch Effect thread id for bypass update
08-30 17:32:41.830   990  1154 E qdmetadata: paramType 2048 not supported
08-30 17:32:41.847   990  1154 E qdmetadata: paramType 2048 not supported
08-30 17:32:41.847  1117  1750 W AudioFlinger: Mismatch Effect thread id for bypass update
08-30 17:32:41.859  1007  1007 I QTI PowerHAL: Power setBoost: 0, duration: 0
08-30 17:32:41.861  1007  1007 I QTI PowerHAL: Power setBoost: 0, duration: 0
08-30 17:32:41.863   613   613 E SELinux : avc:  denied  { find } for pid=27772 uid=10392 name=tethering scontext=u:r:vendor_systemhelper_app:s0:c512,c768 tcontext=u:object_r:tethering_service:s0 tclass=service_manager permissive=0
08-30 17:32:41.864   990  1154 E qdmetadata: paramType 2048 not supported
08-30 17:32:41.867  1117  1750 W AudioFlinger: Mismatch Effect thread id for bypass update
08-30 17:32:41.880   990  1154 E qdmetadata: paramType 2048 not supported
08-30 17:32:41.882   966  1786 D audio_hw_primary: adev_get_parameters:somc.media_vibration_path
08-30 17:32:41.882   966  1786 D soundtrigger: audio_extn_sound_trigger_get_parameters input string<somc.media_vibration_path=>
08-30 17:32:41.882   966  1786 D soundtrigger: extract_sm_handle input string <somc.media_vibration_path=> param string <somc.media_vibration_path=>
08-30 17:32:41.882   966  1786 D audio_hw_extn: audio_extn_fm_get_parameters: Enter
08-30 17:32:41.882   966  1786 E audio_ext_hw_plugin: [ext_hw_plugin_get_parameters] received null pointer
08-30 17:32:41.882   966  1786 D audio_hw_extn: audio_extn_get_parameters: returns 
08-30 17:32:41.882   966  1786 D audio_hw_primary: adev_get_parameters: exit: returns - somc.media_vibration_path=0
08-30 17:32:41.882  1117  3133 I hash_map_utils: key: 'somc.media_vibration_path' value: ''
08-30 17:32:41.886   966  1786 D audio_hw_primary: adev_get_parameters:somc.media_vibration_path
08-30 17:32:41.887   966  1786 D soundtrigger: audio_extn_sound_trigger_get_parameters input string<somc.media_vibration_path=>
08-30 17:32:41.887   966  1786 D soundtrigger: extract_sm_handle input string <somc.media_vibration_path=> param string <somc.media_vibration_path=>
08-30 17:32:41.887   966  1786 D audio_hw_extn: audio_extn_fm_get_parameters: Enter
08-30 17:32:41.887   966  1786 E audio_ext_hw_plugin: [ext_hw_plugin_get_parameters] received null pointer
08-30 17:32:41.887   966  1786 D audio_hw_extn: audio_extn_get_parameters: returns 
08-30 17:32:41.887   966  1786 D audio_hw_primary: adev_get_parameters: exit: returns - somc.media_vibration_path=0
08-30 17:32:41.887  1117  3133 I hash_map_utils: key: 'somc.media_vibration_path' value: ''
08-30 17:32:41.887  1117  1750 W AudioFlinger: Mismatch Effect thread id for bypass update
08-30 17:32:41.897   990  1154 E qdmetadata: paramType 2048 not supported
08-30 17:32:41.907  1117  1750 W AudioFlinger: Mismatch Effect thread id for bypass update
08-30 17:32:41.914   990  1154 E qdmetadata: paramType 2048 not supported
08-30 17:32:41.927  1117  1750 W AudioFlinger: Mismatch Effect thread id for bypass update
08-30 17:32:41.930   990  1154 E qdmetadata: paramType 2048 not supported
08-30 17:32:41.947  1117  1750 W AudioFlinger: Mismatch Effect thread id for bypass update
08-30 17:32:41.947   990  1154 E qdmetadata: paramType 2048 not supported
08-30 17:32:41.959   966  1786 D audio_hw_primary: adev_get_parameters:somc.media_vibration_path
08-30 17:32:41.959   966  1786 D soundtrigger: audio_extn_sound_trigger_get_parameters input string<somc.media_vibration_path=>
08-30 17:32:41.959   966  1786 D soundtrigger: extract_sm_handle input string <somc.media_vibration_path=> param string <somc.media_vibration_path=>
08-30 17:32:41.959   966  1786 D audio_hw_extn: audio_extn_fm_get_parameters: Enter
08-30 17:32:41.959   966  1786 E audio_ext_hw_plugin: [ext_hw_plugin_get_parameters] received null pointer
08-30 17:32:41.959   966  1786 D audio_hw_extn: audio_extn_get_parameters: returns 
08-30 17:32:41.959   966  1786 D audio_hw_primary: adev_get_parameters: exit: returns - somc.media_vibration_path=0
08-30 17:32:41.960  1117  3133 I hash_map_utils: key: 'somc.media_vibration_path' value: ''
08-30 17:32:41.962   966  1786 D audio_hw_primary: adev_get_parameters:somc.media_vibration_path
08-30 17:32:41.962   966  1786 D soundtrigger: audio_extn_sound_trigger_get_parameters input string<somc.media_vibration_path=>
08-30 17:32:41.962   966  1786 D soundtrigger: extract_sm_handle input string <somc.media_vibration_path=> param string <somc.media_vibration_path=>
08-30 17:32:41.962   966  1786 D audio_hw_extn: audio_extn_fm_get_parameters: Enter
08-30 17:32:41.962   966  1786 E audio_ext_hw_plugin: [ext_hw_plugin_get_parameters] received null pointer
08-30 17:32:41.962   966  1786 D audio_hw_extn: audio_extn_get_parameters: returns 
08-30 17:32:41.962   966  1786 D audio_hw_primary: adev_get_parameters: exit: returns - somc.media_vibration_path=0
08-30 17:32:41.962  1117  3133 I hash_map_utils: key: 'somc.media_vibration_path' value: ''
08-30 17:32:41.963  1007  1007 I QTI PowerHAL: Power setBoost: 0, duration: 1589
08-30 17:32:41.963   990  1154 E qdmetadata: paramType 2048 not supported
08-30 17:32:41.964  7126  7126 D ScreenRecordTile: GameEnhancer state change
08-30 17:32:41.966 29339 29339 D ScreenRecordTile: GameEnhancer state change
08-30 17:32:41.967  1117  1750 W AudioFlinger: Mismatch Effect thread id for bypass update
08-30 17:32:41.972 29339 29390 V GameEnhancerUtils: isGameEnhancerEnabled: cursor count 1
08-30 17:32:41.972  7126  7164 V GameEnhancerUtils: isGameEnhancerEnabled: cursor count 1
08-30 17:32:41.973  7126  7164 D GameEnhancerUtils: isGameEnhancerEnabled: cursor result 1
08-30 17:32:41.973 29339 29390 D GameEnhancerUtils: isGameEnhancerEnabled: cursor result 1
08-30 17:32:41.980   990  1154 E qdmetadata: paramType 2048 not supported
08-30 17:32:41.987  1117  1750 W AudioFlinger: Mismatch Effect thread id for bypass update
08-30 17:32:41.987  1677  2041 D ConnectivityService: releasing NetworkRequest [ TRACK_DEFAULT id=93999, [ Capabilities: INTERNET&NOT_RESTRICTED&TRUSTED Uid: 10155 AdministratorUids: [] RequestorUid: 10155 RequestorPackageName: com.sonymobile.gameenhancer.browser] ] (release request)
08-30 17:32:41.997   990  1154 E qdmetadata: paramType 2048 not supported
08-30 17:32:42.006  1677  3242 I ActivityManager: Killing 11370:com.google.android.webview:sandboxed_process0:org.chromium.content.app.SandboxedProcessService0:0/u0a155i856 (adj 0): isolated not needed
08-30 17:32:42.007  1677  1743 I libprocessgroup: Successfully killed process cgroup uid 99856 pid 11370 in 0ms
08-30 17:32:42.007  1117  1750 W AudioFlinger: Mismatch Effect thread id for bypass update
08-30 17:32:42.013   990  1154 E qdmetadata: paramType 2048 not supported
08-30 17:32:42.027  1117  1750 W AudioFlinger: Mismatch Effect thread id for bypass update
08-30 17:32:42.029   990  1154 E qdmetadata: paramType 2048 not supported
08-30 17:32:42.046   990  1154 E qdmetadata: paramType 2048 not supported
08-30 17:32:42.047  1117  1750 W AudioFlinger: Mismatch Effect thread id for bypass update
08-30 17:32:42.054 19495 19495 I Zygote  : Process 11370 exited due to signal 9 (Killed)
08-30 17:32:42.062   990  1154 E qdmetadata: paramType 2048 not supported
08-30 17:32:42.064   613   613 E SELinux : avc:  denied  { find } for pid=27772 uid=10392 name=tethering scontext=u:r:vendor_systemhelper_app:s0:c512,c768 tcontext=u:object_r:tethering_service:s0 tclass=service_manager permissive=0
08-30 17:32:42.067  1117  1750 W AudioFlinger: Mismatch Effect thread id for bypass update
08-30 17:32:42.079   990  1154 E qdmetadata: paramType 2048 not supported
08-30 17:32:42.087  1117  1750 W AudioFlinger: Mismatch Effect thread id for bypass update
08-30 17:32:42.096   990  1154 E qdmetadata: paramType 2048 not supported
08-30 17:32:42.107  1117  1750 W AudioFlinger: Mismatch Effect thread id for bypass update
08-30 17:32:42.113   990  1154 E qdmetadata: paramType 2048 not supported
08-30 17:32:42.127  1117  1750 W AudioFlinger: Mismatch Effect thread id for bypass update
08-30 17:32:42.129   990  1154 E qdmetadata: paramType 2048 not supported
08-30 17:32:42.146   990  1154 E qdmetadata: paramType 2048 not supported
08-30 17:32:42.147  1117  1750 W AudioFlinger: Mismatch Effect thread id for bypass update
08-30 17:32:42.149 13241 13241 D BluetoothHeadset: Unbinding service...
08-30 17:32:42.149  1677  4479 W BluetoothManagerService: unbindBluetoothProfileService: calling psc.removeProxy
08-30 17:32:42.149  1677  4479 W BluetoothManagerService: removing the proxy, count is 8
08-30 17:32:42.150 13241 27189 D BluetoothHeadset: Proxy object disconnected
08-30 17:32:42.153  1677  2041 D ConnectivityService: releasing NetworkRequest [ TRACK_DEFAULT id=93997, [ Capabilities: INTERNET&NOT_RESTRICTED&TRUSTED Uid: 10039 AdministratorUids: [] RequestorUid: 10039 RequestorPackageName: com.sonymobile.gameenhancer] ] (release request)
08-30 17:32:42.154   966  1786 D audio_hw_primary: adev_set_parameters: enter: game_enhancer_active=0
08-30 17:32:42.154   966  1786 D audio_hw_hfp: hfp_set_parameters: enter
08-30 17:32:42.154   966  1786 D audio_hw_extn: audio_extn_fm_set_parameters: Enter
08-30 17:32:42.154   966  1786 E audio_ext_hw_plugin: [ext_hw_plugin_set_parameters] received null pointer
08-30 17:32:42.156 29339 29339 D ScreenRecordTile: GameEnhancer state change
08-30 17:32:42.156  7126  7126 D ScreenRecordTile: GameEnhancer state change
08-30 17:32:42.160  7126  7164 V GameEnhancerUtils: isGameEnhancerEnabled: cursor count 1
08-30 17:32:42.160  7126  7164 D GameEnhancerUtils: isGameEnhancerEnabled: cursor result 0
08-30 17:32:42.161 29339 29390 V GameEnhancerUtils: isGameEnhancerEnabled: cursor count 1
08-30 17:32:42.161 29339 29390 D GameEnhancerUtils: isGameEnhancerEnabled: cursor result 0
08-30 17:32:42.163   990  1154 E qdmetadata: paramType 2048 not supported
08-30 17:32:42.167  1117  1750 W AudioFlinger: Mismatch Effect thread id for bypass update
08-30 17:32:42.172   966  1786 D audio_hw_primary: adev_set_parameters: enter: wireless_charging=off
08-30 17:32:42.173   966  1786 D audio_hw_hfp: hfp_set_parameters: enter
08-30 17:32:42.173   966  1786 D audio_hw_extn: audio_extn_fm_set_parameters: Enter
08-30 17:32:42.173   966  1786 E audio_ext_hw_plugin: [ext_hw_plugin_set_parameters] received null pointer
08-30 17:32:42.173  8347  8347 D DeviceStatisticsService: chargerType=2 batteryLevel=40 totalBatteryCapacity=2150700
08-30 17:32:42.182   990  1154 E qdmetadata: paramType 2048 not supported
08-30 17:32:42.185  1677  4479 W ActivityManager: Foreground service started from background can not have location/camera/microphone access: service au.com.vodafone.dreamlabapp/.workflow.calculation.NotificationService
08-30 17:32:42.187  1117  1750 W AudioFlinger: Mismatch Effect thread id for bypass update
08-30 17:32:42.197   990  1154 E qdmetadata: paramType 2048 not supported
08-30 17:32:42.207  1117  1750 W AudioFlinger: Mismatch Effect thread id for bypass update
08-30 17:32:42.213   990  1154 E qdmetadata: paramType 2048 not supported
08-30 17:32:42.213   990  1154 E qdmetadata: paramType 2048 not supported
08-30 17:32:42.227  1117  1750 W AudioFlinger: Mismatch Effect thread id for bypass update
08-30 17:32:42.229   990  1154 E qdmetadata: paramType 2048 not supported
08-30 17:32:42.246   990  1154 E qdmetadata: paramType 2048 not supported
08-30 17:32:42.247  1117  1750 W AudioFlinger: Mismatch Effect thread id for bypass update
08-30 17:32:42.262   990  1154 E qdmetadata: paramType 2048 not supported
08-30 17:32:42.265   613   613 E SELinux : avc:  denied  { find } for pid=27772 uid=10392 name=tethering scontext=u:r:vendor_systemhelper_app:s0:c512,c768 tcontext=u:object_r:tethering_service:s0 tclass=service_manager permissive=0
08-30 17:32:42.267  1117  1750 W AudioFlinger: Mismatch Effect thread id for bypass update
08-30 17:32:42.279   990  1154 E qdmetadata: paramType 2048 not supported
08-30 17:32:42.287  1117  1750 W AudioFlinger: Mismatch Effect thread id for bypass update
08-30 17:32:42.296   990  1154 E qdmetadata: paramType 2048 not supported
08-30 17:32:42.307  1117  1750 W AudioFlinger: Mismatch Effect thread id for bypass update
08-30 17:32:42.312   990  1154 E qdmetadata: paramType 2048 not supported
08-30 17:32:42.327  1117  1750 W AudioFlinger: Mismatch Effect thread id for bypass update
08-30 17:32:42.329   990  1154 E qdmetadata: paramType 2048 not supported
08-30 17:32:42.346   990  1154 E qdmetadata: paramType 2048 not supported
08-30 17:32:42.347  1117  1750 W AudioFlinger: Mismatch Effect thread id for bypass update
08-30 17:32:42.362   990  1154 E qdmetadata: paramType 2048 not supported
08-30 17:32:42.364  1677  4479 V ActivityTaskManager: Calling mServicetracker.OnActivityStateChange with flag truestateFINISHING
08-30 17:32:42.364  1677  4479 V ActivityTaskManager: Calling mServicetracker.OnActivityStateChange with flag falsestateFINISHING
08-30 17:32:42.365  1677  4479 V ActivityTaskManager: Calling mServicetracker.OnActivityStateChange with flag truestateFINISHING
08-30 17:32:42.366  1677  4479 V ActivityTaskManager: Calling mServicetracker.OnActivityStateChange with flag truestateDESTROYING
08-30 17:32:42.366  1677  4479 V ActivityTaskManager: Calling mServicetracker.OnActivityStateChange with flag falsestateDESTROYING
08-30 17:32:42.367  1117  1750 W AudioFlinger: Mismatch Effect thread id for bypass update
08-30 17:32:42.379   990  1154 E qdmetadata: paramType 2048 not supported
08-30 17:32:42.381  1677  1718 I ActivityManager: Killing 11273:com.ZmassProductions.GravitySpace/u0a590 (adj 905): remove task
08-30 17:32:42.385   966  1786 D audio_hw_primary: adev_get_parameters:somc.media_vibration_path
08-30 17:32:42.385   966  1786 D soundtrigger: audio_extn_sound_trigger_get_parameters input string<somc.media_vibration_path=>
08-30 17:32:42.385   966  1786 D soundtrigger: extract_sm_handle input string <somc.media_vibration_path=> param string <somc.media_vibration_path=>
08-30 17:32:42.385   966  1786 D audio_hw_extn: audio_extn_fm_get_parameters: Enter
08-30 17:32:42.385   966  1786 E audio_ext_hw_plugin: [ext_hw_plugin_get_parameters] received null pointer
08-30 17:32:42.385   966  1786 D audio_hw_extn: audio_extn_get_parameters: returns 
08-30 17:32:42.385   966  1786 D audio_hw_primary: adev_get_parameters: exit: returns - somc.media_vibration_path=0
08-30 17:32:42.386  1117 31148 I hash_map_utils: key: 'somc.media_vibration_path' value: ''
08-30 17:32:42.387  1117  1750 W AudioFlinger: Mismatch Effect thread id for bypass update
08-30 17:32:42.388   966  1786 D audio_hw_primary: adev_get_parameters:somc.media_vibration_path
08-30 17:32:42.388   966  1786 D soundtrigger: audio_extn_sound_trigger_get_parameters input string<somc.media_vibration_path=>
08-30 17:32:42.388   966  1786 D soundtrigger: extract_sm_handle input string <somc.media_vibration_path=> param string <somc.media_vibration_path=>
08-30 17:32:42.388   966  1786 D audio_hw_extn: audio_extn_fm_get_parameters: Enter
08-30 17:32:42.388   966  1786 E audio_ext_hw_plugin: [ext_hw_plugin_get_parameters] received null pointer
08-30 17:32:42.388   966  1786 D audio_hw_extn: audio_extn_get_parameters: returns 
08-30 17:32:42.388   966  1786 D audio_hw_primary: adev_get_parameters: exit: returns - somc.media_vibration_path=0
08-30 17:32:42.388  1117  3133 I hash_map_utils: key: 'somc.media_vibration_path' value: ''
08-30 17:32:42.388  4679  4759 I android_os_HwBinder: HwBinder: Starting thread pool for getting: vendor.somc.hardware.swiqi@1.0::IHidlSwiqi/default
08-30 17:32:42.391  4679  4759 I android_os_HwBinder: HwBinder: Starting thread pool for getting: vendor.somc.hardware.swiqi@1.0::IHidlSwiqi/default
08-30 17:32:42.396   990  1154 E qdmetadata: paramType 2048 not supported
08-30 17:32:42.407  1117  1750 W AudioFlinger: Mismatch Effect thread id for bypass update
08-30 17:32:42.427  1117  1750 I chatty  : uid=1041(audioserver) AudioOut_15 identical 1 line
08-30 17:32:42.447  1117  1750 W AudioFlinger: Mismatch Effect thread id for bypass update
08-30 17:32:42.467   613   613 E SELinux : avc:  denied  { find } for pid=27772 uid=10392 name=tethering scontext=u:r:vendor_systemhelper_app:s0:c512,c768 tcontext=u:object_r:tethering_service:s0 tclass=service_manager permissive=0
08-30 17:32:42.467  1117  1750 W AudioFlinger: Mismatch Effect thread id for bypass update
08-30 17:32:42.647  1117  1750 I chatty  : uid=1041(audioserver) AudioOut_15 identical 9 lines
08-30 17:32:42.667  1117  1750 W AudioFlinger: Mismatch Effect thread id for bypass update
08-30 17:32:42.668   613   613 E SELinux : avc:  denied  { find } for pid=27772 uid=10392 name=tethering scontext=u:r:vendor_systemhelper_app:s0:c512,c768 tcontext=u:object_r:tethering_service:s0 tclass=service_manager permissive=0
08-30 17:32:42.674  1677  5495 D ConnectivityService: ConnectivityService NetworkRequestInfo binderDied(NetworkRequest [ LISTEN id=93998, [ Transports: CELLULAR|WIFI|BLUETOOTH|ETHERNET|VPN Capabilities: INTERNET&NOT_RESTRICTED&TRUSTED&NOT_VPN&VALIDATED&FOREGROUND Uid: 10590 AdministratorUids: [] RequestorUid: 10590 RequestorPackageName: com.ZmassProductions.GravitySpace] ], android.os.BinderProxy@91e09f6)
08-30 17:32:42.675  1677  3242 I WindowManager: WIN DEATH: Window{f1fb9c9 u0 com.ZmassProductions.GravitySpace/com.epicgames.unreal.GameActivity}
08-30 17:32:42.675  1677  3242 W InputDispatcher: Attempted to unregister already unregistered input channel 'f1fb9c9 com.ZmassProductions.GravitySpace/com.epicgames.unreal.GameActivity (server)'
08-30 17:32:42.677 12119 14746 D Avrcp_ext: AudioManager Player: AudioPlaybackConfiguration piid:105735 type:android.media.SoundPool u/pid:10085/29339 state:idle attr:AudioAttributes: usage=USAGE_ASSISTANCE_SONIFICATION content=CONTENT_TYPE_SONIFICATION flags=0x800 tags= bundle=null
08-30 17:32:42.677 12119 14746 D Avrcp_ext: AudioManager Player: AudioPlaybackConfiguration piid:39 type:android.media.SoundPool u/pid:1027/4582 state:idle attr:AudioAttributes: usage=USAGE_ASSISTANCE_SONIFICATION content=CONTENT_TYPE_SONIFICATION flags=0x800 tags= bundle=null
08-30 17:32:42.677 12119 14746 D Avrcp_ext: AudioManager Player: AudioPlaybackConfiguration piid:77583 type:android.media.SoundPool u/pid:1000/1677 state:idle attr:AudioAttributes: usage=USAGE_ASSISTANCE_SONIFICATION content=CONTENT_TYPE_SONIFICATION flags=0x800 tags= bundle=null
08-30 17:32:42.677 12119 14746 D Avrcp_ext: AudioManager Player: AudioPlaybackConfiguration piid:84879 type:android.media.SoundPool u/pid:10261/8330 state:idle attr:AudioAttributes: usage=USAGE_ASSISTANCE_SONIFICATION content=CONTENT_TYPE_SONIFICATION flags=0x800 tags= bundle=null
08-30 17:32:42.677 12119 14746 D Avrcp_ext: AudioManager Player: AudioPlaybackConfiguration piid:108975 type:android.media.MediaPlayer u/pid:10590/11273 state:idle attr:AudioAttributes: usage=USAGE_UNKNOWN content=CONTENT_TYPE_UNKNOWN flags=0x800 tags= bundle=null
08-30 17:32:42.677 12119 14746 D Avrcp_ext: AudioManager isPlaying: false
08-30 17:32:42.677 12119 14746 V Avrcp_ext: updateCurrentMediaState: mMediaController: null
08-30 17:32:42.678  1677  4904 W WindowManager: Cannot find window which accessibility connection is added to
08-30 17:32:42.678 16190 16392 I NearbyFastPair: TriangleSessionTracker: flush media count=0, media duration=19s, call count=0 [CONTEXT service_id=265 ]
08-30 17:32:42.678 16190 16392 W NearbyFastPair: TriangleLogger logSession: disable [CONTEXT service_id=265 ]
08-30 17:32:42.680 12119 14746 V Avrcp_ext: isMusicActive: true getBluetoothPlayState: 2
08-30 17:32:42.680 12119 14746 V Avrcp_ext: updateCurrentMediaState: isPlaying = false
08-30 17:32:42.680 12119 14746 V Avrcp_ext: Media update: id [MediaAttributes: none] : [MediaAttributes: none]
08-30 17:32:42.680 12119 14746 D Avrcp_ext: isPackageNameValid: browsedPackage = com.spotify.musicisValid = true
08-30 17:32:42.680 12119 14746 V Avrcp_ext: isBrowseSupported for com.spotify.music: false
08-30 17:32:42.680 12119 14746 V Avrcp_ext: newPlayStatus:2mReportedPlayStatus:-1
08-30 17:32:42.680 12119 14746 V Avrcp_ext: updatePlaybackState, state: PlaybackState {state=2, position=-1, buffered position=0, speed=0.0, updated=1829912163, actions=0, custom actions=[], active item id=-1, error=null} device: null
08-30 17:32:42.680 12119 14746 V Avrcp_ext: Device: no name: 
08-30 17:32:42.680 12119 14746 I chatty  : uid=1002(bluetooth) BluetoothAvrcpH identical 3 lines
08-30 17:32:42.680 12119 14746 V Avrcp_ext: Device: no name: 
08-30 17:32:42.680 12119 14746 V Avrcp_ext: updatePlayerStateAndPosition, old=PlaybackState {state=2, position=-1, buffered position=0, speed=0.0, updated=1829882722, actions=0, custom actions=[], active item id=-1, error=null}, state=PlaybackState {state=2, position=-1, buffered position=0, speed=0.0, updated=1829912163, actions=0, custom actions=[], active item id=-1, error=null}
08-30 17:32:42.680 12119 14746 V Avrcp_ext: old state = PlaybackState {state=2, position=-1, buffered position=0, speed=0.0, updated=1829882722, actions=0, custom actions=[], active item id=-1, error=null}, new state= PlaybackState {state=2, position=-1, buffered position=0, speed=0.0, updated=1829912163, actions=0, custom actions=[], active item id=-1, error=null}
08-30 17:32:42.680 12119 14746 D HeadsetService: getHeadsetService(): returning com.android.bluetooth.hfp.HeadsetService@608d2ac
08-30 17:32:42.681 12119 14746 E HeadsetStateMachine: returning mCurrentState as Disconnected
08-30 17:32:42.681 12119 14746 D HeadsetService:  isAudioOn: The number of audio connected devices 0
08-30 17:32:42.681 12119 14746 D HeadsetService: isScoOrCallActive(): Call Active:falseCall is Ringing:falseSCO is Active:false
08-30 17:32:42.681 12119 14746 E HeadsetStateMachine: returning mCurrentState as Disconnected
08-30 17:32:42.681 12119 14746 D HeadsetService:  isAudioOn: The number of audio connected devices 0
08-30 17:32:42.681 12119 14746 I Avrcp_ext: updatePlayStatusForDevice: device: null
08-30 17:32:42.681 12119 14746 V Avrcp_ext: updatePlaybackState (1): old=PlaybackState {state=2, position=-1, buffered position=0, speed=0.0, updated=1829882722, actions=0, custom actions=[], active item id=-1, error=null}(2), new=PlaybackState {state=2, position=-1, buffered position=0, speed=0.0, updated=1829912163, actions=0, custom actions=[], active item id=-1, error=null}(2)
08-30 17:32:42.681 12119 14746 I Avrcp_ext: Exit updatePlayStatusForDevice
08-30 17:32:42.681 12119 14746 E HeadsetStateMachine: returning mCurrentState as Disconnected
08-30 17:32:42.681 12119 14746 D HeadsetService:  isAudioOn: The number of audio connected devices 0
08-30 17:32:42.681 12119 14746 D HeadsetService: isScoOrCallActive(): Call Active:falseCall is Ringing:falseSCO is Active:false
08-30 17:32:42.681 12119 14746 E HeadsetStateMachine: returning mCurrentState as Disconnected
08-30 17:32:42.681 12119 14746 D HeadsetService:  isAudioOn: The number of audio connected devices 0
08-30 17:32:42.681 12119 14746 I Avrcp_ext: updatePlayStatusForDevice: device: null
08-30 17:32:42.681 12119 14746 V Avrcp_ext: updatePlaybackState (1): old=PlaybackState {state=2, position=-1, buffered position=0, speed=0.0, updated=1829882722, actions=0, custom actions=[], active item id=-1, error=null}(2), new=PlaybackState {state=2, position=-1, buffered position=0, speed=0.0, updated=1829912163, actions=0, custom actions=[], active item id=-1, error=null}(2)
08-30 17:32:42.681 12119 14746 I Avrcp_ext: Exit updatePlayStatusForDevice
08-30 17:32:42.681   876   876 I Zygote  : Process 11273 exited due to signal 9 (Killed)
08-30 17:32:42.681 12119 14746 E HeadsetStateMachine: returning mCurrentState as Disconnected
08-30 17:32:42.681 12119 14746 D HeadsetService:  isAudioOn: The number of audio connected devices 0
08-30 17:32:42.681 12119 14746 D HeadsetService: isScoOrCallActive(): Call Active:falseCall is Ringing:falseSCO is Active:false
08-30 17:32:42.681 12119 14746 E HeadsetStateMachine: returning mCurrentState as Disconnected
08-30 17:32:42.681 12119 14746 D HeadsetService:  isAudioOn: The number of audio connected devices 0
08-30 17:32:42.681 12119 14746 I Avrcp_ext: updatePlayStatusForDevice: device: null
08-30 17:32:42.681 12119 14746 V Avrcp_ext: updatePlaybackState (1): old=PlaybackState {state=2, position=-1, buffered position=0, speed=0.0, updated=1829882722, actions=0, custom actions=[], active item id=-1, error=null}(2), new=PlaybackState {state=2, position=-1, buffered position=0, speed=0.0, updated=1829912163, actions=0, custom actions=[], active item id=-1, error=null}(2)
08-30 17:32:42.681 12119 14746 I Avrcp_ext: Exit updatePlayStatusForDevice
08-30 17:32:42.681 12119 14746 E HeadsetStateMachine: returning mCurrentState as Disconnected
08-30 17:32:42.681 12119 14746 D HeadsetService:  isAudioOn: The number of audio connected devices 0
08-30 17:32:42.681 12119 14746 D HeadsetService: isScoOrCallActive(): Call Active:falseCall is Ringing:falseSCO is Active:false
08-30 17:32:42.681 12119 14746 E HeadsetStateMachine: returning mCurrentState as Disconnected
08-30 17:32:42.681 12119 14746 D HeadsetService:  isAudioOn: The number of audio connected devices 0
08-30 17:32:42.681 12119 14746 I Avrcp_ext: updatePlayStatusForDevice: device: null
08-30 17:32:42.681 12119 14746 V Avrcp_ext: updatePlaybackState (1): old=PlaybackState {state=2, position=-1, buffered position=0, speed=0.0, updated=1829882722, actions=0, custom actions=[], active item id=-1, error=null}(2), new=PlaybackState {state=2, position=-1, buffered position=0, speed=0.0, updated=1829912163, actions=0, custom actions=[], active item id=-1, error=null}(2)
08-30 17:32:42.681 12119 14746 I Avrcp_ext: Exit updatePlayStatusForDevice
08-30 17:32:42.681 12119 14746 E HeadsetStateMachine: returning mCurrentState as Disconnected
08-30 17:32:42.681 12119 14746 D HeadsetService:  isAudioOn: The number of audio connected devices 0
08-30 17:32:42.681 12119 14746 D HeadsetService: isScoOrCallActive(): Call Active:falseCall is Ringing:falseSCO is Active:false
08-30 17:32:42.681 12119 14746 E HeadsetStateMachine: returning mCurrentState as Disconnected
08-30 17:32:42.681 12119 14746 D HeadsetService:  isAudioOn: The number of audio connected devices 0
08-30 17:32:42.681 12119 14746 I Avrcp_ext: updatePlayStatusForDevice: device: null
08-30 17:32:42.681 12119 14746 V Avrcp_ext: updatePlaybackState (1): old=PlaybackState {state=2, position=-1, buffered position=0, speed=0.0, updated=1829882722, actions=0, custom actions=[], active item id=-1, error=null}(2), new=PlaybackState {state=2, position=-1, buffered position=0, speed=0.0, updated=1829912163, actions=0, custom actions=[], active item id=-1, error=null}(2)
08-30 17:32:42.681 12119 14746 I Avrcp_ext: Exit updatePlayStatusForDevice
08-30 17:32:42.681 12119 14746 D Avrcp_ext: Enter sendPlayPosNotificationRsp
08-30 17:32:42.681 12119 14746 D Avrcp_ext: sendPlayPosNotificationRsp: Not registered or requesting.
08-30 17:32:42.681 12119 14746 D Avrcp_ext: Enter sendPlayPosNotificationRsp
08-30 17:32:42.681 12119 14746 D Avrcp_ext: sendPlayPosNotificationRsp: Not registered or requesting.
08-30 17:32:42.681 12119 14746 D Avrcp_ext: Enter sendPlayPosNotificationRsp
08-30 17:32:42.681 12119 14746 D Avrcp_ext: sendPlayPosNotificationRsp: Not registered or requesting.
08-30 17:32:42.681 12119 14746 D Avrcp_ext: Enter sendPlayPosNotificationRsp
08-30 17:32:42.681 12119 14746 D Avrcp_ext: sendPlayPosNotificationRsp: Not registered or requesting.
08-30 17:32:42.681 12119 14746 D Avrcp_ext: Enter sendPlayPosNotificationRsp
08-30 17:32:42.681 12119 14746 D Avrcp_ext: sendPlayPosNotificationRsp: Not registered or requesting.
08-30 17:32:42.681 12119 14746 V Avrcp_ext: Exit updatePlayerStateAndPosition
08-30 17:32:42.681 12119 14746 D Avrcp_ext: AudioManager Player: AudioPlaybackConfiguration piid:105735 type:android.media.SoundPool u/pid:10085/29339 state:idle attr:AudioAttributes: usage=USAGE_ASSISTANCE_SONIFICATION content=CONTENT_TYPE_SONIFICATION flags=0x800 tags= bundle=null
08-30 17:32:42.681 12119 14746 D Avrcp_ext: AudioManager Player: AudioPlaybackConfiguration piid:39 type:android.media.SoundPool u/pid:1027/4582 state:idle attr:AudioAttributes: usage=USAGE_ASSISTANCE_SONIFICATION content=CONTENT_TYPE_SONIFICATION flags=0x800 tags= bundle=null
08-30 17:32:42.681 12119 14746 D Avrcp_ext: AudioManager Player: AudioPlaybackConfiguration piid:77583 type:android.media.SoundPool u/pid:1000/1677 state:idle attr:AudioAttributes: usage=USAGE_ASSISTANCE_SONIFICATION content=CONTENT_TYPE_SONIFICATION flags=0x800 tags= bundle=null
08-30 17:32:42.681 12119 14746 D Avrcp_ext: AudioManager Player: AudioPlaybackConfiguration piid:84879 type:android.media.SoundPool u/pid:10261/8330 state:idle attr:AudioAttributes: usage=USAGE_ASSISTANCE_SONIFICATION content=CONTENT_TYPE_SONIFICATION flags=0x800 tags= bundle=null
08-30 17:32:42.681 12119 14746 D Avrcp_ext: AudioManager isPlaying: false
08-30 17:32:42.681   966  1786 D audio_hw_primary: adev_get_parameters:somc.media_vibration_path
08-30 17:32:42.681   966  1786 D soundtrigger: audio_extn_sound_trigger_get_parameters input string<somc.media_vibration_path=>
08-30 17:32:42.681   966  1786 D soundtrigger: extract_sm_handle input string <somc.media_vibration_path=> param string <somc.media_vibration_path=>
08-30 17:32:42.681   966  1786 D audio_hw_extn: audio_extn_fm_get_parameters: Enter
08-30 17:32:42.681   966  1786 E audio_ext_hw_plugin: [ext_hw_plugin_get_parameters] received null pointer
08-30 17:32:42.681   966  1786 D audio_hw_extn: audio_extn_get_parameters: returns 
08-30 17:32:42.681   966  1786 D audio_hw_primary: adev_get_parameters: exit: returns - somc.media_vibration_path=0
08-30 17:32:42.682  1117  1500 I hash_map_utils: key: 'somc.media_vibration_path' value: ''
08-30 17:32:42.684   966  1786 D audio_hw_primary: adev_get_parameters:somc.media_vibration_path
08-30 17:32:42.684   966  1786 D soundtrigger: audio_extn_sound_trigger_get_parameters input string<somc.media_vibration_path=>
08-30 17:32:42.684   966  1786 D soundtrigger: extract_sm_handle input string <somc.media_vibration_path=> param string <somc.media_vibration_path=>
08-30 17:32:42.684   966  1786 D audio_hw_extn: audio_extn_fm_get_parameters: Enter
08-30 17:32:42.684   966  1786 E audio_ext_hw_plugin: [ext_hw_plugin_get_parameters] received null pointer
08-30 17:32:42.684   966  1786 D audio_hw_extn: audio_extn_get_parameters: returns 
08-30 17:32:42.684   966  1786 D audio_hw_primary: adev_get_parameters: exit: returns - somc.media_vibration_path=0
08-30 17:32:42.684  1117  3133 I hash_map_utils: key: 'somc.media_vibration_path' value: ''
08-30 17:32:42.686   966  1786 D audio_hw_primary: adev_set_parameters: enter: package_name=com.ZmassProductions.GravitySpace
08-30 17:32:42.686  1677  1743 I libprocessgroup: Successfully killed process cgroup uid 10590 pid 11273 in 303ms
08-30 17:32:42.686   966  1786 D audio_hw_hfp: hfp_set_parameters: enter
08-30 17:32:42.686   966  1786 D audio_hw_extn: audio_extn_fm_set_parameters: Enter
08-30 17:32:42.686   966  1786 E audio_ext_hw_plugin: [ext_hw_plugin_set_parameters] received null pointer
08-30 17:32:42.687  1117  1750 W AudioFlinger: Mismatch Effect thread id for bypass update
08-30 17:32:42.688   966  1786 D audio_hw_primary: adev_set_parameters: enter: package_name=com.ZmassProductions.GravitySpace
08-30 17:32:42.688   966  1786 D audio_hw_hfp: hfp_set_parameters: enter
08-30 17:32:42.688   966  1786 D audio_hw_extn: audio_extn_fm_set_parameters: Enter
08-30 17:32:42.688   966  1786 E audio_ext_hw_plugin: [ext_hw_plugin_set_parameters] received null pointer
08-30 17:32:42.688  1677  5333 V ActivityTaskManager: Calling mServicetracker.OnActivityStateChange with flag truestateDESTROYED
08-30 17:32:42.688  1677  5333 V ActivityTaskManager: Calling mServicetracker.OnActivityStateChange with flag falsestateDESTROYED
08-30 17:32:42.689  1677  5333 V ActivityTaskManager: Calling mServicetracker.OnActivityStateChange with flag truestateDESTROYED
08-30 17:32:42.708  1117  1750 W AudioFlinger: Mismatch Effect thread id for bypass update
08-30 17:32:42.737  1677  5333 I system_server: oneway function results will be dropped but finished with status OK and parcel size 4
08-30 17:32:42.737   966  2054 D msm8974_platform: platform_split_snd_device: snd_device(2) num devices(1) new_snd_devices(0)
08-30 17:32:42.737   966  2054 W msm8974_platform: platform_send_gain_dep_cal: Usecase list is empty
08-30 17:32:42.738  1117  1492 W APM::AudioPolicyEngine: getDevicesForStrategy() unknown strategy: -1
08-30 17:32:42.738  1117  1492 W APM::AudioPolicyEngine: getDevicesForStrategy() unknown strategy: -1
08-30 17:32:42.872   613   613 E SELinux : avc:  denied  { find } for pid=27772 uid=10392 name=tethering scontext=u:r:vendor_systemhelper_app:s0:c512,c768 tcontext=u:object_r:tethering_service:s0 tclass=service_manager permissive=0
08-30 17:32:43.074   613   613 I chatty  : uid=1000(system) /system/bin/servicemanager identical 1 line
08-30 17:32:43.277   613   613 E SELinux : avc:  denied  { find } for pid=27772 uid=10392 name=tethering scontext=u:r:vendor_systemhelper_app:s0:c512,c768 tcontext=u:object_r:tethering_service:s0 tclass=service_manager permissive=0
08-30 17:32:43.389   966  1786 D audio_hw_primary: adev_get_parameters:somc.media_vibration_path
08-30 17:32:43.389   966  1786 D soundtrigger: audio_extn_sound_trigger_get_parameters input string<somc.media_vibration_path=>
08-30 17:32:43.389   966  1786 D soundtrigger: extract_sm_handle input string <somc.media_vibration_path=> param string <somc.media_vibration_path=>
08-30 17:32:43.389   966  1786 D audio_hw_extn: audio_extn_fm_get_parameters: Enter
08-30 17:32:43.389   966  1786 E audio_ext_hw_plugin: [ext_hw_plugin_get_parameters] received null pointer
08-30 17:32:43.389   966  1786 D audio_hw_extn: audio_extn_get_parameters: returns 
08-30 17:32:43.389   966  1786 D audio_hw_primary: adev_get_parameters: exit: returns - somc.media_vibration_path=0
08-30 17:32:43.390  1117  3133 I hash_map_utils: key: 'somc.media_vibration_path' value: ''
08-30 17:32:43.392   966  1786 D audio_hw_primary: adev_get_parameters:somc.media_vibration_path
08-30 17:32:43.392   966  1786 D soundtrigger: audio_extn_sound_trigger_get_parameters input string<somc.media_vibration_path=>
08-30 17:32:43.392   966  1786 D soundtrigger: extract_sm_handle input string <somc.media_vibration_path=> param string <somc.media_vibration_path=>
08-30 17:32:43.392   966  1786 D audio_hw_extn: audio_extn_fm_get_parameters: Enter
08-30 17:32:43.392   966  1786 E audio_ext_hw_plugin: [ext_hw_plugin_get_parameters] received null pointer
08-30 17:32:43.392   966  1786 D audio_hw_extn: audio_extn_get_parameters: returns 
08-30 17:32:43.392   966  1786 D audio_hw_primary: adev_get_parameters: exit: returns - somc.media_vibration_path=0
08-30 17:32:43.392  1117  3133 I hash_map_utils: key: 'somc.media_vibration_path' value: ''
08-30 17:32:43.479   613   613 E SELinux : avc:  denied  { find } for pid=27772 uid=10392 name=tethering scontext=u:r:vendor_systemhelper_app:s0:c512,c768 tcontext=u:object_r:tethering_service:s0 tclass=service_manager permissive=0
08-30 17:32:43.717  1677  1677 D CompatibilityChangeReporter: Compat change id reported: 135634846; UID 10121; state: DISABLED
08-30 17:32:43.717  1677  1677 D CompatibilityChangeReporter: Compat change id reported: 135754954; UID 10121; state: ENABLED
08-30 17:32:43.717  1677  1733 D CompatibilityChangeReporter: Compat change id reported: 143937733; UID 10121; state: ENABLED
08-30 17:32:43.681   613   613 E SELinux : avc:  denied  { find } for pid=27772 uid=10392 name=tethering scontext=u:r:vendor_systemhelper_app:s0:c512,c768 tcontext=u:object_r:tethering_service:s0 tclass=service_manager permissive=0
08-30 17:32:43.734 11868 11868 I Finsky  : [2] ski.onStartJob(4): SCH: job service start with id 9734.
08-30 17:32:43.738   876   876 D Zygote  : Forked child process 12409
08-30 17:32:43.739  1677  1733 I ActivityManager: Start proc 12409:com.google.android.youtube/u0a121 for service {com.google.android.youtube/androidx.work.impl.background.systemjob.SystemJobService}
08-30 17:32:43.748 11868 11914 I Finsky  : [422121] six.a(92): SCH: Satisfied jobs for 9734 are: 29-29
08-30 17:32:43.748 12409 12409 E android.youtub: Not starting debugger since process cannot load the jdwp agent.
08-30 17:32:43.749 11868 11957 I Finsky  : [422152] sck.accept(46): SCH: Job 29-29 starting
08-30 17:32:43.754 11868 12427 I Finsky  : [422181] xke.d(0): ProcessRecoveryLogsUtil: No files in recovery directory
08-30 17:32:43.754 11868 12427 I Finsky  : [422181] sis.r(4): SCH: jobFinished: 29-29. TimeElapsed: 3ms.
08-30 17:32:43.767 12409 12409 I android.youtub: The ClassLoaderContext is a special shared library.
08-30 17:32:43.779 11868 11916 I Finsky  : [422122] rtc.accept(26): SCH: Scheduling phonesky job Id: 26-1414141414, CT: 1661858853956, Constraints: [{ L: 43199999, D: 44099999, C: 1, I: 1, N: 0 }]
08-30 17:32:43.807 11868 11922 I Finsky  : [422124] scl.apply(62): SCH: Scheduling 1 system job(s)
08-30 17:32:43.808 11868 11922 I Finsky  : [422124] scl.apply(68): SCH: Scheduling system job Id: 9751, L: 6890148, D: 7790148, C: false, I: false, N: 0
08-30 17:32:43.837 11868 11957 I Finsky  : [422152] ski.a(16): SCH: job service finished with id 9734.
08-30 17:32:43.846 12409 12409 W android.youtub: JIT profile information will not be recorded: profile file does not exist.
08-30 17:32:43.846 12409 12409 I chatty  : uid=10121(com.google.android.youtube) identical 2 lines
08-30 17:32:43.846 12409 12409 W android.youtub: JIT profile information will not be recorded: profile file does not exist.
08-30 17:32:43.854 12409 12409 I Perf    : Connecting to perf service.
08-30 17:32:43.860 12409 12409 D NetworkSecurityConfig: Using Network Security Config from resource network_security_config debugBuild: false
08-30 17:32:43.861 12409 12409 D NetworkSecurityConfig: Using Network Security Config from resource network_security_config debugBuild: false
08-30 17:32:43.883   613   613 E SELinux : avc:  denied  { find } for pid=27772 uid=10392 name=tethering scontext=u:r:vendor_systemhelper_app:s0:c512,c768 tcontext=u:object_r:tethering_service:s0 tclass=service_manager permissive=0
08-30 17:32:43.978 12409 12409 W android.youtub: Accessing hidden field Ljava/util/Collections$SynchronizedCollection;->mutex:Ljava/lang/Object; (greylist-max-o, reflection, denied)
08-30 17:32:43.979 12409 12409 W android.youtub: Accessing hidden method Ljava/util/Collections$SynchronizedSet;-><init>(Ljava/util/Set;Ljava/lang/Object;)V (greylist-max-o, reflection, denied)
08-30 17:32:43.979 12409 12409 W android.youtub: Accessing hidden method Ljava/util/Collections$SynchronizedCollection;-><init>(Ljava/util/Collection;Ljava/lang/Object;)V (greylist-max-o, reflection, denied)
08-30 17:32:44.009 12409 12439 I TetheringManager: registerTetheringEventCallback:com.google.android.youtube
08-30 17:32:44.010 12409 12440 W GooglePlayServicesUtil: Google Play services out of date for com.google.android.youtube.  Requires 223280000 but found 222615037
08-30 17:32:44.030  1677  4479 D ConnectivityService: requestNetwork for uid/pid:10121/12409 NetworkRequest [ TRACK_DEFAULT id=94015, [ Capabilities: INTERNET&NOT_RESTRICTED&TRUSTED Uid: 10121 AdministratorUids: [] RequestorUid: 10121 RequestorPackageName: com.google.android.youtube] ]
08-30 17:32:44.031  1677  2041 D ConnectivityService: NetReassign [94015 : null → 193]
